[2m2026-09-22T12:51:55.257940Z[0m [32m INFO[0m [2mharness::experiment[0m[2m:[0m experiment manifest written [3mmanifest[0m[2m=[0m/home/ayin/projs/ARCMiS/experiments/220926/runs/expr/ledger/openbmb_minicpm5-2b:q8_0/rep5/manifest.json
[2m2026-09-22T12:51:55.257969Z[0m [32m INFO[0m [2mharness[0m[2m:[0m migration run started [3mmodel[0m[2m=[0mopenbmb/minicpm5-2b:q8_0 [3mmax_turns[0m[2m=[0m14 [3mnum_ctx[0m[2m=[0m16384 [3moutput_dir[0m[2m=[0m/home/ayin/projs/ARCMiS/experiments/220926/runs/expr/ledger/openbmb_minicpm5-2b:q8_0/rep5/workspace
[2m2026-09-22T12:51:55.264519Z[0m [33m WARN[0m [2magents::util::sources[0m[2m:[0m input file truncated to context cap [3mfile[0m[2m=[0mmapper_expr.c [3mper_file_cap[0m[2m=[0m16384
[2m2026-09-22T12:51:55.264550Z[0m [32m INFO[0m [2magents::util::sources[0m[2m:[0m collected input sources [3mroot[0m[2m=[0massets/expr/C [3mfiles[0m[2m=[0m6 [3mper_file_cap[0m[2m=[0m16384
[2m2026-09-22T12:51:55.264698Z[0m [32m INFO[0m [2mrig_agent::agent::prompt_request::streaming[0m[2m:[0m Current conversation Turns: 1/14
[2m2026-09-22T12:51:55.264705Z[0m [32m INFO[0m [2mharness::run_log[0m[2m:[0m model call [3mturn[0m[2m=[0m1
[2m2026-09-22T12:52:04.183162Z[0m [32m INFO[0m [1mexecute_tool[0m[1m{[0m[3mgen_ai.operation.name[0m[2m=[0m"execute_tool" [3mgen_ai.tool.type[0m[2m=[0m"function" [3mgen_ai.tool.name[0m[2m=[0m"ledger_worker" [3mgen_ai.tool.call.id[0m[2m=[0m"EBvytghQyYZYRyCehO1iPmCsPVRhL5KF"[1m}[0m[2m:[0m [2mharness::run_log[0m[2m:[0m tool call [3mturn[0m[2m=[0m1 [3mtool[0m[2m=[0m"ledger_worker" [3margs[0m[2m=[0m{"prompt":"## Task: Brainstorm & Analyze Core Difficulties\n\nYou are translating a C expression evaluator (libmapper) from `mapper_expr.c` / `mapper_expr.h` to Rust. Before writing any code, I need y...
[2m2026-09-22T12:52:26.696688Z[0m [32m INFO[0m [2mrig_agent::agent::prompt_request::streaming[0m[2m:[0m Current conversation Turns: 2/14
[2m2026-09-22T12:52:26.696696Z[0m [32m INFO[0m [2mharness::run_log[0m[2m:[0m model call [3mturn[0m[2m=[0m2
[2m2026-09-22T12:52:32.184554Z[0m [32m INFO[0m [1mexecute_tool[0m[1m{[0m[3mgen_ai.operation.name[0m[2m=[0m"execute_tool" [3mgen_ai.tool.type[0m[2m=[0m"function" [3mgen_ai.tool.name[0m[2m=[0m"ledger_worker" [3mgen_ai.tool.call.id[0m[2m=[0m"Nfqc2BcOeXU6s7f2Kqf2sIDnVcQD8qXv"[1m}[0m[2m:[0m [2mharness::run_log[0m[2m:[0m tool call [3mturn[0m[2m=[0m2 [3mtool[0m[2m=[0m"ledger_worker" [3margs[0m[2m=[0m{"prompt":"## Task: Brainstorm & Analyze Core Difficulties\n\nYou are translating a C expression evaluator (libmapper) from `mapper_expr.c` / `mapper_expr.h` to Rust. Before writing any code, I need y...
[2m2026-09-22T12:52:54.713377Z[0m [32m INFO[0m [2mrig_agent::agent::prompt_request::streaming[0m[2m:[0m Current conversation Turns: 3/14
[2m2026-09-22T12:52:54.713387Z[0m [32m INFO[0m [2mharness::run_log[0m[2m:[0m model call [3mturn[0m[2m=[0m3
[2m2026-09-22T12:53:00.300680Z[0m [32m INFO[0m [1mexecute_tool[0m[1m{[0m[3mgen_ai.operation.name[0m[2m=[0m"execute_tool" [3mgen_ai.tool.type[0m[2m=[0m"function" [3mgen_ai.tool.name[0m[2m=[0m"ledger_worker" [3mgen_ai.tool.call.id[0m[2m=[0m"4PgroV85ZDEGYYpLRuyailWMVarLpEAX"[1m}[0m[2m:[0m [2mharness::run_log[0m[2m:[0m tool call [3mturn[0m[2m=[0m3 [3mtool[0m[2m=[0m"ledger_worker" [3margs[0m[2m=[0m{"prompt":"## Task: Brainstorm & Analyze Core Difficulties\n\nYou are translating a C expression evaluator (libmapper) from `mapper_expr.c` / `mapper_expr.h` to Rust. Before writing any code, I need y...
[2m2026-09-22T12:53:22.775876Z[0m [32m INFO[0m [2mrig_agent::agent::prompt_request::streaming[0m[2m:[0m Current conversation Turns: 4/14
[2m2026-09-22T12:53:22.775883Z[0m [32m INFO[0m [2mharness::run_log[0m[2m:[0m model call [3mturn[0m[2m=[0m4
[2m2026-09-22T12:53:28.512633Z[0m [32m INFO[0m [1mexecute_tool[0m[1m{[0m[3mgen_ai.operation.name[0m[2m=[0m"execute_tool" [3mgen_ai.tool.type[0m[2m=[0m"function" [3mgen_ai.tool.name[0m[2m=[0m"ledger_worker" [3mgen_ai.tool.call.id[0m[2m=[0m"5PmfPlKtSjDb444h0xyNi9Xi4QlM2m9e"[1m}[0m[2m:[0m [2mharness::run_log[0m[2m:[0m tool call [3mturn[0m[2m=[0m4 [3mtool[0m[2m=[0m"ledger_worker" [3margs[0m[2m=[0m{"prompt":"## Task: Brainstorm & Analyze Core Difficulties\n\nYou are translating a C expression evaluator (libmapper) from `mapper_expr.c` / `mapper_expr.h` to Rust. Before writing any code, I need y...
[2m2026-09-22T12:53:50.975400Z[0m [32m INFO[0m [2mrig_agent::agent::prompt_request::streaming[0m[2m:[0m Current conversation Turns: 5/14
[2m2026-09-22T12:53:50.975412Z[0m [32m INFO[0m [2mharness::run_log[0m[2m:[0m model call [3mturn[0m[2m=[0m5
[2m2026-09-22T12:53:56.807860Z[0m [32m INFO[0m [1mexecute_tool[0m[1m{[0m[3mgen_ai.operation.name[0m[2m=[0m"execute_tool" [3mgen_ai.tool.type[0m[2m=[0m"function" [3mgen_ai.tool.name[0m[2m=[0m"ledger_worker" [3mgen_ai.tool.call.id[0m[2m=[0m"6BTi0ypyHXfohqshhOgLX0DUleQbqJVZ"[1m}[0m[2m:[0m [2mharness::run_log[0m[2m:[0m tool call [3mturn[0m[2m=[0m5 [3mtool[0m[2m=[0m"ledger_worker" [3margs[0m[2m=[0m{"prompt":"## Task: Brainstorm & Analyze Core Difficulties\n\nYou are translating a C expression evaluator (libmapper) from `mapper_expr.c` / `mapper_expr.h` to Rust. Before writing any code, I need y...
[2m2026-09-22T12:54:19.291462Z[0m [32m INFO[0m [2mrig_agent::agent::prompt_request::streaming[0m[2m:[0m Current conversation Turns: 6/14
[2m2026-09-22T12:54:19.291477Z[0m [32m INFO[0m [2mharness::run_log[0m[2m:[0m model call [3mturn[0m[2m=[0m6
[2m2026-09-22T12:54:25.453376Z[0m [32m INFO[0m [1mexecute_tool[0m[1m{[0m[3mgen_ai.operation.name[0m[2m=[0m"execute_tool" [3mgen_ai.tool.type[0m[2m=[0m"function" [3mgen_ai.tool.name[0m[2m=[0m"ledger_worker" [3mgen_ai.tool.call.id[0m[2m=[0m"HgHR0zX3KDlj7oamKsjs3mM77G4jqpGM"[1m}[0m[2m:[0m [2mharness::run_log[0m[2m:[0m tool call [3mturn[0m[2m=[0m6 [3mtool[0m[2m=[0m"ledger_worker" [3margs[0m[2m=[0m{"prompt":"## Task: Brainstorm & Analyze Core Difficulties\n\nYou are translating a C expression evaluator (libmapper) from `mapper_expr.c` / `mapper_expr.h` to Rust. Before writing any code, I need y...
[2m2026-09-22T12:54:47.905759Z[0m [32m INFO[0m [2mrig_agent::agent::prompt_request::streaming[0m[2m:[0m Current conversation Turns: 7/14
[2m2026-09-22T12:54:47.905769Z[0m [32m INFO[0m [2mharness::run_log[0m[2m:[0m model call [3mturn[0m[2m=[0m7
[2m2026-09-22T12:54:54.028157Z[0m [32m INFO[0m [1mexecute_tool[0m[1m{[0m[3mgen_ai.operation.name[0m[2m=[0m"execute_tool" [3mgen_ai.tool.type[0m[2m=[0m"function" [3mgen_ai.tool.name[0m[2m=[0m"ledger_worker" [3mgen_ai.tool.call.id[0m[2m=[0m"3BH0p2sBkifKXOVISxT0LjHEFmoQVr1f"[1m}[0m[2m:[0m [2mharness::run_log[0m[2m:[0m tool call [3mturn[0m[2m=[0m7 [3mtool[0m[2m=[0m"ledger_worker" [3margs[0m[2m=[0m{"prompt":"## Task: Brainstorm & Analyze Core Difficulties\n\nYou are translating a C expression evaluator (libmapper) from `mapper_expr.c` / `mapper_expr.h` to Rust. Before writing any code, I need y...
[2m2026-09-22T12:55:16.520268Z[0m [32m INFO[0m [2mrig_agent::agent::prompt_request::streaming[0m[2m:[0m Current conversation Turns: 8/14
[2m2026-09-22T12:55:16.520279Z[0m [32m INFO[0m [2mharness::run_log[0m[2m:[0m model call [3mturn[0m[2m=[0m8
[2m2026-09-22T12:55:22.700906Z[0m [32m INFO[0m [1mexecute_tool[0m[1m{[0m[3mgen_ai.operation.name[0m[2m=[0m"execute_tool" [3mgen_ai.tool.type[0m[2m=[0m"function" [3mgen_ai.tool.name[0m[2m=[0m"ledger_worker" [3mgen_ai.tool.call.id[0m[2m=[0m"LPZT5sBO04hS1fZ84FUSR2Zw3M7slCVV"[1m}[0m[2m:[0m [2mharness::run_log[0m[2m:[0m tool call [3mturn[0m[2m=[0m8 [3mtool[0m[2m=[0m"ledger_worker" [3margs[0m[2m=[0m{"prompt":"## Task: Brainstorm & Analyze Core Difficulties\n\nYou are translating a C expression evaluator (libmapper) from `mapper_expr.c` / `mapper_expr.h` to Rust. Before writing any code, I need y...
[2m2026-09-22T12:55:23.014489Z[0m [32m INFO[0m [2mrig_agent::agent::prompt_request::streaming[0m[2m:[0m Current conversation Turns: 9/14
[2m2026-09-22T12:55:23.014501Z[0m [32m INFO[0m [2mharness::run_log[0m[2m:[0m model call [3mturn[0m[2m=[0m9
[2m2026-09-22T12:55:29.291538Z[0m [32m INFO[0m [1mexecute_tool[0m[1m{[0m[3mgen_ai.operation.name[0m[2m=[0m"execute_tool" [3mgen_ai.tool.type[0m[2m=[0m"function" [3mgen_ai.tool.name[0m[2m=[0m"ledger_worker" [3mgen_ai.tool.call.id[0m[2m=[0m"6ZDcx2vRFh4etz25JeM2Vm7MQdFLWUko"[1m}[0m[2m:[0m [2mharness::run_log[0m[2m:[0m tool call [3mturn[0m[2m=[0m9 [3mtool[0m[2m=[0m"ledger_worker" [3margs[0m[2m=[0m{"prompt":"## Task: Brainstorm & Analyze Core Difficulties\n\nYou are translating a C expression evaluator (libmapper) from `mapper_expr.c` / `mapper_expr.h` to Rust. Before writing any code, I need y...
[2m2026-09-22T12:55:51.781262Z[0m [32m INFO[0m [2mrig_agent::agent::prompt_request::streaming[0m[2m:[0m Current conversation Turns: 10/14
[2m2026-09-22T12:55:51.781270Z[0m [32m INFO[0m [2mharness::run_log[0m[2m:[0m model call [3mturn[0m[2m=[0m10
[2m2026-09-22T12:55:58.206577Z[0m [32m INFO[0m [1mexecute_tool[0m[1m{[0m[3mgen_ai.operation.name[0m[2m=[0m"execute_tool" [3mgen_ai.tool.type[0m[2m=[0m"function" [3mgen_ai.tool.name[0m[2m=[0m"ledger_worker" [3mgen_ai.tool.call.id[0m[2m=[0m"QybjCaZFwNjiPQbpRXmMtXOZU47LOXXM"[1m}[0m[2m:[0m [2mharness::run_log[0m[2m:[0m tool call [3mturn[0m[2m=[0m10 [3mtool[0m[2m=[0m"ledger_worker" [3margs[0m[2m=[0m{"prompt":"## Task: Brainstorm & Analyze Core Difficulties\n\nYou are translating a C expression evaluator (libmapper) from `mapper_expr.c` / `mapper_expr.h` to Rust. Before writing any code, I need y...
[2m2026-09-22T12:56:20.676427Z[0m [32m INFO[0m [2mrig_agent::agent::prompt_request::streaming[0m[2m:[0m Current conversation Turns: 11/14
[2m2026-09-22T12:56:20.676435Z[0m [32m INFO[0m [2mharness::run_log[0m[2m:[0m model call [3mturn[0m[2m=[0m11
[2m2026-09-22T12:56:27.154535Z[0m [32m INFO[0m [1mexecute_tool[0m[1m{[0m[3mgen_ai.operation.name[0m[2m=[0m"execute_tool" [3mgen_ai.tool.type[0m[2m=[0m"function" [3mgen_ai.tool.name[0m[2m=[0m"ledger_worker" [3mgen_ai.tool.call.id[0m[2m=[0m"UouUbiCpGt4EkdS7Z1F3QSulhNVPGmKs"[1m}[0m[2m:[0m [2mharness::run_log[0m[2m:[0m tool call [3mturn[0m[2m=[0m11 [3mtool[0m[2m=[0m"ledger_worker" [3margs[0m[2m=[0m{"prompt":"## Task: Brainstorm & Analyze Core Difficulties\n\nYou are translating a C expression evaluator (libmapper) from `mapper_expr.c` / `mapper_expr.h` to Rust. Before writing any code, I need y...
[2m2026-09-22T12:56:49.596188Z[0m [32m INFO[0m [2mrig_agent::agent::prompt_request::streaming[0m[2m:[0m Current conversation Turns: 12/14
[2m2026-09-22T12:56:49.596196Z[0m [32m INFO[0m [2mharness::run_log[0m[2m:[0m model call [3mturn[0m[2m=[0m12
[2m2026-09-22T12:56:56.650144Z[0m [32m INFO[0m [1mexecute_tool[0m[1m{[0m[3mgen_ai.operation.name[0m[2m=[0m"execute_tool" [3mgen_ai.tool.type[0m[2m=[0m"function" [3mgen_ai.tool.name[0m[2m=[0m"ledger_worker" [3mgen_ai.tool.call.id[0m[2m=[0m"78D8ann8JYEe1R4P2eM8aHPzxGwdmej5"[1m}[0m[2m:[0m [2mharness::run_log[0m[2m:[0m tool call [3mturn[0m[2m=[0m12 [3mtool[0m[2m=[0m"ledger_worker" [3margs[0m[2m=[0m{"prompt":"## Task: Brainstorm & Analyze Core Difficulties\n\nYou are translating a C expression evaluator (libmapper) from `mapper_expr.c` / `mapper_expr.h` to Rust. Before writing any code, I need y...
[2m2026-09-22T12:56:56.929926Z[0m [32m INFO[0m [2mrig_agent::agent::prompt_request::streaming[0m[2m:[0m Current conversation Turns: 13/14
[2m2026-09-22T12:56:56.929933Z[0m [32m INFO[0m [2mharness::run_log[0m[2m:[0m model call [3mturn[0m[2m=[0m13
[2m2026-09-22T12:57:03.121956Z[0m [32m INFO[0m [1mexecute_tool[0m[1m{[0m[3mgen_ai.operation.name[0m[2m=[0m"execute_tool" [3mgen_ai.tool.type[0m[2m=[0m"function" [3mgen_ai.tool.name[0m[2m=[0m"ledger_worker" [3mgen_ai.tool.call.id[0m[2m=[0m"0aO9g0tKLtNv4UN05w4JPMKwscKUcU59"[1m}[0m[2m:[0m [2mharness::run_log[0m[2m:[0m tool call [3mturn[0m[2m=[0m13 [3mtool[0m[2m=[0m"ledger_worker" [3margs[0m[2m=[0m{"prompt":"## Task: Brainstorm & Analyze Core Difficulties\n\nYou are translating a C expression evaluator (libmapper) from `mapper_expr.c` / `mapper_expr.h` to Rust. Before writing any code, I need y...
[2m2026-09-22T12:57:25.618282Z[0m [32m INFO[0m [2mrig_agent::agent::prompt_request::streaming[0m[2m:[0m Current conversation Turns: 14/14
[2m2026-09-22T12:57:25.618290Z[0m [32m INFO[0m [2mharness::run_log[0m[2m:[0m model call [3mturn[0m[2m=[0m14
[2m2026-09-22T12:57:31.716986Z[0m [32m INFO[0m [1mexecute_tool[0m[1m{[0m[3mgen_ai.operation.name[0m[2m=[0m"execute_tool" [3mgen_ai.tool.type[0m[2m=[0m"function" [3mgen_ai.tool.name[0m[2m=[0m"ledger_worker" [3mgen_ai.tool.call.id[0m[2m=[0m"iPc9UMpeyyRXuPrOebJoqLYn8sIpBq0l"[1m}[0m[2m:[0m [2mharness::run_log[0m[2m:[0m tool call [3mturn[0m[2m=[0m14 [3mtool[0m[2m=[0m"ledger_worker" [3margs[0m[2m=[0m{"prompt":"## Task: Brainstorm & Analyze Core Difficulties\n\nYou are translating a C expression evaluator (libmapper) from `mapper_expr.c` / `mapper_expr.h` to Rust. Before writing any code, I need y...
[2m2026-09-22T12:57:32.008038Z[0m [32m INFO[0m [2mharness::offload[0m[2m:[0m offloading model [3mmodel[0m[2m=[0mopenbmb/minicpm5-2b:q8_0
[2m2026-09-22T12:57:32.104230Z[0m [31mERROR[0m [2mharness[0m[2m:[0m harness run failed [3merror[0m[2m=[0mMaxTurnsError: reached max turns limit: 14
