[2m2026-09-22T12:58:34.863031Z[0m [32m INFO[0m [2mharness::experiment[0m[2m:[0m experiment manifest written [3mmanifest[0m[2m=[0m/home/ayin/projs/ARCMiS/experiments/220926/runs/expr/recode/openbmb_minicpm5-2b:q8_0/rep3/manifest.json
[2m2026-09-22T12:58:34.863061Z[0m [32m INFO[0m [2mharness[0m[2m:[0m migration run started [3mmodel[0m[2m=[0mopenbmb/minicpm5-2b:q8_0 [3mmax_turns[0m[2m=[0m40 [3mnum_ctx[0m[2m=[0m16384 [3moutput_dir[0m[2m=[0m/home/ayin/projs/ARCMiS/experiments/220926/runs/expr/recode/openbmb_minicpm5-2b:q8_0/rep3/workspace
[2m2026-09-22T12:58:34.868520Z[0m [33m WARN[0m [2magents::util::sources[0m[2m:[0m input file truncated to context cap [3mfile[0m[2m=[0mmapper_expr.c [3mper_file_cap[0m[2m=[0m16384
[2m2026-09-22T12:58:34.868540Z[0m [32m INFO[0m [2magents::util::sources[0m[2m:[0m collected input sources [3mroot[0m[2m=[0massets/expr/C [3mfiles[0m[2m=[0m6 [3mper_file_cap[0m[2m=[0m16384
[2m2026-09-22T12:58:34.868651Z[0m [32m INFO[0m [2mrig_agent::agent::prompt_request::streaming[0m[2m:[0m Current conversation Turns: 1/40
[2m2026-09-22T12:58:38.322883Z[0m [32m INFO[0m [2mrig_agent::agent::prompt_request::streaming[0m[2m:[0m Current conversation Turns: 2/40
[2m2026-09-22T12:58:40.614313Z[0m [32m INFO[0m [2mrig_agent::agent::prompt_request::streaming[0m[2m:[0m Current conversation Turns: 3/40
[2m2026-09-22T12:58:42.127312Z[0m [32m INFO[0m [2mrig_agent::agent::prompt_request::streaming[0m[2m:[0m Current conversation Turns: 4/40
[2m2026-09-22T12:58:42.449020Z[0m [32m INFO[0m [2mrig_agent::agent::prompt_request::streaming[0m[2m:[0m Current conversation Turns: 5/40
[2m2026-09-22T12:58:44.265917Z[0m [32m INFO[0m [2mrig_agent::agent::prompt_request::streaming[0m[2m:[0m Current conversation Turns: 6/40
[2m2026-09-22T12:58:46.718868Z[0m [32m INFO[0m [2mrig_agent::agent::prompt_request::streaming[0m[2m:[0m Current conversation Turns: 7/40
[2m2026-09-22T12:58:48.631732Z[0m [32m INFO[0m [2mrig_agent::agent::prompt_request::streaming[0m[2m:[0m Current conversation Turns: 8/40
[2m2026-09-22T12:58:50.556877Z[0m [32m INFO[0m [2mrig_agent::agent::prompt_request::streaming[0m[2m:[0m Current conversation Turns: 9/40
[2m2026-09-22T12:58:52.468721Z[0m [32m INFO[0m [2mrig_agent::agent::prompt_request::streaming[0m[2m:[0m Current conversation Turns: 10/40
[2m2026-09-22T12:58:54.419612Z[0m [32m INFO[0m [2mrig_agent::agent::prompt_request::streaming[0m[2m:[0m Current conversation Turns: 11/40
[2m2026-09-22T12:58:56.401040Z[0m [32m INFO[0m [2mrig_agent::agent::prompt_request::streaming[0m[2m:[0m Current conversation Turns: 12/40
[2m2026-09-22T12:58:58.382780Z[0m [32m INFO[0m [2mrig_agent::agent::prompt_request::streaming[0m[2m:[0m Current conversation Turns: 13/40
[2m2026-09-22T12:59:00.373924Z[0m [32m INFO[0m [2mrig_agent::agent::prompt_request::streaming[0m[2m:[0m Current conversation Turns: 14/40
[2m2026-09-22T12:59:02.395866Z[0m [32m INFO[0m [2mrig_agent::agent::prompt_request::streaming[0m[2m:[0m Current conversation Turns: 15/40
[2m2026-09-22T12:59:04.456773Z[0m [32m INFO[0m [2mrig_agent::agent::prompt_request::streaming[0m[2m:[0m Current conversation Turns: 16/40
[2m2026-09-22T12:59:06.516483Z[0m [32m INFO[0m [2mrig_agent::agent::prompt_request::streaming[0m[2m:[0m Current conversation Turns: 17/40
[2m2026-09-22T12:59:08.623535Z[0m [32m INFO[0m [2mrig_agent::agent::prompt_request::streaming[0m[2m:[0m Current conversation Turns: 18/40
[2m2026-09-22T12:59:10.744414Z[0m [32m INFO[0m [2mrig_agent::agent::prompt_request::streaming[0m[2m:[0m Current conversation Turns: 19/40
[2m2026-09-22T12:59:12.871730Z[0m [32m INFO[0m [2mrig_agent::agent::prompt_request::streaming[0m[2m:[0m Current conversation Turns: 20/40
[2m2026-09-22T12:59:15.018954Z[0m [32m INFO[0m [2mrig_agent::agent::prompt_request::streaming[0m[2m:[0m Current conversation Turns: 21/40
[2m2026-09-22T12:59:17.198419Z[0m [32m INFO[0m [2mrig_agent::agent::prompt_request::streaming[0m[2m:[0m Current conversation Turns: 22/40
[2m2026-09-22T12:59:19.389450Z[0m [32m INFO[0m [2mrig_agent::agent::prompt_request::streaming[0m[2m:[0m Current conversation Turns: 23/40
[2m2026-09-22T12:59:21.602858Z[0m [32m INFO[0m [2mrig_agent::agent::prompt_request::streaming[0m[2m:[0m Current conversation Turns: 24/40
[2m2026-09-22T12:59:23.818285Z[0m [32m INFO[0m [2mrig_agent::agent::prompt_request::streaming[0m[2m:[0m Current conversation Turns: 25/40
[2m2026-09-22T12:59:26.047328Z[0m [32m INFO[0m [2mrig_agent::agent::prompt_request::streaming[0m[2m:[0m Current conversation Turns: 26/40
[2m2026-09-22T12:59:28.308497Z[0m [32m INFO[0m [2mrig_agent::agent::prompt_request::streaming[0m[2m:[0m Current conversation Turns: 27/40
[2m2026-09-22T12:59:30.665746Z[0m [32m INFO[0m [2mrig_agent::agent::prompt_request::streaming[0m[2m:[0m Current conversation Turns: 28/40
[2m2026-09-22T12:59:32.957954Z[0m [32m INFO[0m [2mrig_agent::agent::prompt_request::streaming[0m[2m:[0m Current conversation Turns: 29/40
[2m2026-09-22T12:59:36.120556Z[0m [32m INFO[0m [2mrig_agent::agent::prompt_request::streaming[0m[2m:[0m Current conversation Turns: 30/40
[2m2026-09-22T12:59:38.342628Z[0m [32m INFO[0m [2mrig_agent::agent::prompt_request::streaming[0m[2m:[0m Current conversation Turns: 31/40
[2m2026-09-22T12:59:40.570223Z[0m [32m INFO[0m [2mrig_agent::agent::prompt_request::streaming[0m[2m:[0m Current conversation Turns: 32/40
[2m2026-09-22T12:59:42.835913Z[0m [32m INFO[0m [2mrig_agent::agent::prompt_request::streaming[0m[2m:[0m Current conversation Turns: 33/40
[2m2026-09-22T12:59:45.114716Z[0m [32m INFO[0m [2mrig_agent::agent::prompt_request::streaming[0m[2m:[0m Current conversation Turns: 34/40
[2m2026-09-22T12:59:47.419557Z[0m [32m INFO[0m [2mrig_agent::agent::prompt_request::streaming[0m[2m:[0m Current conversation Turns: 35/40
[2m2026-09-22T12:59:49.744164Z[0m [32m INFO[0m [2mrig_agent::agent::prompt_request::streaming[0m[2m:[0m Current conversation Turns: 36/40
[2m2026-09-22T12:59:52.114377Z[0m [32m INFO[0m [2mrig_agent::agent::prompt_request::streaming[0m[2m:[0m Current conversation Turns: 37/40
[2m2026-09-22T12:59:54.487916Z[0m [32m INFO[0m [2mrig_agent::agent::prompt_request::streaming[0m[2m:[0m Current conversation Turns: 38/40
[2m2026-09-22T12:59:56.881619Z[0m [32m INFO[0m [2mrig_agent::agent::prompt_request::streaming[0m[2m:[0m Current conversation Turns: 39/40
[2m2026-09-22T12:59:59.312719Z[0m [32m INFO[0m [2mrig_agent::agent::prompt_request::streaming[0m[2m:[0m Current conversation Turns: 40/40
[2m2026-09-22T13:00:01.782830Z[0m [32m INFO[0m [2mharness::offload[0m[2m:[0m offloading model [3mmodel[0m[2m=[0mopenbmb/minicpm5-2b:q8_0
[2m2026-09-22T13:00:01.887927Z[0m [31mERROR[0m [2mharness[0m[2m:[0m harness run failed [3merror[0m[2m=[0mMaxTurnsError: reached max turns limit: 40
