[2m2026-09-22T12:31:53.754303Z[0m [32m INFO[0m [2mharness::experiment[0m[2m:[0m experiment manifest written [3mmanifest[0m[2m=[0m/home/ayin/projs/ARCMiS/experiments/220926/runs/totp/recode/openbmb_minicpm5-2b:q8_0/rep4/manifest.json
[2m2026-09-22T12:31:53.754332Z[0m [32m INFO[0m [2mharness[0m[2m:[0m migration run started [3mmodel[0m[2m=[0mopenbmb/minicpm5-2b:q8_0 [3mmax_turns[0m[2m=[0m40 [3mnum_ctx[0m[2m=[0m16384 [3moutput_dir[0m[2m=[0m/home/ayin/projs/ARCMiS/experiments/220926/runs/totp/recode/openbmb_minicpm5-2b:q8_0/rep4/workspace
[2m2026-09-22T12:31:53.760273Z[0m [32m INFO[0m [2magents::util::sources[0m[2m:[0m collected input sources [3mroot[0m[2m=[0massets/totp/C [3mfiles[0m[2m=[0m9 [3mper_file_cap[0m[2m=[0m16384
[2m2026-09-22T12:31:53.760383Z[0m [32m INFO[0m [2mrig_agent::agent::prompt_request::streaming[0m[2m:[0m Current conversation Turns: 1/40
[2m2026-09-22T12:32:00.598092Z[0m [32m INFO[0m [2mrig_agent::agent::prompt_request::streaming[0m[2m:[0m Current conversation Turns: 2/40
[2m2026-09-22T12:32:03.722679Z[0m [32m INFO[0m [2mrig_agent::agent::prompt_request::streaming[0m[2m:[0m Current conversation Turns: 3/40
[2m2026-09-22T12:32:06.911764Z[0m [32m INFO[0m [2mrig_agent::agent::prompt_request::streaming[0m[2m:[0m Current conversation Turns: 4/40
[2m2026-09-22T12:32:10.138850Z[0m [32m INFO[0m [2mrig_agent::agent::prompt_request::streaming[0m[2m:[0m Current conversation Turns: 5/40
[2m2026-09-22T12:32:13.422343Z[0m [32m INFO[0m [2mrig_agent::agent::prompt_request::streaming[0m[2m:[0m Current conversation Turns: 6/40
[2m2026-09-22T12:32:16.763433Z[0m [32m INFO[0m [2mrig_agent::agent::prompt_request::streaming[0m[2m:[0m Current conversation Turns: 7/40
[2m2026-09-22T12:32:20.132879Z[0m [32m INFO[0m [2mrig_agent::agent::prompt_request::streaming[0m[2m:[0m Current conversation Turns: 8/40
[2m2026-09-22T12:32:23.589898Z[0m [32m INFO[0m [2mrig_agent::agent::prompt_request::streaming[0m[2m:[0m Current conversation Turns: 9/40
[2m2026-09-22T12:32:27.039991Z[0m [32m INFO[0m [2mrig_agent::agent::prompt_request::streaming[0m[2m:[0m Current conversation Turns: 10/40
[2m2026-09-22T12:32:30.571064Z[0m [32m INFO[0m [2mrig_agent::agent::prompt_request::streaming[0m[2m:[0m Current conversation Turns: 11/40
[2m2026-09-22T12:32:34.138909Z[0m [32m INFO[0m [2mrig_agent::agent::prompt_request::streaming[0m[2m:[0m Current conversation Turns: 12/40
[2m2026-09-22T12:32:37.776801Z[0m [32m INFO[0m [2mrig_agent::agent::prompt_request::streaming[0m[2m:[0m Current conversation Turns: 13/40
[2m2026-09-22T12:32:41.417779Z[0m [32m INFO[0m [2mrig_agent::agent::prompt_request::streaming[0m[2m:[0m Current conversation Turns: 14/40
[2m2026-09-22T12:32:45.114990Z[0m [32m INFO[0m [2mrig_agent::agent::prompt_request::streaming[0m[2m:[0m Current conversation Turns: 15/40
[2m2026-09-22T12:32:48.873549Z[0m [32m INFO[0m [2mrig_agent::agent::prompt_request::streaming[0m[2m:[0m Current conversation Turns: 16/40
[2m2026-09-22T12:32:52.668733Z[0m [32m INFO[0m [2mrig_agent::agent::prompt_request::streaming[0m[2m:[0m Current conversation Turns: 17/40
[2m2026-09-22T12:32:56.519469Z[0m [32m INFO[0m [2mrig_agent::agent::prompt_request::streaming[0m[2m:[0m Current conversation Turns: 18/40
[2m2026-09-22T12:33:00.424253Z[0m [32m INFO[0m [2mrig_agent::agent::prompt_request::streaming[0m[2m:[0m Current conversation Turns: 19/40
[2m2026-09-22T12:33:04.499947Z[0m [32m INFO[0m [2mrig_agent::agent::prompt_request::streaming[0m[2m:[0m Current conversation Turns: 20/40
[2m2026-09-22T12:33:06.727750Z[0m [32m INFO[0m [2mrig_agent::agent::prompt_request::streaming[0m[2m:[0m Current conversation Turns: 21/40
[2m2026-09-22T12:33:08.959799Z[0m [32m INFO[0m [2mrig_agent::agent::prompt_request::streaming[0m[2m:[0m Current conversation Turns: 22/40
[2m2026-09-22T12:33:11.246823Z[0m [32m INFO[0m [2mrig_agent::agent::prompt_request::streaming[0m[2m:[0m Current conversation Turns: 23/40
[2m2026-09-22T12:33:13.558079Z[0m [32m INFO[0m [2mrig_agent::agent::prompt_request::streaming[0m[2m:[0m Current conversation Turns: 24/40
[2m2026-09-22T12:33:15.885121Z[0m [32m INFO[0m [2mrig_agent::agent::prompt_request::streaming[0m[2m:[0m Current conversation Turns: 25/40
[2m2026-09-22T12:33:18.226943Z[0m [32m INFO[0m [2mrig_agent::agent::prompt_request::streaming[0m[2m:[0m Current conversation Turns: 26/40
[2m2026-09-22T12:33:20.625168Z[0m [32m INFO[0m [2mrig_agent::agent::prompt_request::streaming[0m[2m:[0m Current conversation Turns: 27/40
[2m2026-09-22T12:33:23.019347Z[0m [32m INFO[0m [2mrig_agent::agent::prompt_request::streaming[0m[2m:[0m Current conversation Turns: 28/40
[2m2026-09-22T12:33:25.437156Z[0m [32m INFO[0m [2mrig_agent::agent::prompt_request::streaming[0m[2m:[0m Current conversation Turns: 29/40
[2m2026-09-22T12:33:27.883294Z[0m [32m INFO[0m [2mrig_agent::agent::prompt_request::streaming[0m[2m:[0m Current conversation Turns: 30/40
[2m2026-09-22T12:33:30.342859Z[0m [32m INFO[0m [2mrig_agent::agent::prompt_request::streaming[0m[2m:[0m Current conversation Turns: 31/40
[2m2026-09-22T12:33:32.867043Z[0m [32m INFO[0m [2mrig_agent::agent::prompt_request::streaming[0m[2m:[0m Current conversation Turns: 32/40
[2m2026-09-22T12:33:35.377703Z[0m [32m INFO[0m [2mrig_agent::agent::prompt_request::streaming[0m[2m:[0m Current conversation Turns: 33/40
[2m2026-09-22T12:33:37.919964Z[0m [32m INFO[0m [2mrig_agent::agent::prompt_request::streaming[0m[2m:[0m Current conversation Turns: 34/40
[2m2026-09-22T12:33:40.501758Z[0m [32m INFO[0m [2mrig_agent::agent::prompt_request::streaming[0m[2m:[0m Current conversation Turns: 35/40
[2m2026-09-22T12:33:43.094682Z[0m [32m INFO[0m [2mrig_agent::agent::prompt_request::streaming[0m[2m:[0m Current conversation Turns: 36/40
[2m2026-09-22T12:33:45.714372Z[0m [32m INFO[0m [2mrig_agent::agent::prompt_request::streaming[0m[2m:[0m Current conversation Turns: 37/40
[2m2026-09-22T12:33:50.442845Z[0m [32m INFO[0m [2mrig_agent::agent::prompt_request::streaming[0m[2m:[0m Current conversation Turns: 38/40
[2m2026-09-22T12:33:53.140028Z[0m [32m INFO[0m [2mrig_agent::agent::prompt_request::streaming[0m[2m:[0m Current conversation Turns: 39/40
[2m2026-09-22T12:33:58.153707Z[0m [32m INFO[0m [2mrig_agent::agent::prompt_request::streaming[0m[2m:[0m Current conversation Turns: 40/40
[2m2026-09-22T12:34:03.302228Z[0m [32m INFO[0m [2mharness::offload[0m[2m:[0m offloading model [3mmodel[0m[2m=[0mopenbmb/minicpm5-2b:q8_0
[2m2026-09-22T12:34:03.405114Z[0m [31mERROR[0m [2mharness[0m[2m:[0m harness run failed [3merror[0m[2m=[0mMaxTurnsError: reached max turns limit: 40
