[2m2026-09-22T12:10:40.410553Z[0m [32m INFO[0m [2mharness::experiment[0m[2m:[0m experiment manifest written [3mmanifest[0m[2m=[0m/home/ayin/projs/ARCMiS/experiments/220926/runs/totp/monolith/openbmb_minicpm5-2b:q8_0/rep2/manifest.json
[2m2026-09-22T12:10:40.410585Z[0m [32m INFO[0m [2mharness[0m[2m:[0m migration run started [3mmodel[0m[2m=[0mopenbmb/minicpm5-2b:q8_0 [3mmax_turns[0m[2m=[0m14 [3mnum_ctx[0m[2m=[0m16384 [3moutput_dir[0m[2m=[0m/home/ayin/projs/ARCMiS/experiments/220926/runs/totp/monolith/openbmb_minicpm5-2b:q8_0/rep2/workspace
[2m2026-09-22T12:10:40.415733Z[0m [32m INFO[0m [2magents::util::sources[0m[2m:[0m collected input sources [3mroot[0m[2m=[0massets/totp/C [3mfiles[0m[2m=[0m9 [3mper_file_cap[0m[2m=[0m16384
[2m2026-09-22T12:10:40.415824Z[0m [32m INFO[0m [2mrig_agent::agent::prompt_request::streaming[0m[2m:[0m Current conversation Turns: 1/14
[2m2026-09-22T12:10:40.415827Z[0m [32m INFO[0m [2mharness::run_log[0m[2m:[0m model call [3mturn[0m[2m=[0m1
[2m2026-09-22T12:10:44.787429Z[0m [32m INFO[0m [1mexecute_tool[0m[1m{[0m[3mgen_ai.operation.name[0m[2m=[0m"execute_tool" [3mgen_ai.tool.type[0m[2m=[0m"function" [3mgen_ai.tool.name[0m[2m=[0m"write" [3mgen_ai.tool.call.id[0m[2m=[0m"XmSujH4uEZ3peMzLjJlvr8bS1cvBrZfO"[1m}[0m[2m:[0m [2mharness::run_log[0m[2m:[0m tool call [3mturn[0m[2m=[0m1 [3mtool[0m[2m=[0m"write" [3margs[0m[2m=[0m{"content":"[package]\nname = \"totp\"\nversion = \"0.1.0\"\nedition = \"2021\"\n\n[[bin]]\nname = \"totp\"\npath = \"src/main.rs\"\n\n[[bin]]\nname = \"test\"\npath = \"src/test.rs\"\n\n[dependencies...
[2m2026-09-22T12:10:44.787575Z[0m [32m INFO[0m [2mrig_agent::agent::prompt_request::streaming[0m[2m:[0m Current conversation Turns: 2/14
[2m2026-09-22T12:10:44.787578Z[0m [32m INFO[0m [2mharness::run_log[0m[2m:[0m model call [3mturn[0m[2m=[0m2
[2m2026-09-22T12:10:45.897102Z[0m [32m INFO[0m [1mexecute_tool[0m[1m{[0m[3mgen_ai.operation.name[0m[2m=[0m"execute_tool" [3mgen_ai.tool.type[0m[2m=[0m"function" [3mgen_ai.tool.name[0m[2m=[0m"write" [3mgen_ai.tool.call.id[0m[2m=[0m"lfBoUb7oxNVQI8SF9nDnDNQMAr2XrJBF"[1m}[0m[2m:[0m [2mharness::run_log[0m[2m:[0m tool call [3mturn[0m[2m=[0m2 [3mtool[0m[2m=[0m"write" [3margs[0m[2m=[0m{"content":"use std::fmt;\n\n/// Errors from the TOTP implementation.\n#[derive(Debug)]\npub enum Error {\n    InvalidSeed,\n    Bounds,\n}\n\nimpl fmt::Display for Error {\n    fn fmt(&self, f: &mut ...
[2m2026-09-22T12:10:45.897319Z[0m [32m INFO[0m [2mrig_agent::agent::prompt_request::streaming[0m[2m:[0m Current conversation Turns: 3/14
[2m2026-09-22T12:10:45.897322Z[0m [32m INFO[0m [2mharness::run_log[0m[2m:[0m model call [3mturn[0m[2m=[0m3
[2m2026-09-22T12:10:47.834281Z[0m [32m INFO[0m [1mexecute_tool[0m[1m{[0m[3mgen_ai.operation.name[0m[2m=[0m"execute_tool" [3mgen_ai.tool.type[0m[2m=[0m"function" [3mgen_ai.tool.name[0m[2m=[0m"write" [3mgen_ai.tool.call.id[0m[2m=[0m"g47Req1SMkgfOYd99aRTkjJ2eHFpsPFc"[1m}[0m[2m:[0m [2mharness::run_log[0m[2m:[0m tool call [3mturn[0m[2m=[0m3 [3mtool[0m[2m=[0m"write" [3margs[0m[2m=[0m{"content":"/// Minimal freestanding libc-like functions for WASM targets.\n/// Mirrors std.h from the C source: memset, memcpy, strlen.\npub fn memset(s: *mut u8, c: i8, n: usize) {\n    let mut ptr ...
[2m2026-09-22T12:10:47.834442Z[0m [32m INFO[0m [2mrig_agent::agent::prompt_request::streaming[0m[2m:[0m Current conversation Turns: 4/14
[2m2026-09-22T12:10:47.834445Z[0m [32m INFO[0m [2mharness::run_log[0m[2m:[0m model call [3mturn[0m[2m=[0m4
[2m2026-09-22T12:11:08.678991Z[0m [32m INFO[0m [1mexecute_tool[0m[1m{[0m[3mgen_ai.operation.name[0m[2m=[0m"execute_tool" [3mgen_ai.tool.type[0m[2m=[0m"function" [3mgen_ai.tool.name[0m[2m=[0m"write" [3mgen_ai.tool.call.id[0m[2m=[0m"fTtFyBCQfUMlJTGjANzcI5fGQjHkgs50"[1m}[0m[2m:[0m [2mharness::run_log[0m[2m:[0m tool call [3mturn[0m[2m=[0m4 [3mtool[0m[2m=[0m"write" [3margs[0m[2m=[0m{"content":"/// Core TOTP algorithm implementation in Rust.\n///\n/// Implements SHA-1, HOTP, and TOTP as specified in RFC 6238 and FIPS 180-3.\n/// Mirrors the C implementation exactly.\n\nuse std::f...
[2m2026-09-22T12:11:08.679422Z[0m [32m INFO[0m [2mrig_agent::agent::prompt_request::streaming[0m[2m:[0m Current conversation Turns: 5/14
[2m2026-09-22T12:11:08.679427Z[0m [32m INFO[0m [2mharness::run_log[0m[2m:[0m model call [3mturn[0m[2m=[0m5
[2m2026-09-22T12:11:21.812254Z[0m [32m INFO[0m [1mexecute_tool[0m[1m{[0m[3mgen_ai.operation.name[0m[2m=[0m"execute_tool" [3mgen_ai.tool.type[0m[2m=[0m"function" [3mgen_ai.tool.name[0m[2m=[0m"write" [3mgen_ai.tool.call.id[0m[2m=[0m"nsmdIKqyOePxAJFztPJKQhOSd8NgFYWq"[1m}[0m[2m:[0m [2mharness::run_log[0m[2m:[0m tool call [3mturn[0m[2m=[0m5 [3mtool[0m[2m=[0m"write" [3margs[0m[2m=[0m{"content":"/// Tests for the TOTP implementation.\n/// Mirrors test.c from the C source.\n\nuse totp::{\n    hotp, hmac_sha1, pack32, pack64, from_base32, unpack64, sha1, totp, Error,\n};\n\n// ── Te...
[2m2026-09-22T12:11:21.812610Z[0m [32m INFO[0m [2mrig_agent::agent::prompt_request::streaming[0m[2m:[0m Current conversation Turns: 6/14
[2m2026-09-22T12:11:21.812616Z[0m [32m INFO[0m [2mharness::run_log[0m[2m:[0m model call [3mturn[0m[2m=[0m6
[2m2026-09-22T12:11:24.166623Z[0m [32m INFO[0m [1mexecute_tool[0m[1m{[0m[3mgen_ai.operation.name[0m[2m=[0m"execute_tool" [3mgen_ai.tool.type[0m[2m=[0m"function" [3mgen_ai.tool.name[0m[2m=[0m"write" [3mgen_ai.tool.call.id[0m[2m=[0m"fdo9uLAAU3tQUDUk2hswFIQlybwgmVim"[1m}[0m[2m:[0m [2mharness::run_log[0m[2m:[0m tool call [3mturn[0m[2m=[0m6 [3mtool[0m[2m=[0m"write" [3margs[0m[2m=[0m{"content":"/// Minimal freestanding libc-like functions for WASM targets.\n/// Mirrors std.h from the C source: memset, memcpy, strlen.\n\npub fn memset(s: *mut u8, c: i8, n: usize) {\n    let mut i:...
[2m2026-09-22T12:11:24.166894Z[0m [32m INFO[0m [2mrig_agent::agent::prompt_request::streaming[0m[2m:[0m Current conversation Turns: 7/14
[2m2026-09-22T12:11:24.166897Z[0m [32m INFO[0m [2mharness::run_log[0m[2m:[0m model call [3mturn[0m[2m=[0m7
[2m2026-09-22T12:11:43.545925Z[0m [32m INFO[0m [1mexecute_tool[0m[1m{[0m[3mgen_ai.operation.name[0m[2m=[0m"execute_tool" [3mgen_ai.tool.type[0m[2m=[0m"function" [3mgen_ai.tool.name[0m[2m=[0m"write" [3mgen_ai.tool.call.id[0m[2m=[0m"gLTmAjwIy2i0v586J4MZ6S50xprNrckH"[1m}[0m[2m:[0m [2mharness::run_log[0m[2m:[0m tool call [3mturn[0m[2m=[0m7 [3mtool[0m[2m=[0m"write" [3margs[0m[2m=[0m{"content":"/// Core TOTP algorithm implementation in Rust.\n///\n/// Implements SHA-1, HOTP, and TOTP as specified in RFC 6238 and FIPS 180-3.\n/// Mirrors the C implementation exactly.\n\nuse std::f...
[2m2026-09-22T12:11:43.546325Z[0m [32m INFO[0m [2mrig_agent::agent::prompt_request::streaming[0m[2m:[0m Current conversation Turns: 8/14
[2m2026-09-22T12:11:43.546329Z[0m [32m INFO[0m [2mharness::run_log[0m[2m:[0m model call [3mturn[0m[2m=[0m8
[2m2026-09-22T12:12:03.971360Z[0m [32m INFO[0m [1mexecute_tool[0m[1m{[0m[3mgen_ai.operation.name[0m[2m=[0m"execute_tool" [3mgen_ai.tool.type[0m[2m=[0m"function" [3mgen_ai.tool.name[0m[2m=[0m"write" [3mgen_ai.tool.call.id[0m[2m=[0m"pTh2n90hhushJd1xdMlpHAlHHMCRlELr"[1m}[0m[2m:[0m [2mharness::run_log[0m[2m:[0m tool call [3mturn[0m[2m=[0m8 [3mtool[0m[2m=[0m"write" [3margs[0m[2m=[0m{"content":"/// Core TOTP algorithm implementation in Rust.\n///\n/// Implements SHA-1, HOTP, and TOTP as specified in RFC 6238 and FIPS 180-3.\n/// Mirrors the C implementation exactly.\n\nuse std::f...
[2m2026-09-22T12:12:03.971831Z[0m [32m INFO[0m [2mrig_agent::agent::prompt_request::streaming[0m[2m:[0m Current conversation Turns: 9/14
[2m2026-09-22T12:12:03.971837Z[0m [32m INFO[0m [2mharness::run_log[0m[2m:[0m model call [3mturn[0m[2m=[0m9
[2m2026-09-22T12:12:24.748955Z[0m [32m INFO[0m [1mexecute_tool[0m[1m{[0m[3mgen_ai.operation.name[0m[2m=[0m"execute_tool" [3mgen_ai.tool.type[0m[2m=[0m"function" [3mgen_ai.tool.name[0m[2m=[0m"write" [3mgen_ai.tool.call.id[0m[2m=[0m"4u2qHjqreyzxoLbdvlI1h02ohTvRqouh"[1m}[0m[2m:[0m [2mharness::run_log[0m[2m:[0m tool call [3mturn[0m[2m=[0m9 [3mtool[0m[2m=[0m"write" [3margs[0m[2m=[0m{"content":"/// Core TOTP algorithm implementation in Rust.\n///\n/// Implements SHA-1, HOTP, and TOTP as specified in RFC 6238 and FIPS 180-3.\n/// Mirrors the C implementation exactly.\n\nuse std::f...
[2m2026-09-22T12:12:24.749465Z[0m [32m INFO[0m [2mrig_agent::agent::prompt_request::streaming[0m[2m:[0m Current conversation Turns: 10/14
[2m2026-09-22T12:12:24.749471Z[0m [32m INFO[0m [2mharness::run_log[0m[2m:[0m model call [3mturn[0m[2m=[0m10
[2m2026-09-22T12:12:45.278667Z[0m [32m INFO[0m [1mexecute_tool[0m[1m{[0m[3mgen_ai.operation.name[0m[2m=[0m"execute_tool" [3mgen_ai.tool.type[0m[2m=[0m"function" [3mgen_ai.tool.name[0m[2m=[0m"write" [3mgen_ai.tool.call.id[0m[2m=[0m"sAPZXQJU8R9I2AHGe5AOONPTbLoOebBZ"[1m}[0m[2m:[0m [2mharness::run_log[0m[2m:[0m tool call [3mturn[0m[2m=[0m10 [3mtool[0m[2m=[0m"write" [3margs[0m[2m=[0m{"content":"/// Core TOTP algorithm implementation in Rust.\n///\n/// Implements SHA-1, HOTP, and TOTP as specified in RFC 6238 and FIPS 180-3.\n/// Mirrors the C implementation exactly.\n\nuse std::f...
[2m2026-09-22T12:12:45.279069Z[0m [32m INFO[0m [2mrig_agent::agent::prompt_request::streaming[0m[2m:[0m Current conversation Turns: 11/14
[2m2026-09-22T12:12:45.279073Z[0m [32m INFO[0m [2mharness::run_log[0m[2m:[0m model call [3mturn[0m[2m=[0m11
[2m2026-09-22T12:13:07.159752Z[0m [32m INFO[0m [1mexecute_tool[0m[1m{[0m[3mgen_ai.operation.name[0m[2m=[0m"execute_tool" [3mgen_ai.tool.type[0m[2m=[0m"function" [3mgen_ai.tool.name[0m[2m=[0m"write" [3mgen_ai.tool.call.id[0m[2m=[0m"p8qkLDZ3Tqmi67yGefhJhxUhiSSr3pWM"[1m}[0m[2m:[0m [2mharness::run_log[0m[2m:[0m tool call [3mturn[0m[2m=[0m11 [3mtool[0m[2m=[0m"write" [3margs[0m[2m=[0m{"content":"/// Core TOTP algorithm implementation in Rust.\n///\n/// Implements SHA-1, HOTP, and TOTP as specified in RFC 6238 and FIPS 180-3.\n/// Mirrors the C implementation exactly.\n\nuse std::f...
[2m2026-09-22T12:13:07.160099Z[0m [32m INFO[0m [2mrig_agent::agent::prompt_request::streaming[0m[2m:[0m Current conversation Turns: 12/14
[2m2026-09-22T12:13:07.160103Z[0m [32m INFO[0m [2mharness::run_log[0m[2m:[0m model call [3mturn[0m[2m=[0m12
[2m2026-09-22T12:13:29.429451Z[0m [32m INFO[0m [1mexecute_tool[0m[1m{[0m[3mgen_ai.operation.name[0m[2m=[0m"execute_tool" [3mgen_ai.tool.type[0m[2m=[0m"function" [3mgen_ai.tool.name[0m[2m=[0m"write" [3mgen_ai.tool.call.id[0m[2m=[0m"ws7MAgMRlz4epYU4e0SiOFryjhjoFIv2"[1m}[0m[2m:[0m [2mharness::run_log[0m[2m:[0m tool call [3mturn[0m[2m=[0m12 [3mtool[0m[2m=[0m"write" [3margs[0m[2m=[0m{"content":"/// Core TOTP algorithm implementation in Rust.\n///\n/// Implements SHA-1, HOTP, and TOTP as specified in RFC 6238 and FIPS 180-3.\n/// Mirrors the C implementation exactly.\n\nuse std::f...
[2m2026-09-22T12:13:29.430087Z[0m [32m INFO[0m [2mrig_agent::agent::prompt_request::streaming[0m[2m:[0m Current conversation Turns: 13/14
[2m2026-09-22T12:13:29.430094Z[0m [32m INFO[0m [2mharness::run_log[0m[2m:[0m model call [3mturn[0m[2m=[0m13
[2m2026-09-22T12:13:51.806192Z[0m [32m INFO[0m [1mexecute_tool[0m[1m{[0m[3mgen_ai.operation.name[0m[2m=[0m"execute_tool" [3mgen_ai.tool.type[0m[2m=[0m"function" [3mgen_ai.tool.name[0m[2m=[0m"write" [3mgen_ai.tool.call.id[0m[2m=[0m"Am9sJK3qYXcUP9gsjaPL7kO3gJIcQStp"[1m}[0m[2m:[0m [2mharness::run_log[0m[2m:[0m tool call [3mturn[0m[2m=[0m13 [3mtool[0m[2m=[0m"write" [3margs[0m[2m=[0m{"content":"/// Core TOTP algorithm implementation in Rust.\n///\n/// Implements SHA-1, HOTP, and TOTP as specified in RFC 6238 and FIPS 180-3.\n/// Mirrors the C implementation exactly.\n\nuse std::f...
[2m2026-09-22T12:13:51.806722Z[0m [32m INFO[0m [2mrig_agent::agent::prompt_request::streaming[0m[2m:[0m Current conversation Turns: 14/14
[2m2026-09-22T12:13:51.806730Z[0m [32m INFO[0m [2mharness::run_log[0m[2m:[0m model call [3mturn[0m[2m=[0m14
[2m2026-09-22T12:14:14.399404Z[0m [32m INFO[0m [1mexecute_tool[0m[1m{[0m[3mgen_ai.operation.name[0m[2m=[0m"execute_tool" [3mgen_ai.tool.type[0m[2m=[0m"function" [3mgen_ai.tool.name[0m[2m=[0m"write" [3mgen_ai.tool.call.id[0m[2m=[0m"UwpiQstkRA5PY3ShFckVoy3ZtiV95PrY"[1m}[0m[2m:[0m [2mharness::run_log[0m[2m:[0m tool call [3mturn[0m[2m=[0m14 [3mtool[0m[2m=[0m"write" [3margs[0m[2m=[0m{"content":"/// Core TOTP algorithm implementation in Rust.\n///\n/// Implements SHA-1, HOTP, and TOTP as specified in RFC 6238 and FIPS 180-3.\n/// Mirrors the C implementation exactly.\n\nuse std::f...
[2m2026-09-22T12:14:14.401022Z[0m [32m INFO[0m [2mharness::offload[0m[2m:[0m offloading model [3mmodel[0m[2m=[0mopenbmb/minicpm5-2b:q8_0
[2m2026-09-22T12:14:14.496887Z[0m [31mERROR[0m [2mharness[0m[2m:[0m harness run failed [3merror[0m[2m=[0mMaxTurnsError: reached max turns limit: 14
