[2m2026-09-22T12:42:24.241257Z[0m [32m INFO[0m [2mharness::experiment[0m[2m:[0m experiment manifest written [3mmanifest[0m[2m=[0m/home/ayin/projs/ARCMiS/experiments/220926/runs/expr/monolith/openbmb_minicpm5-2b:q8_0/rep3/manifest.json
[2m2026-09-22T12:42:24.241286Z[0m [32m INFO[0m [2mharness[0m[2m:[0m migration run started [3mmodel[0m[2m=[0mopenbmb/minicpm5-2b:q8_0 [3mmax_turns[0m[2m=[0m14 [3mnum_ctx[0m[2m=[0m16384 [3moutput_dir[0m[2m=[0m/home/ayin/projs/ARCMiS/experiments/220926/runs/expr/monolith/openbmb_minicpm5-2b:q8_0/rep3/workspace
[2m2026-09-22T12:42:24.246736Z[0m [33m WARN[0m [2magents::util::sources[0m[2m:[0m input file truncated to context cap [3mfile[0m[2m=[0mmapper_expr.c [3mper_file_cap[0m[2m=[0m16384
[2m2026-09-22T12:42:24.246757Z[0m [32m INFO[0m [2magents::util::sources[0m[2m:[0m collected input sources [3mroot[0m[2m=[0massets/expr/C [3mfiles[0m[2m=[0m6 [3mper_file_cap[0m[2m=[0m16384
[2m2026-09-22T12:42:24.246848Z[0m [32m INFO[0m [2mrig_agent::agent::prompt_request::streaming[0m[2m:[0m Current conversation Turns: 1/14
[2m2026-09-22T12:42:24.246854Z[0m [32m INFO[0m [2mharness::run_log[0m[2m:[0m model call [3mturn[0m[2m=[0m1
[2m2026-09-22T12:42:27.977742Z[0m [32m INFO[0m [1mexecute_tool[0m[1m{[0m[3mgen_ai.operation.name[0m[2m=[0m"execute_tool" [3mgen_ai.tool.type[0m[2m=[0m"function" [3mgen_ai.tool.name[0m[2m=[0m"bash" [3mgen_ai.tool.call.id[0m[2m=[0m"kMeI153MJkP7auCyYv1bWCKzRc7yj8T4"[1m}[0m[2m:[0m [2mharness::run_log[0m[2m:[0m tool call [3mturn[0m[2m=[0m1 [3mtool[0m[2m=[0m"bash" [3margs[0m[2m=[0m{"command":"ls /workspace/ 2>/dev/null && echo \"exists\" || echo \"empty\""}
[2m2026-09-22T12:42:27.994859Z[0m [32m INFO[0m [2mrig_agent::agent::prompt_request::streaming[0m[2m:[0m Current conversation Turns: 2/14
[2m2026-09-22T12:42:27.994866Z[0m [32m INFO[0m [2mharness::run_log[0m[2m:[0m model call [3mturn[0m[2m=[0m2
[2m2026-09-22T12:42:28.591268Z[0m [32m INFO[0m [1mexecute_tool[0m[1m{[0m[3mgen_ai.operation.name[0m[2m=[0m"execute_tool" [3mgen_ai.tool.type[0m[2m=[0m"function" [3mgen_ai.tool.name[0m[2m=[0m"write" [3mgen_ai.tool.call.id[0m[2m=[0m"V3Lv9drPW72YneLSmh55U3CjI3ikPqpi"[1m}[0m[2m:[0m [2mharness::run_log[0m[2m:[0m tool call [3mturn[0m[2m=[0m2 [3mtool[0m[2m=[0m"write" [3margs[0m[2m=[0m{"content":"[package]\nname = \"mapper_expr\"\nversion = \"0.1.0\"\nedition = \"2021\"\ndescription = \"Rust translation of libmapper expression evaluator\"\n\n[dependencies]\n\n[profile.release]\nopt...
[2m2026-09-22T12:42:28.591312Z[0m [32m INFO[0m [2mrig_agent::agent::prompt_request::streaming[0m[2m:[0m Current conversation Turns: 3/14
[2m2026-09-22T12:42:28.591315Z[0m [32m INFO[0m [2mharness::run_log[0m[2m:[0m model call [3mturn[0m[2m=[0m3
[2m2026-09-22T12:42:29.192757Z[0m [32m INFO[0m [1mexecute_tool[0m[1m{[0m[3mgen_ai.operation.name[0m[2m=[0m"execute_tool" [3mgen_ai.tool.type[0m[2m=[0m"function" [3mgen_ai.tool.name[0m[2m=[0m"write" [3mgen_ai.tool.call.id[0m[2m=[0m"UfKJo3SMjFhjtyQ6OcrZzZw6s3y41eRX"[1m}[0m[2m:[0m [2mharness::run_log[0m[2m:[0m tool call [3mturn[0m[2m=[0m3 [3mtool[0m[2m=[0m"write" [3margs[0m[2m=[0m{"content":"[package]\nname = \"mapper_expr\"\nversion = \"0.1.0\"\nedition = \"2021\"\ndescription = \"Rust translation of libmapper expression evaluator\"\n\n[dependencies]\n\n[profile.release]\nopt...
[2m2026-09-22T12:42:29.192804Z[0m [32m INFO[0m [2mrig_agent::agent::prompt_request::streaming[0m[2m:[0m Current conversation Turns: 4/14
[2m2026-09-22T12:42:29.192807Z[0m [32m INFO[0m [2mharness::run_log[0m[2m:[0m model call [3mturn[0m[2m=[0m4
[2m2026-09-22T12:42:29.798890Z[0m [32m INFO[0m [1mexecute_tool[0m[1m{[0m[3mgen_ai.operation.name[0m[2m=[0m"execute_tool" [3mgen_ai.tool.type[0m[2m=[0m"function" [3mgen_ai.tool.name[0m[2m=[0m"write" [3mgen_ai.tool.call.id[0m[2m=[0m"3CBVVpWcBZ5enjPNTRM2FMeYPWSQIwvT"[1m}[0m[2m:[0m [2mharness::run_log[0m[2m:[0m tool call [3mturn[0m[2m=[0m4 [3mtool[0m[2m=[0m"write" [3margs[0m[2m=[0m{"content":"[package]\nname = \"mapper_expr\"\nversion = \"0.1.0\"\nedition = \"2021\"\ndescription = \"Rust translation of libmapper expression evaluator\"\n\n[dependencies]\n\n[profile.release]\nopt...
[2m2026-09-22T12:42:29.798954Z[0m [32m INFO[0m [2mrig_agent::agent::prompt_request::streaming[0m[2m:[0m Current conversation Turns: 5/14
[2m2026-09-22T12:42:29.798966Z[0m [32m INFO[0m [2mharness::run_log[0m[2m:[0m model call [3mturn[0m[2m=[0m5
[2m2026-09-22T12:42:30.405178Z[0m [32m INFO[0m [1mexecute_tool[0m[1m{[0m[3mgen_ai.operation.name[0m[2m=[0m"execute_tool" [3mgen_ai.tool.type[0m[2m=[0m"function" [3mgen_ai.tool.name[0m[2m=[0m"write" [3mgen_ai.tool.call.id[0m[2m=[0m"GoPaWV680Hrlb1c0W8KROa7wyeAfNXI4"[1m}[0m[2m:[0m [2mharness::run_log[0m[2m:[0m tool call [3mturn[0m[2m=[0m5 [3mtool[0m[2m=[0m"write" [3margs[0m[2m=[0m{"content":"[package]\nname = \"mapper_expr\"\nversion = \"0.1.0\"\nedition = \"2021\"\ndescription = \"Rust translation of libmapper expression evaluator\"\n\n[dependencies]\n\n[profile.release]\nopt...
[2m2026-09-22T12:42:30.405257Z[0m [32m INFO[0m [2mrig_agent::agent::prompt_request::streaming[0m[2m:[0m Current conversation Turns: 6/14
[2m2026-09-22T12:42:30.405263Z[0m [32m INFO[0m [2mharness::run_log[0m[2m:[0m model call [3mturn[0m[2m=[0m6
[2m2026-09-22T12:42:31.022526Z[0m [32m INFO[0m [1mexecute_tool[0m[1m{[0m[3mgen_ai.operation.name[0m[2m=[0m"execute_tool" [3mgen_ai.tool.type[0m[2m=[0m"function" [3mgen_ai.tool.name[0m[2m=[0m"write" [3mgen_ai.tool.call.id[0m[2m=[0m"FmXJmPpxRV3pDnooIy09QZRsNxDkLKqF"[1m}[0m[2m:[0m [2mharness::run_log[0m[2m:[0m tool call [3mturn[0m[2m=[0m6 [3mtool[0m[2m=[0m"write" [3margs[0m[2m=[0m{"content":"[package]\nname = \"mapper_expr\"\nversion = \"0.1.0\"\nedition = \"2021\"\ndescription = \"Rust translation of libmapper expression evaluator\"\n\n[dependencies]\n\n[profile.release]\nopt...
[2m2026-09-22T12:42:31.022608Z[0m [32m INFO[0m [2mrig_agent::agent::prompt_request::streaming[0m[2m:[0m Current conversation Turns: 7/14
[2m2026-09-22T12:42:31.022621Z[0m [32m INFO[0m [2mharness::run_log[0m[2m:[0m model call [3mturn[0m[2m=[0m7
[2m2026-09-22T12:42:31.637863Z[0m [32m INFO[0m [1mexecute_tool[0m[1m{[0m[3mgen_ai.operation.name[0m[2m=[0m"execute_tool" [3mgen_ai.tool.type[0m[2m=[0m"function" [3mgen_ai.tool.name[0m[2m=[0m"write" [3mgen_ai.tool.call.id[0m[2m=[0m"iSM7RXQDGHinAaJSyGECbYGSDth6GcGG"[1m}[0m[2m:[0m [2mharness::run_log[0m[2m:[0m tool call [3mturn[0m[2m=[0m7 [3mtool[0m[2m=[0m"write" [3margs[0m[2m=[0m{"content":"[package]\nname = \"mapper_expr\"\nversion = \"0.1.0\"\nedition = \"2021\"\ndescription = \"Rust translation of libmapper expression evaluator\"\n\n[dependencies]\n\n[profile.release]\nopt...
[2m2026-09-22T12:42:31.637922Z[0m [32m INFO[0m [2mrig_agent::agent::prompt_request::streaming[0m[2m:[0m Current conversation Turns: 8/14
[2m2026-09-22T12:42:31.637927Z[0m [32m INFO[0m [2mharness::run_log[0m[2m:[0m model call [3mturn[0m[2m=[0m8
[2m2026-09-22T12:42:32.267258Z[0m [32m INFO[0m [1mexecute_tool[0m[1m{[0m[3mgen_ai.operation.name[0m[2m=[0m"execute_tool" [3mgen_ai.tool.type[0m[2m=[0m"function" [3mgen_ai.tool.name[0m[2m=[0m"write" [3mgen_ai.tool.call.id[0m[2m=[0m"Bk1Q1F6RfRSq5ibeVz7C0oNpqMoUckpA"[1m}[0m[2m:[0m [2mharness::run_log[0m[2m:[0m tool call [3mturn[0m[2m=[0m8 [3mtool[0m[2m=[0m"write" [3margs[0m[2m=[0m{"content":"[package]\nname = \"mapper_expr\"\nversion = \"0.1.0\"\nedition = \"2021\"\ndescription = \"Rust translation of libmapper expression evaluator\"\n\n[dependencies]\n\n[profile.release]\nopt...
[2m2026-09-22T12:42:32.267318Z[0m [32m INFO[0m [2mrig_agent::agent::prompt_request::streaming[0m[2m:[0m Current conversation Turns: 9/14
[2m2026-09-22T12:42:32.267324Z[0m [32m INFO[0m [2mharness::run_log[0m[2m:[0m model call [3mturn[0m[2m=[0m9
[2m2026-09-22T12:42:32.901476Z[0m [32m INFO[0m [1mexecute_tool[0m[1m{[0m[3mgen_ai.operation.name[0m[2m=[0m"execute_tool" [3mgen_ai.tool.type[0m[2m=[0m"function" [3mgen_ai.tool.name[0m[2m=[0m"write" [3mgen_ai.tool.call.id[0m[2m=[0m"DdrpK8FPbioTnpx5OHqV0Q9tfJoORe2R"[1m}[0m[2m:[0m [2mharness::run_log[0m[2m:[0m tool call [3mturn[0m[2m=[0m9 [3mtool[0m[2m=[0m"write" [3margs[0m[2m=[0m{"content":"[package]\nname = \"mapper_expr\"\nversion = \"0.1.0\"\nedition = \"2021\"\ndescription = \"Rust translation of libmapper expression evaluator\"\n\n[dependencies]\n\n[profile.release]\nopt...
[2m2026-09-22T12:42:32.901547Z[0m [32m INFO[0m [2mrig_agent::agent::prompt_request::streaming[0m[2m:[0m Current conversation Turns: 10/14
[2m2026-09-22T12:42:32.901552Z[0m [32m INFO[0m [2mharness::run_log[0m[2m:[0m model call [3mturn[0m[2m=[0m10
[2m2026-09-22T12:42:33.540892Z[0m [32m INFO[0m [1mexecute_tool[0m[1m{[0m[3mgen_ai.operation.name[0m[2m=[0m"execute_tool" [3mgen_ai.tool.type[0m[2m=[0m"function" [3mgen_ai.tool.name[0m[2m=[0m"write" [3mgen_ai.tool.call.id[0m[2m=[0m"Yce3aHxHvunL8AZMBw1jnvc3xEPstZbE"[1m}[0m[2m:[0m [2mharness::run_log[0m[2m:[0m tool call [3mturn[0m[2m=[0m10 [3mtool[0m[2m=[0m"write" [3margs[0m[2m=[0m{"content":"[package]\nname = \"mapper_expr\"\nversion = \"0.1.0\"\nedition = \"2021\"\ndescription = \"Rust translation of libmapper expression evaluator\"\n\n[dependencies]\n\n[profile.release]\nopt...
[2m2026-09-22T12:42:33.540975Z[0m [32m INFO[0m [2mrig_agent::agent::prompt_request::streaming[0m[2m:[0m Current conversation Turns: 11/14
[2m2026-09-22T12:42:33.540980Z[0m [32m INFO[0m [2mharness::run_log[0m[2m:[0m model call [3mturn[0m[2m=[0m11
[2m2026-09-22T12:42:34.182188Z[0m [32m INFO[0m [1mexecute_tool[0m[1m{[0m[3mgen_ai.operation.name[0m[2m=[0m"execute_tool" [3mgen_ai.tool.type[0m[2m=[0m"function" [3mgen_ai.tool.name[0m[2m=[0m"write" [3mgen_ai.tool.call.id[0m[2m=[0m"xE5Dfmgx19LrtirXAApvSeH5tfNYdjxU"[1m}[0m[2m:[0m [2mharness::run_log[0m[2m:[0m tool call [3mturn[0m[2m=[0m11 [3mtool[0m[2m=[0m"write" [3margs[0m[2m=[0m{"content":"[package]\nname = \"mapper_expr\"\nversion = \"0.1.0\"\nedition = \"2021\"\ndescription = \"Rust translation of libmapper expression evaluator\"\n\n[dependencies]\n\n[profile.release]\nopt...
[2m2026-09-22T12:42:34.182254Z[0m [32m INFO[0m [2mrig_agent::agent::prompt_request::streaming[0m[2m:[0m Current conversation Turns: 12/14
[2m2026-09-22T12:42:34.182259Z[0m [32m INFO[0m [2mharness::run_log[0m[2m:[0m model call [3mturn[0m[2m=[0m12
[2m2026-09-22T12:42:34.841063Z[0m [32m INFO[0m [1mexecute_tool[0m[1m{[0m[3mgen_ai.operation.name[0m[2m=[0m"execute_tool" [3mgen_ai.tool.type[0m[2m=[0m"function" [3mgen_ai.tool.name[0m[2m=[0m"write" [3mgen_ai.tool.call.id[0m[2m=[0m"O5tRbS3atSJQdD5Xxkhy2w0pDVOcuqQc"[1m}[0m[2m:[0m [2mharness::run_log[0m[2m:[0m tool call [3mturn[0m[2m=[0m12 [3mtool[0m[2m=[0m"write" [3margs[0m[2m=[0m{"content":"[package]\nname = \"mapper_expr\"\nversion = \"0.1.0\"\nedition = \"2021\"\ndescription = \"Rust translation of libmapper expression evaluator\"\n\n[dependencies]\n\n[profile.release]\nopt...
[2m2026-09-22T12:42:34.841129Z[0m [32m INFO[0m [2mrig_agent::agent::prompt_request::streaming[0m[2m:[0m Current conversation Turns: 13/14
[2m2026-09-22T12:42:34.841134Z[0m [32m INFO[0m [2mharness::run_log[0m[2m:[0m model call [3mturn[0m[2m=[0m13
[2m2026-09-22T12:42:35.509806Z[0m [32m INFO[0m [1mexecute_tool[0m[1m{[0m[3mgen_ai.operation.name[0m[2m=[0m"execute_tool" [3mgen_ai.tool.type[0m[2m=[0m"function" [3mgen_ai.tool.name[0m[2m=[0m"write" [3mgen_ai.tool.call.id[0m[2m=[0m"vCtfjmo2h81dd3lwkgLbbpMbsR2Pth8X"[1m}[0m[2m:[0m [2mharness::run_log[0m[2m:[0m tool call [3mturn[0m[2m=[0m13 [3mtool[0m[2m=[0m"write" [3margs[0m[2m=[0m{"content":"[package]\nname = \"mapper_expr\"\nversion = \"0.1.0\"\nedition = \"2021\"\ndescription = \"Rust translation of libmapper expression evaluator\"\n\n[dependencies]\n\n[profile.release]\nopt...
[2m2026-09-22T12:42:35.509875Z[0m [32m INFO[0m [2mrig_agent::agent::prompt_request::streaming[0m[2m:[0m Current conversation Turns: 14/14
[2m2026-09-22T12:42:35.509887Z[0m [32m INFO[0m [2mharness::run_log[0m[2m:[0m model call [3mturn[0m[2m=[0m14
[2m2026-09-22T12:42:36.185433Z[0m [32m INFO[0m [1mexecute_tool[0m[1m{[0m[3mgen_ai.operation.name[0m[2m=[0m"execute_tool" [3mgen_ai.tool.type[0m[2m=[0m"function" [3mgen_ai.tool.name[0m[2m=[0m"write" [3mgen_ai.tool.call.id[0m[2m=[0m"E9EVnvhgO6jybrroCEDLb6jUAiRqpvQx"[1m}[0m[2m:[0m [2mharness::run_log[0m[2m:[0m tool call [3mturn[0m[2m=[0m14 [3mtool[0m[2m=[0m"write" [3margs[0m[2m=[0m{"content":"[package]\nname = \"mapper_expr\"\nversion = \"0.1.0\"\nedition = \"2021\"\ndescription = \"Rust translation of libmapper expression evaluator\"\n\n[dependencies]\n\n[profile.release]\nopt...
[2m2026-09-22T12:42:36.186931Z[0m [32m INFO[0m [2mharness::offload[0m[2m:[0m offloading model [3mmodel[0m[2m=[0mopenbmb/minicpm5-2b:q8_0
[2m2026-09-22T12:42:36.293243Z[0m [31mERROR[0m [2mharness[0m[2m:[0m harness run failed [3merror[0m[2m=[0mMaxTurnsError: reached max turns limit: 14
