[2m2026-09-22T13:17:18.471252Z[0m [32m INFO[0m [2mharness::experiment[0m[2m:[0m experiment manifest written [3mmanifest[0m[2m=[0m/home/ayin/projs/ARCMiS/experiments/220926/runs/fft/monolith/openbmb_minicpm5-2b_q8_0/rep1/manifest.json
[2m2026-09-22T13:17:18.471271Z[0m [32m INFO[0m [2mharness[0m[2m:[0m migration run started [3mmodel[0m[2m=[0mopenbmb/minicpm5-2b:q8_0 [3mmax_turns[0m[2m=[0m14 [3mnum_ctx[0m[2m=[0m16384 [3moutput_dir[0m[2m=[0m/home/ayin/projs/ARCMiS/experiments/220926/runs/fft/monolith/openbmb_minicpm5-2b_q8_0/rep1/workspace
[2m2026-09-22T13:17:18.473295Z[0m [32m INFO[0m [2mharness::offload[0m[2m:[0m offloading model [3mmodel[0m[2m=[0mqwen3.8:27b-mtp-q4_K_M
[2m2026-09-22T13:17:18.793459Z[0m [32m INFO[0m [2magents::util::sources[0m[2m:[0m collected input sources [3mroot[0m[2m=[0massets/fft/C [3mfiles[0m[2m=[0m4 [3mper_file_cap[0m[2m=[0m16384
[2m2026-09-22T13:17:18.793796Z[0m [32m INFO[0m [2mrig_agent::agent::prompt_request::streaming[0m[2m:[0m Current conversation Turns: 1/14
[2m2026-09-22T13:17:18.793807Z[0m [32m INFO[0m [2mharness::run_log[0m[2m:[0m model call [3mturn[0m[2m=[0m1
[2m2026-09-22T13:17:26.426845Z[0m [32m INFO[0m [1mexecute_tool[0m[1m{[0m[3mgen_ai.operation.name[0m[2m=[0m"execute_tool" [3mgen_ai.tool.type[0m[2m=[0m"function" [3mgen_ai.tool.name[0m[2m=[0m"write" [3mgen_ai.tool.call.id[0m[2m=[0m"QNL37yXqHtGiHhEsibk6z5oE19tf8LZH"[1m}[0m[2m:[0m [2mharness::run_log[0m[2m:[0m tool call [3mturn[0m[2m=[0m1 [3mtool[0m[2m=[0m"write" [3margs[0m[2m=[0m{"content":"[package]\nname = \"fft\"\nversion = \"0.1.0\"\nedition = \"2021\"\n\n[[bin]]\nname = \"test_1\"\npath = \"src/test_1.rs\"\n\n[[lib]]\nname = \"fft\"\npath = \"src/lib.rs\"\n\n[dependencie...
[2m2026-09-22T13:17:26.426888Z[0m [32m INFO[0m [2mrig_agent::agent::prompt_request::streaming[0m[2m:[0m Current conversation Turns: 2/14
[2m2026-09-22T13:17:26.426891Z[0m [32m INFO[0m [2mharness::run_log[0m[2m:[0m model call [3mturn[0m[2m=[0m2
[2m2026-09-22T13:17:27.081412Z[0m [32m INFO[0m [1mexecute_tool[0m[1m{[0m[3mgen_ai.operation.name[0m[2m=[0m"execute_tool" [3mgen_ai.tool.type[0m[2m=[0m"function" [3mgen_ai.tool.name[0m[2m=[0m"write" [3mgen_ai.tool.call.id[0m[2m=[0m"osjHhDvAaoWtEElHyYJY4hlTjuJEUNjB"[1m}[0m[2m:[0m [2mharness::run_log[0m[2m:[0m tool call [3mturn[0m[2m=[0m2 [3mtool[0m[2m=[0m"write" [3margs[0m[2m=[0m{"content":"[package]\nname = \"fft\"\nversion = \"0.1.0\"\nedition = \"2021\"\n\n[[bin]]\nname = \"test_1\"\npath = \"src/test_1.rs\"\n\n[[lib]]\nname = \"fft\"\npath = \"src/lib.rs\"\n\n[dependencie...
[2m2026-09-22T13:17:27.081467Z[0m [32m INFO[0m [2mrig_agent::agent::prompt_request::streaming[0m[2m:[0m Current conversation Turns: 3/14
[2m2026-09-22T13:17:27.081472Z[0m [32m INFO[0m [2mharness::run_log[0m[2m:[0m model call [3mturn[0m[2m=[0m3
[2m2026-09-22T13:17:27.690429Z[0m [32m INFO[0m [1mexecute_tool[0m[1m{[0m[3mgen_ai.operation.name[0m[2m=[0m"execute_tool" [3mgen_ai.tool.type[0m[2m=[0m"function" [3mgen_ai.tool.name[0m[2m=[0m"write" [3mgen_ai.tool.call.id[0m[2m=[0m"E8MXrSfiaRnq41mThq8uM8W6mTO39inG"[1m}[0m[2m:[0m [2mharness::run_log[0m[2m:[0m tool call [3mturn[0m[2m=[0m3 [3mtool[0m[2m=[0m"write" [3margs[0m[2m=[0m{"content":"[package]\nname = \"fft\"\nversion = \"0.1.0\"\nedition = \"2021\"\n\n[[bin]]\nname = \"test_1\"\npath = \"src/test_1.rs\"\n\n[[lib]]\nname = \"fft\"\npath = \"src/lib.rs\"\n\n[dependencie...
[2m2026-09-22T13:17:27.690487Z[0m [32m INFO[0m [2mrig_agent::agent::prompt_request::streaming[0m[2m:[0m Current conversation Turns: 4/14
[2m2026-09-22T13:17:27.690492Z[0m [32m INFO[0m [2mharness::run_log[0m[2m:[0m model call [3mturn[0m[2m=[0m4
[2m2026-09-22T13:17:28.310838Z[0m [32m INFO[0m [1mexecute_tool[0m[1m{[0m[3mgen_ai.operation.name[0m[2m=[0m"execute_tool" [3mgen_ai.tool.type[0m[2m=[0m"function" [3mgen_ai.tool.name[0m[2m=[0m"write" [3mgen_ai.tool.call.id[0m[2m=[0m"i9gqvqH37zblxZiQUqSexIcM6XvBkQ55"[1m}[0m[2m:[0m [2mharness::run_log[0m[2m:[0m tool call [3mturn[0m[2m=[0m4 [3mtool[0m[2m=[0m"write" [3margs[0m[2m=[0m{"content":"[package]\nname = \"fft\"\nversion = \"0.1.0\"\nedition = \"2021\"\n\n[[bin]]\nname = \"test_1\"\npath = \"src/test_1.rs\"\n\n[[lib]]\nname = \"fft\"\npath = \"src/lib.rs\"\n\n[dependencie...
[2m2026-09-22T13:17:28.310906Z[0m [32m INFO[0m [2mrig_agent::agent::prompt_request::streaming[0m[2m:[0m Current conversation Turns: 5/14
[2m2026-09-22T13:17:28.310919Z[0m [32m INFO[0m [2mharness::run_log[0m[2m:[0m model call [3mturn[0m[2m=[0m5
[2m2026-09-22T13:17:32.792243Z[0m [32m INFO[0m [1mexecute_tool[0m[1m{[0m[3mgen_ai.operation.name[0m[2m=[0m"execute_tool" [3mgen_ai.tool.type[0m[2m=[0m"function" [3mgen_ai.tool.name[0m[2m=[0m"write" [3mgen_ai.tool.call.id[0m[2m=[0m"13WuPAdTI6yRg5VJAdwORC2t9EQzzoJc"[1m}[0m[2m:[0m [2mharness::run_log[0m[2m:[0m tool call [3mturn[0m[2m=[0m5 [3mtool[0m[2m=[0m"write" [3margs[0m[2m=[0m{"content":"use std::fmt;\n\n/// Represents a complex number with real and imaginary parts.\n#[derive(Debug, Clone)]\npub struct FftComplex {\n    pub real: f32,\n    pub imag: f32,\n}\n\nimpl FftComp...
[2m2026-09-22T13:17:32.792348Z[0m [32m INFO[0m [2mrig_agent::agent::prompt_request::streaming[0m[2m:[0m Current conversation Turns: 6/14
[2m2026-09-22T13:17:32.792354Z[0m [32m INFO[0m [2mharness::run_log[0m[2m:[0m model call [3mturn[0m[2m=[0m6
[2m2026-09-22T13:17:45.374895Z[0m [32m INFO[0m [1mexecute_tool[0m[1m{[0m[3mgen_ai.operation.name[0m[2m=[0m"execute_tool" [3mgen_ai.tool.type[0m[2m=[0m"function" [3mgen_ai.tool.name[0m[2m=[0m"write" [3mgen_ai.tool.call.id[0m[2m=[0m"Lpu6jcMbqJ3F2fS50UkyTEFySy098VJQ"[1m}[0m[2m:[0m [2mharness::run_log[0m[2m:[0m tool call [3mturn[0m[2m=[0m6 [3mtool[0m[2m=[0m"write" [3margs[0m[2m=[0m{"content":"use std::fmt;\n\n/// Represents a power-of-two size of the FFT (log2(N)).\n#[derive(Debug, Clone)]\npub struct FftSize {\n    pub logsize: usize,\n}\n\nimpl FftSize {\n    /// Create a Fft...
[2m2026-09-22T13:17:45.375010Z[0m [32m INFO[0m [2mrig_agent::agent::prompt_request::streaming[0m[2m:[0m Current conversation Turns: 7/14
[2m2026-09-22T13:17:45.375016Z[0m [32m INFO[0m [2mharness::run_log[0m[2m:[0m model call [3mturn[0m[2m=[0m7
[2m2026-09-22T13:17:55.482117Z[0m [32m INFO[0m [1mexecute_tool[0m[1m{[0m[3mgen_ai.operation.name[0m[2m=[0m"execute_tool" [3mgen_ai.tool.type[0m[2m=[0m"function" [3mgen_ai.tool.name[0m[2m=[0m"write" [3mgen_ai.tool.call.id[0m[2m=[0m"RaeKuwBrqvNgErxMglQvOvnu1UBWSvHr"[1m}[0m[2m:[0m [2mharness::run_log[0m[2m:[0m tool call [3mturn[0m[2m=[0m7 [3mtool[0m[2m=[0m"write" [3margs[0m[2m=[0m{"content":"use std::fmt;\n\n/// Represents a power-of-two size of the FFT (log2(N)).\n#[derive(Debug, Clone)]\npub struct FftSize {\n    pub logsize: usize,\n}\n\nimpl FftSize {\n    /// Create a Fft...
[2m2026-09-22T13:17:55.482224Z[0m [32m INFO[0m [2mrig_agent::agent::prompt_request::streaming[0m[2m:[0m Current conversation Turns: 8/14
[2m2026-09-22T13:17:55.482229Z[0m [32m INFO[0m [2mharness::run_log[0m[2m:[0m model call [3mturn[0m[2m=[0m8
[2m2026-09-22T13:18:05.953683Z[0m [32m INFO[0m [1mexecute_tool[0m[1m{[0m[3mgen_ai.operation.name[0m[2m=[0m"execute_tool" [3mgen_ai.tool.type[0m[2m=[0m"function" [3mgen_ai.tool.name[0m[2m=[0m"write" [3mgen_ai.tool.call.id[0m[2m=[0m"HFswdej8FWwgq5OaoUte5F90mAHUWFKm"[1m}[0m[2m:[0m [2mharness::run_log[0m[2m:[0m tool call [3mturn[0m[2m=[0m8 [3mtool[0m[2m=[0m"write" [3margs[0m[2m=[0m{"content":"use std::fmt;\n\n/// Represents a power-of-two size of the FFT (log2(N)).\n#[derive(Debug, Clone)]\npub struct FftSize {\n    pub logsize: usize,\n}\n\nimpl FftSize {\n    /// Create a Fft...
[2m2026-09-22T13:18:05.953862Z[0m [32m INFO[0m [2mrig_agent::agent::prompt_request::streaming[0m[2m:[0m Current conversation Turns: 9/14
[2m2026-09-22T13:18:05.953870Z[0m [32m INFO[0m [2mharness::run_log[0m[2m:[0m model call [3mturn[0m[2m=[0m9
[2m2026-09-22T13:18:16.807365Z[0m [32m INFO[0m [1mexecute_tool[0m[1m{[0m[3mgen_ai.operation.name[0m[2m=[0m"execute_tool" [3mgen_ai.tool.type[0m[2m=[0m"function" [3mgen_ai.tool.name[0m[2m=[0m"write" [3mgen_ai.tool.call.id[0m[2m=[0m"RAV3fDgy5brqZK9J7Kgav0UR9Rd0uY5z"[1m}[0m[2m:[0m [2mharness::run_log[0m[2m:[0m tool call [3mturn[0m[2m=[0m9 [3mtool[0m[2m=[0m"write" [3margs[0m[2m=[0m{"content":"use std::fmt;\n\n/// Represents a power-of-two size of the FFT (log2(N)).\n#[derive(Debug, Clone)]\npub struct FftSize {\n    pub logsize: usize,\n}\n\nimpl FftSize {\n    /// Create a Fft...
[2m2026-09-22T13:18:16.807446Z[0m [32m INFO[0m [2mrig_agent::agent::prompt_request::streaming[0m[2m:[0m Current conversation Turns: 10/14
[2m2026-09-22T13:18:16.807449Z[0m [32m INFO[0m [2mharness::run_log[0m[2m:[0m model call [3mturn[0m[2m=[0m10
[2m2026-09-22T13:18:28.180973Z[0m [32m INFO[0m [1mexecute_tool[0m[1m{[0m[3mgen_ai.operation.name[0m[2m=[0m"execute_tool" [3mgen_ai.tool.type[0m[2m=[0m"function" [3mgen_ai.tool.name[0m[2m=[0m"write" [3mgen_ai.tool.call.id[0m[2m=[0m"Ge6suonFVbhhyP4CLweoYQPGkfVmtYoF"[1m}[0m[2m:[0m [2mharness::run_log[0m[2m:[0m tool call [3mturn[0m[2m=[0m10 [3mtool[0m[2m=[0m"write" [3margs[0m[2m=[0m{"content":"use std::fmt;\n\n/// Represents a power-of-two size of the FFT (log2(N)).\n#[derive(Debug, Clone)]\npub struct FftSize {\n    pub logsize: usize,\n}\n\nimpl FftSize {\n    /// Create a Fft...
[2m2026-09-22T13:18:28.181095Z[0m [32m INFO[0m [2mrig_agent::agent::prompt_request::streaming[0m[2m:[0m Current conversation Turns: 11/14
[2m2026-09-22T13:18:28.181101Z[0m [32m INFO[0m [2mharness::run_log[0m[2m:[0m model call [3mturn[0m[2m=[0m11
[2m2026-09-22T13:18:39.852891Z[0m [32m INFO[0m [1mexecute_tool[0m[1m{[0m[3mgen_ai.operation.name[0m[2m=[0m"execute_tool" [3mgen_ai.tool.type[0m[2m=[0m"function" [3mgen_ai.tool.name[0m[2m=[0m"write" [3mgen_ai.tool.call.id[0m[2m=[0m"iBcPgJesN3wIiStd14pZVmvUlgDLxUc0"[1m}[0m[2m:[0m [2mharness::run_log[0m[2m:[0m tool call [3mturn[0m[2m=[0m11 [3mtool[0m[2m=[0m"write" [3margs[0m[2m=[0m{"content":"use std::fmt;\n\n/// Represents a power-of-two size of the FFT (log2(N)).\n#[derive(Debug, Clone)]\npub struct FftSize {\n    pub logsize: usize,\n}\n\nimpl FftSize {\n    /// Create a Fft...
[2m2026-09-22T13:18:39.853005Z[0m [32m INFO[0m [2mrig_agent::agent::prompt_request::streaming[0m[2m:[0m Current conversation Turns: 12/14
[2m2026-09-22T13:18:39.853011Z[0m [32m INFO[0m [2mharness::run_log[0m[2m:[0m model call [3mturn[0m[2m=[0m12
[2m2026-09-22T13:18:51.784630Z[0m [32m INFO[0m [1mexecute_tool[0m[1m{[0m[3mgen_ai.operation.name[0m[2m=[0m"execute_tool" [3mgen_ai.tool.type[0m[2m=[0m"function" [3mgen_ai.tool.name[0m[2m=[0m"write" [3mgen_ai.tool.call.id[0m[2m=[0m"YPuSohtQYepPL4UQn0m6PufpxAEvU61W"[1m}[0m[2m:[0m [2mharness::run_log[0m[2m:[0m tool call [3mturn[0m[2m=[0m12 [3mtool[0m[2m=[0m"write" [3margs[0m[2m=[0m{"content":"use std::fmt;\n\n/// Represents a power-of-two size of the FFT (log2(N)).\n#[derive(Debug, Clone)]\npub struct FftSize {\n    pub logsize: usize,\n}\n\nimpl FftSize {\n    /// Create a Fft...
[2m2026-09-22T13:18:51.784750Z[0m [32m INFO[0m [2mrig_agent::agent::prompt_request::streaming[0m[2m:[0m Current conversation Turns: 13/14
[2m2026-09-22T13:18:51.784758Z[0m [32m INFO[0m [2mharness::run_log[0m[2m:[0m model call [3mturn[0m[2m=[0m13
[2m2026-09-22T13:19:05.246242Z[0m [32m INFO[0m [1mexecute_tool[0m[1m{[0m[3mgen_ai.operation.name[0m[2m=[0m"execute_tool" [3mgen_ai.tool.type[0m[2m=[0m"function" [3mgen_ai.tool.name[0m[2m=[0m"write" [3mgen_ai.tool.call.id[0m[2m=[0m"mw7bNM0EVKQSpl8UF0bJKK5KrO8O1fEj"[1m}[0m[2m:[0m [2mharness::run_log[0m[2m:[0m tool call [3mturn[0m[2m=[0m13 [3mtool[0m[2m=[0m"write" [3margs[0m[2m=[0m{"content":"use std::fmt;\n\n/// Represents a power-of-two size of the FFT (log2(N)).\n#[derive(Debug, Clone)]\npub struct FftSize {\n    pub logsize: usize,\n}\n\nimpl FftSize {\n    /// Create a Fft...
[2m2026-09-22T13:19:05.246335Z[0m [32m INFO[0m [2mrig_agent::agent::prompt_request::streaming[0m[2m:[0m Current conversation Turns: 14/14
[2m2026-09-22T13:19:05.246339Z[0m [32m INFO[0m [2mharness::run_log[0m[2m:[0m model call [3mturn[0m[2m=[0m14
[2m2026-09-22T13:19:17.469419Z[0m [32m INFO[0m [1mexecute_tool[0m[1m{[0m[3mgen_ai.operation.name[0m[2m=[0m"execute_tool" [3mgen_ai.tool.type[0m[2m=[0m"function" [3mgen_ai.tool.name[0m[2m=[0m"write" [3mgen_ai.tool.call.id[0m[2m=[0m"DbpElrTgofbJxWCN5rXxUE2YKIYTu18b"[1m}[0m[2m:[0m [2mharness::run_log[0m[2m:[0m tool call [3mturn[0m[2m=[0m14 [3mtool[0m[2m=[0m"write" [3margs[0m[2m=[0m{"content":"use std::fmt;\n\n/// Represents a power-of-two size of the FFT (log2(N)).\n#[derive(Debug, Clone)]\npub struct FftSize {\n    pub logsize: usize,\n}\n\nimpl FftSize {\n    /// Create a Fft...
[2m2026-09-22T13:19:17.470663Z[0m [32m INFO[0m [2mharness::offload[0m[2m:[0m offloading model [3mmodel[0m[2m=[0mopenbmb/minicpm5-2b:q8_0
[2m2026-09-22T13:19:17.563521Z[0m [31mERROR[0m [2mharness[0m[2m:[0m harness run failed [3merror[0m[2m=[0mMaxTurnsError: reached max turns limit: 14
