[2m2026-09-22T13:22:26.763419Z[0m [32m INFO[0m [2mharness::experiment[0m[2m:[0m experiment manifest written [3mmanifest[0m[2m=[0m/home/ayin/projs/ARCMiS/experiments/220926/runs/fft/ledger/openbmb_minicpm5-2b_q8_0/rep1/manifest.json
[2m2026-09-22T13:22:26.763438Z[0m [32m INFO[0m [2mharness[0m[2m:[0m migration run started [3mmodel[0m[2m=[0mopenbmb/minicpm5-2b:q8_0 [3mmax_turns[0m[2m=[0m14 [3mnum_ctx[0m[2m=[0m16384 [3moutput_dir[0m[2m=[0m/home/ayin/projs/ARCMiS/experiments/220926/runs/fft/ledger/openbmb_minicpm5-2b_q8_0/rep1/workspace
[2m2026-09-22T13:22:26.768252Z[0m [32m INFO[0m [2magents::util::sources[0m[2m:[0m collected input sources [3mroot[0m[2m=[0massets/fft/C [3mfiles[0m[2m=[0m4 [3mper_file_cap[0m[2m=[0m16384
[2m2026-09-22T13:22:26.768346Z[0m [32m INFO[0m [2mrig_agent::agent::prompt_request::streaming[0m[2m:[0m Current conversation Turns: 1/14
[2m2026-09-22T13:22:26.768350Z[0m [32m INFO[0m [2mharness::run_log[0m[2m:[0m model call [3mturn[0m[2m=[0m1
[2m2026-09-22T13:22:30.104820Z[0m [32m INFO[0m [1mexecute_tool[0m[1m{[0m[3mgen_ai.operation.name[0m[2m=[0m"execute_tool" [3mgen_ai.tool.type[0m[2m=[0m"function" [3mgen_ai.tool.name[0m[2m=[0m"ledger_worker" [3mgen_ai.tool.call.id[0m[2m=[0m"pUO4mYxeFSi6uW03coOsrNJn8bB3bQif"[1m}[0m[2m:[0m [2mharness::run_log[0m[2m:[0m tool call [3mturn[0m[2m=[0m1 [3mtool[0m[2m=[0m"ledger_worker" [3margs[0m[2m=[0m{"prompt":"Read the workspace files to understand the current state. Check if plan.md, tasks.json, notes.md, and the output codebase exist. Then create a plan with strategy and 3-6 seed tasks in tasks...
[2m2026-09-22T13:22:31.061361Z[0m [32m INFO[0m [2mrig_agent::agent::prompt_request::streaming[0m[2m:[0m Current conversation Turns: 2/14
[2m2026-09-22T13:22:31.061370Z[0m [32m INFO[0m [2mharness::run_log[0m[2m:[0m model call [3mturn[0m[2m=[0m2
[2m2026-09-22T13:22:31.641576Z[0m [32m INFO[0m [1mexecute_tool[0m[1m{[0m[3mgen_ai.operation.name[0m[2m=[0m"execute_tool" [3mgen_ai.tool.type[0m[2m=[0m"function" [3mgen_ai.tool.name[0m[2m=[0m"ledger_worker" [3mgen_ai.tool.call.id[0m[2m=[0m"FxPCoJn7DWXW8hFkw8Lu58k2cIp3HwcA"[1m}[0m[2m:[0m [2mharness::run_log[0m[2m:[0m tool call [3mturn[0m[2m=[0m2 [3mtool[0m[2m=[0m"ledger_worker" [3margs[0m[2m=[0m{"prompt":"Read the workspace files to understand the current state. Check if plan.md, tasks.json, notes.md, and the output codebase exist. Then create a plan with strategy and 3-6 seed tasks in tasks...
[2m2026-09-22T13:22:32.952868Z[0m [32m INFO[0m [2mrig_agent::agent::prompt_request::streaming[0m[2m:[0m Current conversation Turns: 3/14
[2m2026-09-22T13:22:32.952878Z[0m [32m INFO[0m [2mharness::run_log[0m[2m:[0m model call [3mturn[0m[2m=[0m3
[2m2026-09-22T13:22:33.448893Z[0m [32m INFO[0m [1mexecute_tool[0m[1m{[0m[3mgen_ai.operation.name[0m[2m=[0m"execute_tool" [3mgen_ai.tool.type[0m[2m=[0m"function" [3mgen_ai.tool.name[0m[2m=[0m"ledger_worker" [3mgen_ai.tool.call.id[0m[2m=[0m"Ya3sG584ikp6p0slZPLMkeUtu0r4OTNd"[1m}[0m[2m:[0m [2mharness::run_log[0m[2m:[0m tool call [3mturn[0m[2m=[0m3 [3mtool[0m[2m=[0m"ledger_worker" [3margs[0m[2m=[0m{"prompt":"Read the workspace files to understand the current state. Check if plan.md, tasks.json, notes.md, and the output codebase exist. Then create a plan with strategy and 3-6 seed tasks in tasks...
[2m2026-09-22T13:22:35.335960Z[0m [32m INFO[0m [2mrig_agent::agent::prompt_request::streaming[0m[2m:[0m Current conversation Turns: 4/14
[2m2026-09-22T13:22:35.335967Z[0m [32m INFO[0m [2mharness::run_log[0m[2m:[0m model call [3mturn[0m[2m=[0m4
[2m2026-09-22T13:22:35.834294Z[0m [32m INFO[0m [1mexecute_tool[0m[1m{[0m[3mgen_ai.operation.name[0m[2m=[0m"execute_tool" [3mgen_ai.tool.type[0m[2m=[0m"function" [3mgen_ai.tool.name[0m[2m=[0m"ledger_worker" [3mgen_ai.tool.call.id[0m[2m=[0m"F9hBbR1LLBAXarMJZMtPaMaPkXYn8AXZ"[1m}[0m[2m:[0m [2mharness::run_log[0m[2m:[0m tool call [3mturn[0m[2m=[0m4 [3mtool[0m[2m=[0m"ledger_worker" [3margs[0m[2m=[0m{"prompt":"Read the workspace files to understand the current state. Check if plan.md, tasks.json, notes.md, and the output codebase exist. Then create a plan with strategy and 3-6 seed tasks in tasks...
[2m2026-09-22T13:22:57.963946Z[0m [32m INFO[0m [2mrig_agent::agent::prompt_request::streaming[0m[2m:[0m Current conversation Turns: 5/14
[2m2026-09-22T13:22:57.963965Z[0m [32m INFO[0m [2mharness::run_log[0m[2m:[0m model call [3mturn[0m[2m=[0m5
[2m2026-09-22T13:22:58.473166Z[0m [32m INFO[0m [1mexecute_tool[0m[1m{[0m[3mgen_ai.operation.name[0m[2m=[0m"execute_tool" [3mgen_ai.tool.type[0m[2m=[0m"function" [3mgen_ai.tool.name[0m[2m=[0m"ledger_worker" [3mgen_ai.tool.call.id[0m[2m=[0m"3QsX9r9k5CsE2zUvBF7NLU5oJLsDr9VA"[1m}[0m[2m:[0m [2mharness::run_log[0m[2m:[0m tool call [3mturn[0m[2m=[0m5 [3mtool[0m[2m=[0m"ledger_worker" [3margs[0m[2m=[0m{"prompt":"Read the workspace files to understand the current state. Check if plan.md, tasks.json, notes.md, and the output codebase exist. Then create a plan with strategy and 3-6 seed tasks in tasks...
[2m2026-09-22T13:22:58.758715Z[0m [32m INFO[0m [2mrig_agent::agent::prompt_request::streaming[0m[2m:[0m Current conversation Turns: 6/14
[2m2026-09-22T13:22:58.758722Z[0m [32m INFO[0m [2mharness::run_log[0m[2m:[0m model call [3mturn[0m[2m=[0m6
[2m2026-09-22T13:22:59.283009Z[0m [32m INFO[0m [1mexecute_tool[0m[1m{[0m[3mgen_ai.operation.name[0m[2m=[0m"execute_tool" [3mgen_ai.tool.type[0m[2m=[0m"function" [3mgen_ai.tool.name[0m[2m=[0m"ledger_worker" [3mgen_ai.tool.call.id[0m[2m=[0m"PAnfpFxLyJY6aE5oi9yC7CRrueJayb5i"[1m}[0m[2m:[0m [2mharness::run_log[0m[2m:[0m tool call [3mturn[0m[2m=[0m6 [3mtool[0m[2m=[0m"ledger_worker" [3margs[0m[2m=[0m{"prompt":"Read the workspace files to understand the current state. Check if plan.md, tasks.json, notes.md, and the output codebase exist. Then create a plan with strategy and 3-6 seed tasks in tasks...
[2m2026-09-22T13:23:03.490205Z[0m [32m INFO[0m [2mrig_agent::agent::prompt_request::streaming[0m[2m:[0m Current conversation Turns: 7/14
[2m2026-09-22T13:23:03.490215Z[0m [32m INFO[0m [2mharness::run_log[0m[2m:[0m model call [3mturn[0m[2m=[0m7
[2m2026-09-22T13:23:03.993188Z[0m [32m INFO[0m [1mexecute_tool[0m[1m{[0m[3mgen_ai.operation.name[0m[2m=[0m"execute_tool" [3mgen_ai.tool.type[0m[2m=[0m"function" [3mgen_ai.tool.name[0m[2m=[0m"ledger_worker" [3mgen_ai.tool.call.id[0m[2m=[0m"z63q3GCJCqJG8E4KWAGpjHOMGdAqeIbn"[1m}[0m[2m:[0m [2mharness::run_log[0m[2m:[0m tool call [3mturn[0m[2m=[0m7 [3mtool[0m[2m=[0m"ledger_worker" [3margs[0m[2m=[0m{"prompt":"Read the workspace files to understand the current state. Check if plan.md, tasks.json, notes.md, and the output codebase exist. Then create a plan with strategy and 3-6 seed tasks in tasks...
[2m2026-09-22T13:23:10.106014Z[0m [32m INFO[0m [2mrig_agent::agent::prompt_request::streaming[0m[2m:[0m Current conversation Turns: 8/14
[2m2026-09-22T13:23:10.106023Z[0m [32m INFO[0m [2mharness::run_log[0m[2m:[0m model call [3mturn[0m[2m=[0m8
[2m2026-09-22T13:23:10.618869Z[0m [32m INFO[0m [1mexecute_tool[0m[1m{[0m[3mgen_ai.operation.name[0m[2m=[0m"execute_tool" [3mgen_ai.tool.type[0m[2m=[0m"function" [3mgen_ai.tool.name[0m[2m=[0m"ledger_worker" [3mgen_ai.tool.call.id[0m[2m=[0m"yiQAEcHZL3Gk4NE5VqSjpR0XmEKaVfpZ"[1m}[0m[2m:[0m [2mharness::run_log[0m[2m:[0m tool call [3mturn[0m[2m=[0m8 [3mtool[0m[2m=[0m"ledger_worker" [3margs[0m[2m=[0m{"prompt":"Read the workspace files to understand the current state. Check if plan.md, tasks.json, notes.md, and the output codebase exist. Then create a plan with strategy and 3-6 seed tasks in tasks...
[2m2026-09-22T13:23:11.851529Z[0m [32m INFO[0m [2mrig_agent::agent::prompt_request::streaming[0m[2m:[0m Current conversation Turns: 9/14
[2m2026-09-22T13:23:11.851539Z[0m [32m INFO[0m [2mharness::run_log[0m[2m:[0m model call [3mturn[0m[2m=[0m9
[2m2026-09-22T13:23:12.365934Z[0m [32m INFO[0m [1mexecute_tool[0m[1m{[0m[3mgen_ai.operation.name[0m[2m=[0m"execute_tool" [3mgen_ai.tool.type[0m[2m=[0m"function" [3mgen_ai.tool.name[0m[2m=[0m"ledger_worker" [3mgen_ai.tool.call.id[0m[2m=[0m"61L5pT0MIClCR400qLCQioIPzrAdfmfh"[1m}[0m[2m:[0m [2mharness::run_log[0m[2m:[0m tool call [3mturn[0m[2m=[0m9 [3mtool[0m[2m=[0m"ledger_worker" [3margs[0m[2m=[0m{"prompt":"Read the workspace files to understand the current state. Check if plan.md, tasks.json, notes.md, and the output codebase exist. Then create a plan with strategy and 3-6 seed tasks in tasks...
[2m2026-09-22T13:23:13.666814Z[0m [32m INFO[0m [2mrig_agent::agent::prompt_request::streaming[0m[2m:[0m Current conversation Turns: 10/14
[2m2026-09-22T13:23:13.666821Z[0m [32m INFO[0m [2mharness::run_log[0m[2m:[0m model call [3mturn[0m[2m=[0m10
[2m2026-09-22T13:23:14.176688Z[0m [32m INFO[0m [1mexecute_tool[0m[1m{[0m[3mgen_ai.operation.name[0m[2m=[0m"execute_tool" [3mgen_ai.tool.type[0m[2m=[0m"function" [3mgen_ai.tool.name[0m[2m=[0m"ledger_worker" [3mgen_ai.tool.call.id[0m[2m=[0m"fiXTywDmSiE68rQlFx9fA9Fkyiu191xT"[1m}[0m[2m:[0m [2mharness::run_log[0m[2m:[0m tool call [3mturn[0m[2m=[0m10 [3mtool[0m[2m=[0m"ledger_worker" [3margs[0m[2m=[0m{"prompt":"Read the workspace files to understand the current state. Check if plan.md, tasks.json, notes.md, and the output codebase exist. Then create a plan with strategy and 3-6 seed tasks in tasks...
[2m2026-09-22T13:23:15.743975Z[0m [32m INFO[0m [2mrig_agent::agent::prompt_request::streaming[0m[2m:[0m Current conversation Turns: 11/14
[2m2026-09-22T13:23:15.743982Z[0m [32m INFO[0m [2mharness::run_log[0m[2m:[0m model call [3mturn[0m[2m=[0m11
[2m2026-09-22T13:23:16.263140Z[0m [32m INFO[0m [1mexecute_tool[0m[1m{[0m[3mgen_ai.operation.name[0m[2m=[0m"execute_tool" [3mgen_ai.tool.type[0m[2m=[0m"function" [3mgen_ai.tool.name[0m[2m=[0m"ledger_worker" [3mgen_ai.tool.call.id[0m[2m=[0m"ScmNnbrk7iRThkGrbiQy3aEiVy7XctIy"[1m}[0m[2m:[0m [2mharness::run_log[0m[2m:[0m tool call [3mturn[0m[2m=[0m11 [3mtool[0m[2m=[0m"ledger_worker" [3margs[0m[2m=[0m{"prompt":"Read the workspace files to understand the current state. Check if plan.md, tasks.json, notes.md, and the output codebase exist. Then create a plan with strategy and 3-6 seed tasks in tasks...
[2m2026-09-22T13:23:17.308928Z[0m [32m INFO[0m [2mrig_agent::agent::prompt_request::streaming[0m[2m:[0m Current conversation Turns: 12/14
[2m2026-09-22T13:23:17.308940Z[0m [32m INFO[0m [2mharness::run_log[0m[2m:[0m model call [3mturn[0m[2m=[0m12
[2m2026-09-22T13:23:17.839296Z[0m [32m INFO[0m [1mexecute_tool[0m[1m{[0m[3mgen_ai.operation.name[0m[2m=[0m"execute_tool" [3mgen_ai.tool.type[0m[2m=[0m"function" [3mgen_ai.tool.name[0m[2m=[0m"ledger_worker" [3mgen_ai.tool.call.id[0m[2m=[0m"y3nbQMaXcC3rQKl6OwoxBdHQyljScuOb"[1m}[0m[2m:[0m [2mharness::run_log[0m[2m:[0m tool call [3mturn[0m[2m=[0m12 [3mtool[0m[2m=[0m"ledger_worker" [3margs[0m[2m=[0m{"prompt":"Read the workspace files to understand the current state. Check if plan.md, tasks.json, notes.md, and the output codebase exist. Then create a plan with strategy and 3-6 seed tasks in tasks...
[2m2026-09-22T13:23:21.777238Z[0m [32m INFO[0m [2mrig_agent::agent::prompt_request::streaming[0m[2m:[0m Current conversation Turns: 13/14
[2m2026-09-22T13:23:21.777248Z[0m [32m INFO[0m [2mharness::run_log[0m[2m:[0m model call [3mturn[0m[2m=[0m13
[2m2026-09-22T13:23:22.312010Z[0m [32m INFO[0m [1mexecute_tool[0m[1m{[0m[3mgen_ai.operation.name[0m[2m=[0m"execute_tool" [3mgen_ai.tool.type[0m[2m=[0m"function" [3mgen_ai.tool.name[0m[2m=[0m"ledger_worker" [3mgen_ai.tool.call.id[0m[2m=[0m"ETy84RYQy6LtDlOPHVddSyDUPfiXJY5v"[1m}[0m[2m:[0m [2mharness::run_log[0m[2m:[0m tool call [3mturn[0m[2m=[0m13 [3mtool[0m[2m=[0m"ledger_worker" [3margs[0m[2m=[0m{"prompt":"Read the workspace files to understand the current state. Check if plan.md, tasks.json, notes.md, and the output codebase exist. Then create a plan with strategy and 3-6 seed tasks in tasks...
[2m2026-09-22T13:23:23.968150Z[0m [32m INFO[0m [2mrig_agent::agent::prompt_request::streaming[0m[2m:[0m Current conversation Turns: 14/14
[2m2026-09-22T13:23:23.968169Z[0m [32m INFO[0m [2mharness::run_log[0m[2m:[0m model call [3mturn[0m[2m=[0m14
[2m2026-09-22T13:23:24.523042Z[0m [32m INFO[0m [1mexecute_tool[0m[1m{[0m[3mgen_ai.operation.name[0m[2m=[0m"execute_tool" [3mgen_ai.tool.type[0m[2m=[0m"function" [3mgen_ai.tool.name[0m[2m=[0m"ledger_worker" [3mgen_ai.tool.call.id[0m[2m=[0m"Xg5GU9gOTy6Xjni7BqNHjxenXjqVJy9g"[1m}[0m[2m:[0m [2mharness::run_log[0m[2m:[0m tool call [3mturn[0m[2m=[0m14 [3mtool[0m[2m=[0m"ledger_worker" [3margs[0m[2m=[0m{"prompt":"Read the workspace files to understand the current state. Check if plan.md, tasks.json, notes.md, and the output codebase exist. Then create a plan with strategy and 3-6 seed tasks in tasks...
[2m2026-09-22T13:23:26.383796Z[0m [32m INFO[0m [2mharness::offload[0m[2m:[0m offloading model [3mmodel[0m[2m=[0mopenbmb/minicpm5-2b:q8_0
[2m2026-09-22T13:23:26.487836Z[0m [31mERROR[0m [2mharness[0m[2m:[0m harness run failed [3merror[0m[2m=[0mMaxTurnsError: reached max turns limit: 14
