[2m2026-09-22T12:15:01.537277Z[0m [32m INFO[0m [2mharness::experiment[0m[2m:[0m experiment manifest written [3mmanifest[0m[2m=[0m/home/ayin/projs/ARCMiS/experiments/220926/runs/totp/monolith/openbmb_minicpm5-2b:q8_0/rep4/manifest.json
[2m2026-09-22T12:15:01.537308Z[0m [32m INFO[0m [2mharness[0m[2m:[0m migration run started [3mmodel[0m[2m=[0mopenbmb/minicpm5-2b:q8_0 [3mmax_turns[0m[2m=[0m14 [3mnum_ctx[0m[2m=[0m16384 [3moutput_dir[0m[2m=[0m/home/ayin/projs/ARCMiS/experiments/220926/runs/totp/monolith/openbmb_minicpm5-2b:q8_0/rep4/workspace
[2m2026-09-22T12:15:01.543080Z[0m [32m INFO[0m [2magents::util::sources[0m[2m:[0m collected input sources [3mroot[0m[2m=[0massets/totp/C [3mfiles[0m[2m=[0m9 [3mper_file_cap[0m[2m=[0m16384
[2m2026-09-22T12:15:01.543177Z[0m [32m INFO[0m [2mrig_agent::agent::prompt_request::streaming[0m[2m:[0m Current conversation Turns: 1/14
[2m2026-09-22T12:15:01.543182Z[0m [32m INFO[0m [2mharness::run_log[0m[2m:[0m model call [3mturn[0m[2m=[0m1
[2m2026-09-22T12:15:06.278684Z[0m [32m INFO[0m [1mexecute_tool[0m[1m{[0m[3mgen_ai.operation.name[0m[2m=[0m"execute_tool" [3mgen_ai.tool.type[0m[2m=[0m"function" [3mgen_ai.tool.name[0m[2m=[0m"bash" [3mgen_ai.tool.call.id[0m[2m=[0m"FdAr9ZBJJARjceaTn2L1mmlu0mog7che"[1m}[0m[2m:[0m [2mharness::run_log[0m[2m:[0m tool call [3mturn[0m[2m=[0m1 [3mtool[0m[2m=[0m"bash" [3margs[0m[2m=[0m{"command":"ls -la /workspace 2>/dev/null || echo \"No workspace dir\""}
[2m2026-09-22T12:15:06.283611Z[0m [32m INFO[0m [2mrig_agent::agent::prompt_request::streaming[0m[2m:[0m Current conversation Turns: 2/14
[2m2026-09-22T12:15:06.283620Z[0m [32m INFO[0m [2mharness::run_log[0m[2m:[0m model call [3mturn[0m[2m=[0m2
[2m2026-09-22T12:15:06.495952Z[0m [32m INFO[0m [1mexecute_tool[0m[1m{[0m[3mgen_ai.operation.name[0m[2m=[0m"execute_tool" [3mgen_ai.tool.type[0m[2m=[0m"function" [3mgen_ai.tool.name[0m[2m=[0m"bash" [3mgen_ai.tool.call.id[0m[2m=[0m"dezcRZI3PO6urmVCCgTubzFINiixo40M"[1m}[0m[2m:[0m [2mharness::run_log[0m[2m:[0m tool call [3mturn[0m[2m=[0m2 [3mtool[0m[2m=[0m"bash" [3margs[0m[2m=[0m{"command":"mkdir -p /workspace/src"}
[2m2026-09-22T12:15:06.510353Z[0m [32m INFO[0m [2mrig_agent::agent::prompt_request::streaming[0m[2m:[0m Current conversation Turns: 3/14
[2m2026-09-22T12:15:06.510360Z[0m [32m INFO[0m [2mharness::run_log[0m[2m:[0m model call [3mturn[0m[2m=[0m3
[2m2026-09-22T12:15:06.700567Z[0m [32m INFO[0m [1mexecute_tool[0m[1m{[0m[3mgen_ai.operation.name[0m[2m=[0m"execute_tool" [3mgen_ai.tool.type[0m[2m=[0m"function" [3mgen_ai.tool.name[0m[2m=[0m"bash" [3mgen_ai.tool.call.id[0m[2m=[0m"yyhsYlLEpFPLRAhGlFiAwYq03LDTpJtW"[1m}[0m[2m:[0m [2mharness::run_log[0m[2m:[0m tool call [3mturn[0m[2m=[0m3 [3mtool[0m[2m=[0m"bash" [3margs[0m[2m=[0m{"command":"mkdir -p /workspace/src"}
[2m2026-09-22T12:15:06.704430Z[0m [32m INFO[0m [2mrig_agent::agent::prompt_request::streaming[0m[2m:[0m Current conversation Turns: 4/14
[2m2026-09-22T12:15:06.704438Z[0m [32m INFO[0m [2mharness::run_log[0m[2m:[0m model call [3mturn[0m[2m=[0m4
[2m2026-09-22T12:15:06.959868Z[0m [32m INFO[0m [1mexecute_tool[0m[1m{[0m[3mgen_ai.operation.name[0m[2m=[0m"execute_tool" [3mgen_ai.tool.type[0m[2m=[0m"function" [3mgen_ai.tool.name[0m[2m=[0m"bash" [3mgen_ai.tool.call.id[0m[2m=[0m"GuxDJ5t3O8WdDU9JiK6JitkjGQXfskUU"[1m}[0m[2m:[0m [2mharness::run_log[0m[2m:[0m tool call [3mturn[0m[2m=[0m4 [3mtool[0m[2m=[0m"bash" [3margs[0m[2m=[0m{"command":"ls -la /workspace 2>/dev/null; pwd; ls -la"}
[2m2026-09-22T12:15:06.966494Z[0m [32m INFO[0m [2mrig_agent::agent::prompt_request::streaming[0m[2m:[0m Current conversation Turns: 5/14
[2m2026-09-22T12:15:06.966505Z[0m [32m INFO[0m [2mharness::run_log[0m[2m:[0m model call [3mturn[0m[2m=[0m5
[2m2026-09-22T12:15:07.152604Z[0m [32m INFO[0m [1mexecute_tool[0m[1m{[0m[3mgen_ai.operation.name[0m[2m=[0m"execute_tool" [3mgen_ai.tool.type[0m[2m=[0m"function" [3mgen_ai.tool.name[0m[2m=[0m"bash" [3mgen_ai.tool.call.id[0m[2m=[0m"6plLAbAmXkgPjYdDt4GjSTeSJwCwYuUk"[1m}[0m[2m:[0m [2mharness::run_log[0m[2m:[0m tool call [3mturn[0m[2m=[0m5 [3mtool[0m[2m=[0m"bash" [3margs[0m[2m=[0m{"command":"ls -la /workspace/src"}
[2m2026-09-22T12:15:07.157203Z[0m [32m INFO[0m [2mrig_agent::agent::prompt_request::streaming[0m[2m:[0m Current conversation Turns: 6/14
[2m2026-09-22T12:15:07.157218Z[0m [32m INFO[0m [2mharness::run_log[0m[2m:[0m model call [3mturn[0m[2m=[0m6
[2m2026-09-22T12:15:07.348988Z[0m [32m INFO[0m [1mexecute_tool[0m[1m{[0m[3mgen_ai.operation.name[0m[2m=[0m"execute_tool" [3mgen_ai.tool.type[0m[2m=[0m"function" [3mgen_ai.tool.name[0m[2m=[0m"bash" [3mgen_ai.tool.call.id[0m[2m=[0m"Ljw2twL00GynE2QMSN44wRkJxTn3VMa2"[1m}[0m[2m:[0m [2mharness::run_log[0m[2m:[0m tool call [3mturn[0m[2m=[0m6 [3mtool[0m[2m=[0m"bash" [3margs[0m[2m=[0m{"command":"ls -la /workspace/"}
[2m2026-09-22T12:15:07.353467Z[0m [32m INFO[0m [2mrig_agent::agent::prompt_request::streaming[0m[2m:[0m Current conversation Turns: 7/14
[2m2026-09-22T12:15:07.353475Z[0m [32m INFO[0m [2mharness::run_log[0m[2m:[0m model call [3mturn[0m[2m=[0m7
[2m2026-09-22T12:15:07.623374Z[0m [32m INFO[0m [1mexecute_tool[0m[1m{[0m[3mgen_ai.operation.name[0m[2m=[0m"execute_tool" [3mgen_ai.tool.type[0m[2m=[0m"function" [3mgen_ai.tool.name[0m[2m=[0m"bash" [3mgen_ai.tool.call.id[0m[2m=[0m"AksjhugvPUoTQOF8WgdEwKKiOeExi3Oa"[1m}[0m[2m:[0m [2mharness::run_log[0m[2m:[0m tool call [3mturn[0m[2m=[0m7 [3mtool[0m[2m=[0m"bash" [3margs[0m[2m=[0m{"command":"cd /workspace && mkdir -p src && ls -la"}
[2m2026-09-22T12:15:07.625551Z[0m [32m INFO[0m [2mrig_agent::agent::prompt_request::streaming[0m[2m:[0m Current conversation Turns: 8/14
[2m2026-09-22T12:15:07.625559Z[0m [32m INFO[0m [2mharness::run_log[0m[2m:[0m model call [3mturn[0m[2m=[0m8
[2m2026-09-22T12:15:07.855644Z[0m [32m INFO[0m [1mexecute_tool[0m[1m{[0m[3mgen_ai.operation.name[0m[2m=[0m"execute_tool" [3mgen_ai.tool.type[0m[2m=[0m"function" [3mgen_ai.tool.name[0m[2m=[0m"bash" [3mgen_ai.tool.call.id[0m[2m=[0m"9CEBhnuDUqoZaM584BmeXutCrFnecdpN"[1m}[0m[2m:[0m [2mharness::run_log[0m[2m:[0m tool call [3mturn[0m[2m=[0m8 [3mtool[0m[2m=[0m"bash" [3margs[0m[2m=[0m{"command":"ls -la && pwd"}
[2m2026-09-22T12:15:07.861468Z[0m [32m INFO[0m [2mrig_agent::agent::prompt_request::streaming[0m[2m:[0m Current conversation Turns: 9/14
[2m2026-09-22T12:15:07.861479Z[0m [32m INFO[0m [2mharness::run_log[0m[2m:[0m model call [3mturn[0m[2m=[0m9
[2m2026-09-22T12:15:08.158096Z[0m [32m INFO[0m [1mexecute_tool[0m[1m{[0m[3mgen_ai.operation.name[0m[2m=[0m"execute_tool" [3mgen_ai.tool.type[0m[2m=[0m"function" [3mgen_ai.tool.name[0m[2m=[0m"bash" [3mgen_ai.tool.call.id[0m[2m=[0m"HoGPtNv474LUMrTVoPS6apnMyCtOoYtZ"[1m}[0m[2m:[0m [2mharness::run_log[0m[2m:[0m tool call [3mturn[0m[2m=[0m9 [3mtool[0m[2m=[0m"bash" [3margs[0m[2m=[0m{"command":"cd /workspace && mkdir -p src && ls -la"}
[2m2026-09-22T12:15:08.161298Z[0m [32m INFO[0m [2mrig_agent::agent::prompt_request::streaming[0m[2m:[0m Current conversation Turns: 10/14
[2m2026-09-22T12:15:08.161303Z[0m [32m INFO[0m [2mharness::run_log[0m[2m:[0m model call [3mturn[0m[2m=[0m10
[2m2026-09-22T12:15:08.444932Z[0m [32m INFO[0m [1mexecute_tool[0m[1m{[0m[3mgen_ai.operation.name[0m[2m=[0m"execute_tool" [3mgen_ai.tool.type[0m[2m=[0m"function" [3mgen_ai.tool.name[0m[2m=[0m"bash" [3mgen_ai.tool.call.id[0m[2m=[0m"q1Q9iQUxaZjPuIFeY8Xq9So7l307R3Zp"[1m}[0m[2m:[0m [2mharness::run_log[0m[2m:[0m tool call [3mturn[0m[2m=[0m10 [3mtool[0m[2m=[0m"bash" [3margs[0m[2m=[0m{"command":"cd /workspace && mkdir -p src && ls -la"}
[2m2026-09-22T12:15:08.447430Z[0m [32m INFO[0m [2mrig_agent::agent::prompt_request::streaming[0m[2m:[0m Current conversation Turns: 11/14
[2m2026-09-22T12:15:08.447444Z[0m [32m INFO[0m [2mharness::run_log[0m[2m:[0m model call [3mturn[0m[2m=[0m11
[2m2026-09-22T12:15:08.808263Z[0m [32m INFO[0m [1mexecute_tool[0m[1m{[0m[3mgen_ai.operation.name[0m[2m=[0m"execute_tool" [3mgen_ai.tool.type[0m[2m=[0m"function" [3mgen_ai.tool.name[0m[2m=[0m"bash" [3mgen_ai.tool.call.id[0m[2m=[0m"ofy1HamXApZOeCBfN4hyRvuOaLhBfEHp"[1m}[0m[2m:[0m [2mharness::run_log[0m[2m:[0m tool call [3mturn[0m[2m=[0m11 [3mtool[0m[2m=[0m"bash" [3margs[0m[2m=[0m{"command":"cd /workspace/openbmb_minicpm5-2b/rep4/workspace && ls -la"}
[2m2026-09-22T12:15:08.811387Z[0m [32m INFO[0m [2mrig_agent::agent::prompt_request::streaming[0m[2m:[0m Current conversation Turns: 12/14
[2m2026-09-22T12:15:08.811395Z[0m [32m INFO[0m [2mharness::run_log[0m[2m:[0m model call [3mturn[0m[2m=[0m12
[2m2026-09-22T12:15:09.177397Z[0m [32m INFO[0m [1mexecute_tool[0m[1m{[0m[3mgen_ai.operation.name[0m[2m=[0m"execute_tool" [3mgen_ai.tool.type[0m[2m=[0m"function" [3mgen_ai.tool.name[0m[2m=[0m"bash" [3mgen_ai.tool.call.id[0m[2m=[0m"xjBT7LWYGbFaTwlyw3ycNWwElVebcZdG"[1m}[0m[2m:[0m [2mharness::run_log[0m[2m:[0m tool call [3mturn[0m[2m=[0m12 [3mtool[0m[2m=[0m"bash" [3margs[0m[2m=[0m{"command":"cd /workspace/openbmb_minicpm5-2b/rep4/workspace && ls -la"}
[2m2026-09-22T12:15:09.180397Z[0m [32m INFO[0m [2mrig_agent::agent::prompt_request::streaming[0m[2m:[0m Current conversation Turns: 13/14
[2m2026-09-22T12:15:09.180405Z[0m [32m INFO[0m [2mharness::run_log[0m[2m:[0m model call [3mturn[0m[2m=[0m13
[2m2026-09-22T12:15:09.548738Z[0m [32m INFO[0m [1mexecute_tool[0m[1m{[0m[3mgen_ai.operation.name[0m[2m=[0m"execute_tool" [3mgen_ai.tool.type[0m[2m=[0m"function" [3mgen_ai.tool.name[0m[2m=[0m"bash" [3mgen_ai.tool.call.id[0m[2m=[0m"aVqcnMv4sCnV9GMMcjECX0JGxbjcISEe"[1m}[0m[2m:[0m [2mharness::run_log[0m[2m:[0m tool call [3mturn[0m[2m=[0m13 [3mtool[0m[2m=[0m"bash" [3margs[0m[2m=[0m{"command":"cd /workspace/openbmb_minicpm5-2b/rep4/workspace && ls -la"}
[2m2026-09-22T12:15:09.551841Z[0m [32m INFO[0m [2mrig_agent::agent::prompt_request::streaming[0m[2m:[0m Current conversation Turns: 14/14
[2m2026-09-22T12:15:09.551846Z[0m [32m INFO[0m [2mharness::run_log[0m[2m:[0m model call [3mturn[0m[2m=[0m14
[2m2026-09-22T12:15:09.935455Z[0m [32m INFO[0m [1mexecute_tool[0m[1m{[0m[3mgen_ai.operation.name[0m[2m=[0m"execute_tool" [3mgen_ai.tool.type[0m[2m=[0m"function" [3mgen_ai.tool.name[0m[2m=[0m"bash" [3mgen_ai.tool.call.id[0m[2m=[0m"G9BA1mqwuaRGrdYae3nrqhAnEh577BQi"[1m}[0m[2m:[0m [2mharness::run_log[0m[2m:[0m tool call [3mturn[0m[2m=[0m14 [3mtool[0m[2m=[0m"bash" [3margs[0m[2m=[0m{"command":"cd /workspace/openbmb_minicpm5-2b/rep4/workspace && ls -la"}
[2m2026-09-22T12:15:09.939710Z[0m [32m INFO[0m [2mharness::offload[0m[2m:[0m offloading model [3mmodel[0m[2m=[0mopenbmb/minicpm5-2b:q8_0
[2m2026-09-22T12:15:10.032858Z[0m [31mERROR[0m [2mharness[0m[2m:[0m harness run failed [3merror[0m[2m=[0mMaxTurnsError: reached max turns limit: 14
