[2m2026-09-22T12:47:31.192324Z[0m [32m INFO[0m [2mharness::experiment[0m[2m:[0m experiment manifest written [3mmanifest[0m[2m=[0m/home/ayin/projs/ARCMiS/experiments/220926/runs/expr/ledger/openbmb_minicpm5-2b:q8_0/rep3/manifest.json
[2m2026-09-22T12:47:31.192354Z[0m [32m INFO[0m [2mharness[0m[2m:[0m migration run started [3mmodel[0m[2m=[0mopenbmb/minicpm5-2b:q8_0 [3mmax_turns[0m[2m=[0m14 [3mnum_ctx[0m[2m=[0m16384 [3moutput_dir[0m[2m=[0m/home/ayin/projs/ARCMiS/experiments/220926/runs/expr/ledger/openbmb_minicpm5-2b:q8_0/rep3/workspace
[2m2026-09-22T12:47:31.197290Z[0m [33m WARN[0m [2magents::util::sources[0m[2m:[0m input file truncated to context cap [3mfile[0m[2m=[0mmapper_expr.c [3mper_file_cap[0m[2m=[0m16384
[2m2026-09-22T12:47:31.197312Z[0m [32m INFO[0m [2magents::util::sources[0m[2m:[0m collected input sources [3mroot[0m[2m=[0massets/expr/C [3mfiles[0m[2m=[0m6 [3mper_file_cap[0m[2m=[0m16384
[2m2026-09-22T12:47:31.197419Z[0m [32m INFO[0m [2mrig_agent::agent::prompt_request::streaming[0m[2m:[0m Current conversation Turns: 1/14
[2m2026-09-22T12:47:31.197423Z[0m [32m INFO[0m [2mharness::run_log[0m[2m:[0m model call [3mturn[0m[2m=[0m1
[2m2026-09-22T12:47:38.711957Z[0m [32m INFO[0m [1mexecute_tool[0m[1m{[0m[3mgen_ai.operation.name[0m[2m=[0m"execute_tool" [3mgen_ai.tool.type[0m[2m=[0m"function" [3mgen_ai.tool.name[0m[2m=[0m"ledger_worker" [3mgen_ai.tool.call.id[0m[2m=[0m"Z47bh4bh5OIJpokXaHsJTAhMwDk5qO6Y"[1m}[0m[2m:[0m [2mharness::run_log[0m[2m:[0m tool call [3mturn[0m[2m=[0m1 [3mtool[0m[2m=[0m"ledger_worker" [3margs[0m[2m=[0m{"prompt":"You are translating a C expression evaluator (libmapper) from source_language=C to target_language=Rust. The test_command is \"cargo test\". You need to:\n\n1. First, understand the full so...
[2m2026-09-22T12:47:41.228373Z[0m [32m INFO[0m [2mrig_agent::agent::prompt_request::streaming[0m[2m:[0m Current conversation Turns: 2/14
[2m2026-09-22T12:47:41.228384Z[0m [32m INFO[0m [2mharness::run_log[0m[2m:[0m model call [3mturn[0m[2m=[0m2
[2m2026-09-22T12:47:45.136863Z[0m [32m INFO[0m [1mexecute_tool[0m[1m{[0m[3mgen_ai.operation.name[0m[2m=[0m"execute_tool" [3mgen_ai.tool.type[0m[2m=[0m"function" [3mgen_ai.tool.name[0m[2m=[0m"ledger_worker" [3mgen_ai.tool.call.id[0m[2m=[0m"xZM6wlvGOyO3OapweTHSuob6OET3vevi"[1m}[0m[2m:[0m [2mharness::run_log[0m[2m:[0m tool call [3mturn[0m[2m=[0m2 [3mtool[0m[2m=[0m"ledger_worker" [3margs[0m[2m=[0m{"prompt":"You are translating a C expression evaluator to Rust. Let me analyze the source code thoroughly:\n\n**Source Files:**\n- `mapper_expr.c` - Main implementation with lexer, parser, evaluator,...
[2m2026-09-22T12:47:47.184507Z[0m [32m INFO[0m [2mrig_agent::agent::prompt_request::streaming[0m[2m:[0m Current conversation Turns: 3/14
[2m2026-09-22T12:47:47.184517Z[0m [32m INFO[0m [2mharness::run_log[0m[2m:[0m model call [3mturn[0m[2m=[0m3
[2m2026-09-22T12:47:51.201057Z[0m [32m INFO[0m [1mexecute_tool[0m[1m{[0m[3mgen_ai.operation.name[0m[2m=[0m"execute_tool" [3mgen_ai.tool.type[0m[2m=[0m"function" [3mgen_ai.tool.name[0m[2m=[0m"ledger_worker" [3mgen_ai.tool.call.id[0m[2m=[0m"WQWbNQQbhxb6eUnLOemlEiGDgYoQ5Vkt"[1m}[0m[2m:[0m [2mharness::run_log[0m[2m:[0m tool call [3mturn[0m[2m=[0m3 [3mtool[0m[2m=[0m"ledger_worker" [3margs[0m[2m=[0m{"prompt":"You are translating a C expression evaluator to Rust. Let me analyze the source code thoroughly:\n\n**Source Files:**\n- `mapper_expr.c` - Main implementation with lexer, parser, evaluator,...
[2m2026-09-22T12:47:54.278684Z[0m [32m INFO[0m [2mrig_agent::agent::prompt_request::streaming[0m[2m:[0m Current conversation Turns: 4/14
[2m2026-09-22T12:47:54.278694Z[0m [32m INFO[0m [2mharness::run_log[0m[2m:[0m model call [3mturn[0m[2m=[0m4
[2m2026-09-22T12:47:58.335551Z[0m [32m INFO[0m [1mexecute_tool[0m[1m{[0m[3mgen_ai.operation.name[0m[2m=[0m"execute_tool" [3mgen_ai.tool.type[0m[2m=[0m"function" [3mgen_ai.tool.name[0m[2m=[0m"ledger_worker" [3mgen_ai.tool.call.id[0m[2m=[0m"H3nc26lB0oyZrZxVSDGXTXjKuHWxPjjw"[1m}[0m[2m:[0m [2mharness::run_log[0m[2m:[0m tool call [3mturn[0m[2m=[0m4 [3mtool[0m[2m=[0m"ledger_worker" [3margs[0m[2m=[0m{"prompt":"You are translating a C expression evaluator to Rust. Let me analyze the source code thoroughly:\n\n**Source Files:**\n- `mapper_expr.c` - Main implementation with lexer, parser, evaluator,...
[2m2026-09-22T12:48:20.666300Z[0m [32m INFO[0m [2mrig_agent::agent::prompt_request::streaming[0m[2m:[0m Current conversation Turns: 5/14
[2m2026-09-22T12:48:20.666310Z[0m [32m INFO[0m [2mharness::run_log[0m[2m:[0m model call [3mturn[0m[2m=[0m5
[2m2026-09-22T12:48:24.850411Z[0m [32m INFO[0m [1mexecute_tool[0m[1m{[0m[3mgen_ai.operation.name[0m[2m=[0m"execute_tool" [3mgen_ai.tool.type[0m[2m=[0m"function" [3mgen_ai.tool.name[0m[2m=[0m"ledger_worker" [3mgen_ai.tool.call.id[0m[2m=[0m"ERz9cK1Own7xjwFOhAA5BjjQ2YIjjlQ5"[1m}[0m[2m:[0m [2mharness::run_log[0m[2m:[0m tool call [3mturn[0m[2m=[0m5 [3mtool[0m[2m=[0m"ledger_worker" [3margs[0m[2m=[0m{"prompt":"You are translating a C expression evaluator to Rust. Let me analyze the source code thoroughly:\n\n**Source Files:**\n- `mapper_expr.c` - Main implementation with lexer, parser, evaluator,...
[2m2026-09-22T12:48:26.836647Z[0m [32m INFO[0m [2mrig_agent::agent::prompt_request::streaming[0m[2m:[0m Current conversation Turns: 6/14
[2m2026-09-22T12:48:26.836656Z[0m [32m INFO[0m [2mharness::run_log[0m[2m:[0m model call [3mturn[0m[2m=[0m6
[2m2026-09-22T12:48:31.036817Z[0m [32m INFO[0m [1mexecute_tool[0m[1m{[0m[3mgen_ai.operation.name[0m[2m=[0m"execute_tool" [3mgen_ai.tool.type[0m[2m=[0m"function" [3mgen_ai.tool.name[0m[2m=[0m"ledger_worker" [3mgen_ai.tool.call.id[0m[2m=[0m"dwInRacpe6AyMJkgEdrkPB5heXs32ta6"[1m}[0m[2m:[0m [2mharness::run_log[0m[2m:[0m tool call [3mturn[0m[2m=[0m6 [3mtool[0m[2m=[0m"ledger_worker" [3margs[0m[2m=[0m{"prompt":"You are translating a C expression evaluator to Rust. Let me analyze the source code thoroughly:\n\n**Source Files:**\n- `mapper_expr.c` - Main implementation with lexer, parser, evaluator,...
[2m2026-09-22T12:48:33.323554Z[0m [32m INFO[0m [2mrig_agent::agent::prompt_request::streaming[0m[2m:[0m Current conversation Turns: 7/14
[2m2026-09-22T12:48:33.323564Z[0m [32m INFO[0m [2mharness::run_log[0m[2m:[0m model call [3mturn[0m[2m=[0m7
[2m2026-09-22T12:48:37.616163Z[0m [32m INFO[0m [1mexecute_tool[0m[1m{[0m[3mgen_ai.operation.name[0m[2m=[0m"execute_tool" [3mgen_ai.tool.type[0m[2m=[0m"function" [3mgen_ai.tool.name[0m[2m=[0m"ledger_worker" [3mgen_ai.tool.call.id[0m[2m=[0m"LViP9aCPsD0n6ZBic43Jep6m8MpmNcGS"[1m}[0m[2m:[0m [2mharness::run_log[0m[2m:[0m tool call [3mturn[0m[2m=[0m7 [3mtool[0m[2m=[0m"ledger_worker" [3margs[0m[2m=[0m{"prompt":"You are translating a C expression evaluator to Rust. Let me analyze the source code thoroughly:\n\n**Source Files:**\n- `mapper_expr.c` - Main implementation with lexer, parser, evaluator,...
[2m2026-09-22T12:48:44.984524Z[0m [32m INFO[0m [2mrig_agent::agent::prompt_request::streaming[0m[2m:[0m Current conversation Turns: 8/14
[2m2026-09-22T12:48:44.984534Z[0m [32m INFO[0m [2mharness::run_log[0m[2m:[0m model call [3mturn[0m[2m=[0m8
[2m2026-09-22T12:48:49.308925Z[0m [32m INFO[0m [1mexecute_tool[0m[1m{[0m[3mgen_ai.operation.name[0m[2m=[0m"execute_tool" [3mgen_ai.tool.type[0m[2m=[0m"function" [3mgen_ai.tool.name[0m[2m=[0m"ledger_worker" [3mgen_ai.tool.call.id[0m[2m=[0m"djkVkebifV3cl6VgBwnRqYL6jPri2TU6"[1m}[0m[2m:[0m [2mharness::run_log[0m[2m:[0m tool call [3mturn[0m[2m=[0m8 [3mtool[0m[2m=[0m"ledger_worker" [3margs[0m[2m=[0m{"prompt":"You are translating a C expression evaluator to Rust. Let me analyze the source code thoroughly:\n\n**Source Files:**\n- `mapper_expr.c` - Main implementation with lexer, parser, evaluator,...
[2m2026-09-22T12:48:52.033665Z[0m [32m INFO[0m [2mrig_agent::agent::prompt_request::streaming[0m[2m:[0m Current conversation Turns: 9/14
[2m2026-09-22T12:48:52.033677Z[0m [32m INFO[0m [2mharness::run_log[0m[2m:[0m model call [3mturn[0m[2m=[0m9
[2m2026-09-22T12:48:56.450638Z[0m [32m INFO[0m [1mexecute_tool[0m[1m{[0m[3mgen_ai.operation.name[0m[2m=[0m"execute_tool" [3mgen_ai.tool.type[0m[2m=[0m"function" [3mgen_ai.tool.name[0m[2m=[0m"ledger_worker" [3mgen_ai.tool.call.id[0m[2m=[0m"ATohb8vtz8ZR0ajGkZaGLoG9g4U8MSEw"[1m}[0m[2m:[0m [2mharness::run_log[0m[2m:[0m tool call [3mturn[0m[2m=[0m9 [3mtool[0m[2m=[0m"ledger_worker" [3margs[0m[2m=[0m{"prompt":"You are translating a C expression evaluator to Rust. Let me analyze the source code thoroughly:\n\n**Source Files:**\n- `mapper_expr.c` - Main implementation with lexer, parser, evaluator,...
[2m2026-09-22T12:48:58.593323Z[0m [32m INFO[0m [2mrig_agent::agent::prompt_request::streaming[0m[2m:[0m Current conversation Turns: 10/14
[2m2026-09-22T12:48:58.593330Z[0m [32m INFO[0m [2mharness::run_log[0m[2m:[0m model call [3mturn[0m[2m=[0m10
[2m2026-09-22T12:49:03.057012Z[0m [32m INFO[0m [1mexecute_tool[0m[1m{[0m[3mgen_ai.operation.name[0m[2m=[0m"execute_tool" [3mgen_ai.tool.type[0m[2m=[0m"function" [3mgen_ai.tool.name[0m[2m=[0m"ledger_worker" [3mgen_ai.tool.call.id[0m[2m=[0m"4cJUmTGT6A00YeytnuicANi3vSFleBZB"[1m}[0m[2m:[0m [2mharness::run_log[0m[2m:[0m tool call [3mturn[0m[2m=[0m10 [3mtool[0m[2m=[0m"ledger_worker" [3margs[0m[2m=[0m{"prompt":"You are translating a C expression evaluator to Rust. Let me analyze the source code thoroughly:\n\n**Source Files:**\n- `mapper_expr.c` - Main implementation with lexer, parser, evaluator,...
[2m2026-09-22T12:49:05.582735Z[0m [32m INFO[0m [2mrig_agent::agent::prompt_request::streaming[0m[2m:[0m Current conversation Turns: 11/14
[2m2026-09-22T12:49:05.582745Z[0m [32m INFO[0m [2mharness::run_log[0m[2m:[0m model call [3mturn[0m[2m=[0m11
[2m2026-09-22T12:49:10.125406Z[0m [32m INFO[0m [1mexecute_tool[0m[1m{[0m[3mgen_ai.operation.name[0m[2m=[0m"execute_tool" [3mgen_ai.tool.type[0m[2m=[0m"function" [3mgen_ai.tool.name[0m[2m=[0m"ledger_worker" [3mgen_ai.tool.call.id[0m[2m=[0m"KvoRSDvTzXuc7pYBawPGRcKns7aEXEMA"[1m}[0m[2m:[0m [2mharness::run_log[0m[2m:[0m tool call [3mturn[0m[2m=[0m11 [3mtool[0m[2m=[0m"ledger_worker" [3margs[0m[2m=[0m{"prompt":"You are translating a C expression evaluator to Rust. Let me analyze the source code thoroughly:\n\n**Source Files:**\n- `mapper_expr.c` - Main implementation with lexer, parser, evaluator,...
[2m2026-09-22T12:49:12.536968Z[0m [32m INFO[0m [2mrig_agent::agent::prompt_request::streaming[0m[2m:[0m Current conversation Turns: 12/14
[2m2026-09-22T12:49:12.536978Z[0m [32m INFO[0m [2mharness::run_log[0m[2m:[0m model call [3mturn[0m[2m=[0m12
[2m2026-09-22T12:49:17.134563Z[0m [32m INFO[0m [1mexecute_tool[0m[1m{[0m[3mgen_ai.operation.name[0m[2m=[0m"execute_tool" [3mgen_ai.tool.type[0m[2m=[0m"function" [3mgen_ai.tool.name[0m[2m=[0m"ledger_worker" [3mgen_ai.tool.call.id[0m[2m=[0m"WuWyETNDdUl9IkEZzsMzIVLSvLaybwGw"[1m}[0m[2m:[0m [2mharness::run_log[0m[2m:[0m tool call [3mturn[0m[2m=[0m12 [3mtool[0m[2m=[0m"ledger_worker" [3margs[0m[2m=[0m{"prompt":"You are translating a C expression evaluator to Rust. Let me analyze the source code thoroughly:\n\n**Source Files:**\n- `mapper_expr.c` - Main implementation with lexer, parser, evaluator,...
[2m2026-09-22T12:49:18.761173Z[0m [32m INFO[0m [2mrig_agent::agent::prompt_request::streaming[0m[2m:[0m Current conversation Turns: 13/14
[2m2026-09-22T12:49:18.761183Z[0m [32m INFO[0m [2mharness::run_log[0m[2m:[0m model call [3mturn[0m[2m=[0m13
[2m2026-09-22T12:49:23.429814Z[0m [32m INFO[0m [1mexecute_tool[0m[1m{[0m[3mgen_ai.operation.name[0m[2m=[0m"execute_tool" [3mgen_ai.tool.type[0m[2m=[0m"function" [3mgen_ai.tool.name[0m[2m=[0m"ledger_worker" [3mgen_ai.tool.call.id[0m[2m=[0m"Nv01mCslQ50px1eJp7kBeiHfZQtt8ZoP"[1m}[0m[2m:[0m [2mharness::run_log[0m[2m:[0m tool call [3mturn[0m[2m=[0m13 [3mtool[0m[2m=[0m"ledger_worker" [3margs[0m[2m=[0m{"prompt":"You are translating a C expression evaluator to Rust. Let me analyze the source code thoroughly:\n\n**Source Files:**\n- `mapper_expr.c` - Main implementation with lexer, parser, evaluator,...
[2m2026-09-22T12:49:26.949702Z[0m [32m INFO[0m [2mrig_agent::agent::prompt_request::streaming[0m[2m:[0m Current conversation Turns: 14/14
[2m2026-09-22T12:49:26.949711Z[0m [32m INFO[0m [2mharness::run_log[0m[2m:[0m model call [3mturn[0m[2m=[0m14
[2m2026-09-22T12:49:31.669241Z[0m [32m INFO[0m [1mexecute_tool[0m[1m{[0m[3mgen_ai.operation.name[0m[2m=[0m"execute_tool" [3mgen_ai.tool.type[0m[2m=[0m"function" [3mgen_ai.tool.name[0m[2m=[0m"ledger_worker" [3mgen_ai.tool.call.id[0m[2m=[0m"ULqwI98PieJd96l9nObQgl0DXiqNWNwN"[1m}[0m[2m:[0m [2mharness::run_log[0m[2m:[0m tool call [3mturn[0m[2m=[0m14 [3mtool[0m[2m=[0m"ledger_worker" [3margs[0m[2m=[0m{"prompt":"You are translating a C expression evaluator to Rust. Let me analyze the source code thoroughly:\n\n**Source Files:**\n- `mapper_expr.c` - Main implementation with lexer, parser, evaluator,...
[2m2026-09-22T12:49:33.148757Z[0m [32m INFO[0m [2mharness::offload[0m[2m:[0m offloading model [3mmodel[0m[2m=[0mopenbmb/minicpm5-2b:q8_0
[2m2026-09-22T12:49:33.241084Z[0m [31mERROR[0m [2mharness[0m[2m:[0m harness run failed [3merror[0m[2m=[0mMaxTurnsError: reached max turns limit: 14
