[2m2026-09-22T12:42:36.314987Z[0m [32m INFO[0m [2mharness::experiment[0m[2m:[0m experiment manifest written [3mmanifest[0m[2m=[0m/home/ayin/projs/ARCMiS/experiments/220926/runs/expr/monolith/openbmb_minicpm5-2b:q8_0/rep4/manifest.json
[2m2026-09-22T12:42:36.315015Z[0m [32m INFO[0m [2mharness[0m[2m:[0m migration run started [3mmodel[0m[2m=[0mopenbmb/minicpm5-2b:q8_0 [3mmax_turns[0m[2m=[0m14 [3mnum_ctx[0m[2m=[0m16384 [3moutput_dir[0m[2m=[0m/home/ayin/projs/ARCMiS/experiments/220926/runs/expr/monolith/openbmb_minicpm5-2b:q8_0/rep4/workspace
[2m2026-09-22T12:42:36.320826Z[0m [33m WARN[0m [2magents::util::sources[0m[2m:[0m input file truncated to context cap [3mfile[0m[2m=[0mmapper_expr.c [3mper_file_cap[0m[2m=[0m16384
[2m2026-09-22T12:42:36.320850Z[0m [32m INFO[0m [2magents::util::sources[0m[2m:[0m collected input sources [3mroot[0m[2m=[0massets/expr/C [3mfiles[0m[2m=[0m6 [3mper_file_cap[0m[2m=[0m16384
[2m2026-09-22T12:42:36.320948Z[0m [32m INFO[0m [2mrig_agent::agent::prompt_request::streaming[0m[2m:[0m Current conversation Turns: 1/14
[2m2026-09-22T12:42:36.320952Z[0m [32m INFO[0m [2mharness::run_log[0m[2m:[0m model call [3mturn[0m[2m=[0m1
[2m2026-09-22T12:42:42.782958Z[0m [32m INFO[0m [1mexecute_tool[0m[1m{[0m[3mgen_ai.operation.name[0m[2m=[0m"execute_tool" [3mgen_ai.tool.type[0m[2m=[0m"function" [3mgen_ai.tool.name[0m[2m=[0m"write" [3mgen_ai.tool.call.id[0m[2m=[0m"GDrXJ6gXDN2Fju1xQFr3dtMHG4toAT35"[1m}[0m[2m:[0m [2mharness::run_log[0m[2m:[0m tool call [3mturn[0m[2m=[0m1 [3mtool[0m[2m=[0m"write" [3margs[0m[2m=[0m{"content":"[package]\nname = \"mapper_expr\"\nversion = \"0.1.0\"\nedition = \"2021\"\ndescription = \"A self-contained expression evaluator from libmapper, relicensed under BSD.\"\n\n[dependencies]\...
[2m2026-09-22T12:42:42.783011Z[0m [32m INFO[0m [2mrig_agent::agent::prompt_request::streaming[0m[2m:[0m Current conversation Turns: 2/14
[2m2026-09-22T12:42:42.783016Z[0m [32m INFO[0m [2mharness::run_log[0m[2m:[0m model call [3mturn[0m[2m=[0m2
[2m2026-09-22T12:42:43.469004Z[0m [32m INFO[0m [1mexecute_tool[0m[1m{[0m[3mgen_ai.operation.name[0m[2m=[0m"execute_tool" [3mgen_ai.tool.type[0m[2m=[0m"function" [3mgen_ai.tool.name[0m[2m=[0m"write" [3mgen_ai.tool.call.id[0m[2m=[0m"91iNmYpxIpGwAyTOTNApmicgkv5ECs11"[1m}[0m[2m:[0m [2mharness::run_log[0m[2m:[0m tool call [3mturn[0m[2m=[0m2 [3mtool[0m[2m=[0m"write" [3margs[0m[2m=[0m{"content":"[package]\nname = \"mapper_expr\"\nversion = \"0.1.0\"\nedition = \"2021\"\ndescription = \"A self-contained expression evaluator from libmapper, relicensed under BSD.\"\n\n[dependencies]\...
[2m2026-09-22T12:42:43.469062Z[0m [32m INFO[0m [2mrig_agent::agent::prompt_request::streaming[0m[2m:[0m Current conversation Turns: 3/14
[2m2026-09-22T12:42:43.469067Z[0m [32m INFO[0m [2mharness::run_log[0m[2m:[0m model call [3mturn[0m[2m=[0m3
[2m2026-09-22T12:42:44.106393Z[0m [32m INFO[0m [1mexecute_tool[0m[1m{[0m[3mgen_ai.operation.name[0m[2m=[0m"execute_tool" [3mgen_ai.tool.type[0m[2m=[0m"function" [3mgen_ai.tool.name[0m[2m=[0m"write" [3mgen_ai.tool.call.id[0m[2m=[0m"kkWJ5a86cTAFz6FeS0e81z32jXupiwnj"[1m}[0m[2m:[0m [2mharness::run_log[0m[2m:[0m tool call [3mturn[0m[2m=[0m3 [3mtool[0m[2m=[0m"write" [3margs[0m[2m=[0m{"content":"[package]\nname = \"mapper_expr\"\nversion = \"0.1.0\"\nedition = \"2021\"\ndescription = \"A self-contained expression evaluator from libmapper, relicensed under BSD.\"\n\n[dependencies]\...
[2m2026-09-22T12:42:44.106452Z[0m [32m INFO[0m [2mrig_agent::agent::prompt_request::streaming[0m[2m:[0m Current conversation Turns: 4/14
[2m2026-09-22T12:42:44.106457Z[0m [32m INFO[0m [2mharness::run_log[0m[2m:[0m model call [3mturn[0m[2m=[0m4
[2m2026-09-22T12:42:44.743915Z[0m [32m INFO[0m [1mexecute_tool[0m[1m{[0m[3mgen_ai.operation.name[0m[2m=[0m"execute_tool" [3mgen_ai.tool.type[0m[2m=[0m"function" [3mgen_ai.tool.name[0m[2m=[0m"write" [3mgen_ai.tool.call.id[0m[2m=[0m"QZ7jLd151vlcx7sXBOCK5YB3yDaKNmfu"[1m}[0m[2m:[0m [2mharness::run_log[0m[2m:[0m tool call [3mturn[0m[2m=[0m4 [3mtool[0m[2m=[0m"write" [3margs[0m[2m=[0m{"content":"[package]\nname = \"mapper_expr\"\nversion = \"0.1.0\"\nedition = \"2021\"\ndescription = \"A self-contained expression evaluator from libmapper, relicensed under BSD.\"\n\n[dependencies]\...
[2m2026-09-22T12:42:44.743983Z[0m [32m INFO[0m [2mrig_agent::agent::prompt_request::streaming[0m[2m:[0m Current conversation Turns: 5/14
[2m2026-09-22T12:42:44.743997Z[0m [32m INFO[0m [2mharness::run_log[0m[2m:[0m model call [3mturn[0m[2m=[0m5
[2m2026-09-22T12:42:45.390150Z[0m [32m INFO[0m [1mexecute_tool[0m[1m{[0m[3mgen_ai.operation.name[0m[2m=[0m"execute_tool" [3mgen_ai.tool.type[0m[2m=[0m"function" [3mgen_ai.tool.name[0m[2m=[0m"write" [3mgen_ai.tool.call.id[0m[2m=[0m"5z3IrsVgFBrNZvWuPgOfZZXdI3jRtcdV"[1m}[0m[2m:[0m [2mharness::run_log[0m[2m:[0m tool call [3mturn[0m[2m=[0m5 [3mtool[0m[2m=[0m"write" [3margs[0m[2m=[0m{"content":"[package]\nname = \"mapper_expr\"\nversion = \"0.1.0\"\nedition = \"2021\"\ndescription = \"A self-contained expression evaluator from libmapper, relicensed under BSD.\"\n\n[dependencies]\...
[2m2026-09-22T12:42:45.390217Z[0m [32m INFO[0m [2mrig_agent::agent::prompt_request::streaming[0m[2m:[0m Current conversation Turns: 6/14
[2m2026-09-22T12:42:45.390219Z[0m [32m INFO[0m [2mharness::run_log[0m[2m:[0m model call [3mturn[0m[2m=[0m6
[2m2026-09-22T12:42:46.035870Z[0m [32m INFO[0m [1mexecute_tool[0m[1m{[0m[3mgen_ai.operation.name[0m[2m=[0m"execute_tool" [3mgen_ai.tool.type[0m[2m=[0m"function" [3mgen_ai.tool.name[0m[2m=[0m"write" [3mgen_ai.tool.call.id[0m[2m=[0m"KMRt9b3aMjIp4C4h3S15pCqC6qvoPsdA"[1m}[0m[2m:[0m [2mharness::run_log[0m[2m:[0m tool call [3mturn[0m[2m=[0m6 [3mtool[0m[2m=[0m"write" [3margs[0m[2m=[0m{"content":"[package]\nname = \"mapper_expr\"\nversion = \"0.1.0\"\nedition = \"2021\"\ndescription = \"A self-contained expression evaluator from libmapper, relicensed under BSD.\"\n\n[dependencies]\...
[2m2026-09-22T12:42:46.035926Z[0m [32m INFO[0m [2mrig_agent::agent::prompt_request::streaming[0m[2m:[0m Current conversation Turns: 7/14
[2m2026-09-22T12:42:46.035931Z[0m [32m INFO[0m [2mharness::run_log[0m[2m:[0m model call [3mturn[0m[2m=[0m7
[2m2026-09-22T12:42:46.694450Z[0m [32m INFO[0m [1mexecute_tool[0m[1m{[0m[3mgen_ai.operation.name[0m[2m=[0m"execute_tool" [3mgen_ai.tool.type[0m[2m=[0m"function" [3mgen_ai.tool.name[0m[2m=[0m"write" [3mgen_ai.tool.call.id[0m[2m=[0m"DuFLLdNmG3hm7iKh7eIFtwZrLrEOYKFM"[1m}[0m[2m:[0m [2mharness::run_log[0m[2m:[0m tool call [3mturn[0m[2m=[0m7 [3mtool[0m[2m=[0m"write" [3margs[0m[2m=[0m{"content":"[package]\nname = \"mapper_expr\"\nversion = \"0.1.0\"\nedition = \"2021\"\ndescription = \"A self-contained expression evaluator from libmapper, relicensed under BSD.\"\n\n[dependencies]\...
[2m2026-09-22T12:42:46.694512Z[0m [32m INFO[0m [2mrig_agent::agent::prompt_request::streaming[0m[2m:[0m Current conversation Turns: 8/14
[2m2026-09-22T12:42:46.694517Z[0m [32m INFO[0m [2mharness::run_log[0m[2m:[0m model call [3mturn[0m[2m=[0m8
[2m2026-09-22T12:42:47.360263Z[0m [32m INFO[0m [1mexecute_tool[0m[1m{[0m[3mgen_ai.operation.name[0m[2m=[0m"execute_tool" [3mgen_ai.tool.type[0m[2m=[0m"function" [3mgen_ai.tool.name[0m[2m=[0m"write" [3mgen_ai.tool.call.id[0m[2m=[0m"EcsbieezgbMm3iq3rS9KNdcVGui26qQP"[1m}[0m[2m:[0m [2mharness::run_log[0m[2m:[0m tool call [3mturn[0m[2m=[0m8 [3mtool[0m[2m=[0m"write" [3margs[0m[2m=[0m{"content":"[package]\nname = \"mapper_expr\"\nversion = \"0.1.0\"\nedition = \"2021\"\ndescription = \"A self-contained expression evaluator from libmapper, relicensed under BSD.\"\n\n[dependencies]\...
[2m2026-09-22T12:42:47.360324Z[0m [32m INFO[0m [2mrig_agent::agent::prompt_request::streaming[0m[2m:[0m Current conversation Turns: 9/14
[2m2026-09-22T12:42:47.360337Z[0m [32m INFO[0m [2mharness::run_log[0m[2m:[0m model call [3mturn[0m[2m=[0m9
[2m2026-09-22T12:42:48.038692Z[0m [32m INFO[0m [1mexecute_tool[0m[1m{[0m[3mgen_ai.operation.name[0m[2m=[0m"execute_tool" [3mgen_ai.tool.type[0m[2m=[0m"function" [3mgen_ai.tool.name[0m[2m=[0m"write" [3mgen_ai.tool.call.id[0m[2m=[0m"Yl3dGbCoT7zJqvZOghLieeOLGKIkyb8x"[1m}[0m[2m:[0m [2mharness::run_log[0m[2m:[0m tool call [3mturn[0m[2m=[0m9 [3mtool[0m[2m=[0m"write" [3margs[0m[2m=[0m{"content":"[package]\nname = \"mapper_expr\"\nversion = \"0.1.0\"\nedition = \"2021\"\ndescription = \"A self-contained expression evaluator from libmapper, relicensed under BSD.\"\n\n[dependencies]\...
[2m2026-09-22T12:42:48.038752Z[0m [32m INFO[0m [2mrig_agent::agent::prompt_request::streaming[0m[2m:[0m Current conversation Turns: 10/14
[2m2026-09-22T12:42:48.038755Z[0m [32m INFO[0m [2mharness::run_log[0m[2m:[0m model call [3mturn[0m[2m=[0m10
[2m2026-09-22T12:42:48.726843Z[0m [32m INFO[0m [1mexecute_tool[0m[1m{[0m[3mgen_ai.operation.name[0m[2m=[0m"execute_tool" [3mgen_ai.tool.type[0m[2m=[0m"function" [3mgen_ai.tool.name[0m[2m=[0m"write" [3mgen_ai.tool.call.id[0m[2m=[0m"Z2CiKb5BY98S58KJ9OuAZu50SUtxSqcI"[1m}[0m[2m:[0m [2mharness::run_log[0m[2m:[0m tool call [3mturn[0m[2m=[0m10 [3mtool[0m[2m=[0m"write" [3margs[0m[2m=[0m{"content":"[package]\nname = \"mapper_expr\"\nversion = \"0.1.0\"\nedition = \"2021\"\ndescription = \"A self-contained expression evaluator from libmapper, relicensed under BSD.\"\n\n[dependencies]\...
[2m2026-09-22T12:42:48.726909Z[0m [32m INFO[0m [2mrig_agent::agent::prompt_request::streaming[0m[2m:[0m Current conversation Turns: 11/14
[2m2026-09-22T12:42:48.726914Z[0m [32m INFO[0m [2mharness::run_log[0m[2m:[0m model call [3mturn[0m[2m=[0m11
[2m2026-09-22T12:42:49.422541Z[0m [32m INFO[0m [1mexecute_tool[0m[1m{[0m[3mgen_ai.operation.name[0m[2m=[0m"execute_tool" [3mgen_ai.tool.type[0m[2m=[0m"function" [3mgen_ai.tool.name[0m[2m=[0m"write" [3mgen_ai.tool.call.id[0m[2m=[0m"l0TZA8U4VTPcgIaTb1xY0rJZ67zyVDKc"[1m}[0m[2m:[0m [2mharness::run_log[0m[2m:[0m tool call [3mturn[0m[2m=[0m11 [3mtool[0m[2m=[0m"write" [3margs[0m[2m=[0m{"content":"[package]\nname = \"mapper_expr\"\nversion = \"0.1.0\"\nedition = \"2021\"\ndescription = \"A self-contained expression evaluator from libmapper, relicensed under BSD.\"\n\n[dependencies]\...
[2m2026-09-22T12:42:49.422613Z[0m [32m INFO[0m [2mrig_agent::agent::prompt_request::streaming[0m[2m:[0m Current conversation Turns: 12/14
[2m2026-09-22T12:42:49.422653Z[0m [32m INFO[0m [2mharness::run_log[0m[2m:[0m model call [3mturn[0m[2m=[0m12
[2m2026-09-22T12:42:50.115137Z[0m [32m INFO[0m [1mexecute_tool[0m[1m{[0m[3mgen_ai.operation.name[0m[2m=[0m"execute_tool" [3mgen_ai.tool.type[0m[2m=[0m"function" [3mgen_ai.tool.name[0m[2m=[0m"write" [3mgen_ai.tool.call.id[0m[2m=[0m"smnFZ8bXdkBkdRorlFD5qMfjuIucr9JE"[1m}[0m[2m:[0m [2mharness::run_log[0m[2m:[0m tool call [3mturn[0m[2m=[0m12 [3mtool[0m[2m=[0m"write" [3margs[0m[2m=[0m{"content":"[package]\nname = \"mapper_expr\"\nversion = \"0.1.0\"\nedition = \"2021\"\ndescription = \"A self-contained expression evaluator from libmapper, relicensed under BSD.\"\n\n[dependencies]\...
[2m2026-09-22T12:42:50.115202Z[0m [32m INFO[0m [2mrig_agent::agent::prompt_request::streaming[0m[2m:[0m Current conversation Turns: 13/14
[2m2026-09-22T12:42:50.115206Z[0m [32m INFO[0m [2mharness::run_log[0m[2m:[0m model call [3mturn[0m[2m=[0m13
[2m2026-09-22T12:42:50.832842Z[0m [32m INFO[0m [1mexecute_tool[0m[1m{[0m[3mgen_ai.operation.name[0m[2m=[0m"execute_tool" [3mgen_ai.tool.type[0m[2m=[0m"function" [3mgen_ai.tool.name[0m[2m=[0m"write" [3mgen_ai.tool.call.id[0m[2m=[0m"8KBAEKGNJqAlNDY5IavvcLTwJ6kBXl1f"[1m}[0m[2m:[0m [2mharness::run_log[0m[2m:[0m tool call [3mturn[0m[2m=[0m13 [3mtool[0m[2m=[0m"write" [3margs[0m[2m=[0m{"content":"[package]\nname = \"mapper_expr\"\nversion = \"0.1.0\"\nedition = \"2021\"\ndescription = \"A self-contained expression evaluator from libmapper, relicensed under BSD.\"\n\n[dependencies]\...
[2m2026-09-22T12:42:50.832910Z[0m [32m INFO[0m [2mrig_agent::agent::prompt_request::streaming[0m[2m:[0m Current conversation Turns: 14/14
[2m2026-09-22T12:42:50.832913Z[0m [32m INFO[0m [2mharness::run_log[0m[2m:[0m model call [3mturn[0m[2m=[0m14
[2m2026-09-22T12:42:51.535298Z[0m [32m INFO[0m [1mexecute_tool[0m[1m{[0m[3mgen_ai.operation.name[0m[2m=[0m"execute_tool" [3mgen_ai.tool.type[0m[2m=[0m"function" [3mgen_ai.tool.name[0m[2m=[0m"write" [3mgen_ai.tool.call.id[0m[2m=[0m"lg7EkptizbT3aKdVUmiaguH63XLv1mGJ"[1m}[0m[2m:[0m [2mharness::run_log[0m[2m:[0m tool call [3mturn[0m[2m=[0m14 [3mtool[0m[2m=[0m"write" [3margs[0m[2m=[0m{"content":"[package]\nname = \"mapper_expr\"\nversion = \"0.1.0\"\nedition = \"2021\"\ndescription = \"A self-contained expression evaluator from libmapper, relicensed under BSD.\"\n\n[dependencies]\...
[2m2026-09-22T12:42:51.536522Z[0m [32m INFO[0m [2mharness::offload[0m[2m:[0m offloading model [3mmodel[0m[2m=[0mopenbmb/minicpm5-2b:q8_0
[2m2026-09-22T12:42:51.629240Z[0m [31mERROR[0m [2mharness[0m[2m:[0m harness run failed [3merror[0m[2m=[0mMaxTurnsError: reached max turns limit: 14
