[2m2026-09-22T12:14:14.516908Z[0m [32m INFO[0m [2mharness::experiment[0m[2m:[0m experiment manifest written [3mmanifest[0m[2m=[0m/home/ayin/projs/ARCMiS/experiments/220926/runs/totp/monolith/openbmb_minicpm5-2b:q8_0/rep3/manifest.json
[2m2026-09-22T12:14:14.516938Z[0m [32m INFO[0m [2mharness[0m[2m:[0m migration run started [3mmodel[0m[2m=[0mopenbmb/minicpm5-2b:q8_0 [3mmax_turns[0m[2m=[0m14 [3mnum_ctx[0m[2m=[0m16384 [3moutput_dir[0m[2m=[0m/home/ayin/projs/ARCMiS/experiments/220926/runs/totp/monolith/openbmb_minicpm5-2b:q8_0/rep3/workspace
[2m2026-09-22T12:14:14.521798Z[0m [32m INFO[0m [2magents::util::sources[0m[2m:[0m collected input sources [3mroot[0m[2m=[0massets/totp/C [3mfiles[0m[2m=[0m9 [3mper_file_cap[0m[2m=[0m16384
[2m2026-09-22T12:14:14.521895Z[0m [32m INFO[0m [2mrig_agent::agent::prompt_request::streaming[0m[2m:[0m Current conversation Turns: 1/14
[2m2026-09-22T12:14:14.521901Z[0m [32m INFO[0m [2mharness::run_log[0m[2m:[0m model call [3mturn[0m[2m=[0m1
[2m2026-09-22T12:14:26.196479Z[0m [32m INFO[0m [1mexecute_tool[0m[1m{[0m[3mgen_ai.operation.name[0m[2m=[0m"execute_tool" [3mgen_ai.tool.type[0m[2m=[0m"function" [3mgen_ai.tool.name[0m[2m=[0m"write" [3mgen_ai.tool.call.id[0m[2m=[0m"izvhFjzeyazB8IHuit2qIce3Xa8pUrRt"[1m}[0m[2m:[0m [2mharness::run_log[0m[2m:[0m tool call [3mturn[0m[2m=[0m1 [3mtool[0m[2m=[0m"write" [3margs[0m[2m=[0m{"content":"[package]\nname = \"totp\"\nversion = \"0.1.0\"\nedition = \"2021\"\ndescription = \"From-scratch, dependency-free implementation of TOTP, including SHA1, for education.\"\n\n[[bin]]\nname...
[2m2026-09-22T12:14:26.196715Z[0m [32m INFO[0m [2mrig_agent::agent::prompt_request::streaming[0m[2m:[0m Current conversation Turns: 2/14
[2m2026-09-22T12:14:26.196718Z[0m [32m INFO[0m [2mharness::run_log[0m[2m:[0m model call [3mturn[0m[2m=[0m2
[2m2026-09-22T12:14:27.705352Z[0m [32m INFO[0m [1mexecute_tool[0m[1m{[0m[3mgen_ai.operation.name[0m[2m=[0m"execute_tool" [3mgen_ai.tool.type[0m[2m=[0m"function" [3mgen_ai.tool.name[0m[2m=[0m"write" [3mgen_ai.tool.call.id[0m[2m=[0m"NjcW3NKJvqoBHAiHhFas49vOeqtx1AZc"[1m}[0m[2m:[0m [2mharness::run_log[0m[2m:[0m tool call [3mturn[0m[2m=[0m2 [3mtool[0m[2m=[0m"write" [3margs[0m[2m=[0m{"content":"#include <stdio.h>\n#include <stdint.h>\n#include <string.h>\n#include <time.h>\n#include \"totp.h\"\n\nint\nmain(int argc, char **argv)\n{\n\tconst char *seed;\n\tuint8_t key[64];\n\n\tif...
[2m2026-09-22T12:14:27.705531Z[0m [32m INFO[0m [2mrig_agent::agent::prompt_request::streaming[0m[2m:[0m Current conversation Turns: 3/14
[2m2026-09-22T12:14:27.705537Z[0m [32m INFO[0m [2mharness::run_log[0m[2m:[0m model call [3mturn[0m[2m=[0m3
[2m2026-09-22T12:14:29.251126Z[0m [32m INFO[0m [1mexecute_tool[0m[1m{[0m[3mgen_ai.operation.name[0m[2m=[0m"execute_tool" [3mgen_ai.tool.type[0m[2m=[0m"function" [3mgen_ai.tool.name[0m[2m=[0m"write" [3mgen_ai.tool.call.id[0m[2m=[0m"pmqJo0XdpImMLVo58eTYjkxrUO42FXEV"[1m}[0m[2m:[0m [2mharness::run_log[0m[2m:[0m tool call [3mturn[0m[2m=[0m3 [3mtool[0m[2m=[0m"write" [3margs[0m[2m=[0m{"content":"#include \"std.h\"\n\ntypedef unsigned char uint8_t;\ntypedef unsigned int uint32_t;\ntypedef unsigned long long uint64_t;\ntypedef unsigned long size_t;\n\n#define SIZE_MAX (~(size_t)0)\n...
[2m2026-09-22T12:14:29.251295Z[0m [32m INFO[0m [2mrig_agent::agent::prompt_request::streaming[0m[2m:[0m Current conversation Turns: 4/14
[2m2026-09-22T12:14:29.251301Z[0m [32m INFO[0m [2mharness::run_log[0m[2m:[0m model call [3mturn[0m[2m=[0m4
[2m2026-09-22T12:14:37.058709Z[0m [32m INFO[0m [1mexecute_tool[0m[1m{[0m[3mgen_ai.operation.name[0m[2m=[0m"execute_tool" [3mgen_ai.tool.type[0m[2m=[0m"function" [3mgen_ai.tool.name[0m[2m=[0m"write" [3mgen_ai.tool.call.id[0m[2m=[0m"VDbSnUAoXRQ8ouqpWMtjfpk3fLoGJtHp"[1m}[0m[2m:[0m [2mharness::run_log[0m[2m:[0m tool call [3mturn[0m[2m=[0m4 [3mtool[0m[2m=[0m"write" [3margs[0m[2m=[0m{"content":"#include \"std.h\"\n#include <string.h>\n#include <stdint.h>\n#include <assert.h>\n#include \"totp.h\"\n\nstatic void\nto_hex(const uint8_t *a, size_t len, char *buf)\n{\n\tsize_t i;\n\n\t...
[2m2026-09-22T12:14:37.059081Z[0m [32m INFO[0m [2mrig_agent::agent::prompt_request::streaming[0m[2m:[0m Current conversation Turns: 5/14
[2m2026-09-22T12:14:37.059087Z[0m [32m INFO[0m [2mharness::run_log[0m[2m:[0m model call [3mturn[0m[2m=[0m5
[2m2026-09-22T12:14:47.567948Z[0m [32m INFO[0m [1mexecute_tool[0m[1m{[0m[3mgen_ai.operation.name[0m[2m=[0m"execute_tool" [3mgen_ai.tool.type[0m[2m=[0m"function" [3mgen_ai.tool.name[0m[2m=[0m"write" [3mgen_ai.tool.call.id[0m[2m=[0m"PL0wCieCZQsXxSMS4ZXcnIIAXQuIiukk"[1m}[0m[2m:[0m [2mharness::run_log[0m[2m:[0m tool call [3mturn[0m[2m=[0m5 [3mtool[0m[2m=[0m"write" [3margs[0m[2m=[0m{"content":"#ifdef NO_STD\n# include \"std.rs\"\n#else\n# include <stddef.h>\n# include <stdint.h>\n# include <string.h>\n#endif\n\n#include \"totp.h\"\n\n/* FIPS 180-3 6.1.1 */\nint\nsha1(uint8_t *bu...
[2m2026-09-22T12:14:47.568358Z[0m [32m INFO[0m [2mrig_agent::agent::prompt_request::streaming[0m[2m:[0m Current conversation Turns: 6/14
[2m2026-09-22T12:14:47.568363Z[0m [32m INFO[0m [2mharness::run_log[0m[2m:[0m model call [3mturn[0m[2m=[0m6
[2m2026-09-22T12:14:50.081694Z[0m [32m INFO[0m [1mexecute_tool[0m[1m{[0m[3mgen_ai.operation.name[0m[2m=[0m"execute_tool" [3mgen_ai.tool.type[0m[2m=[0m"function" [3mgen_ai.tool.name[0m[2m=[0m"write" [3mgen_ai.tool.call.id[0m[2m=[0m"SknaqYyEJgNCRQa9cAlDPOCMHfUE4Kwn"[1m}[0m[2m:[0m [2mharness::run_log[0m[2m:[0m tool call [3mturn[0m[2m=[0m6 [3mtool[0m[2m=[0m"write" [3margs[0m[2m=[0m{"content":"#define TOTP_OK 0\n#define TOTP_EBOUNDS -1\n\n/* convert u32 to 4 bytes, big-endian */\nstatic inline uint32_t\nunpack32(uint32_t x, uint8_t a[4])\n{\n\ta[0] = (uint8_t)(x >> 24);\n\ta[1] ...
[2m2026-09-22T12:14:50.081958Z[0m [32m INFO[0m [2mrig_agent::agent::prompt_request::streaming[0m[2m:[0m Current conversation Turns: 7/14
[2m2026-09-22T12:14:50.081963Z[0m [32m INFO[0m [2mharness::run_log[0m[2m:[0m model call [3mturn[0m[2m=[0m7
[2m2026-09-22T12:14:58.750548Z[0m [32m INFO[0m [1mexecute_tool[0m[1m{[0m[3mgen_ai.operation.name[0m[2m=[0m"execute_tool" [3mgen_ai.tool.type[0m[2m=[0m"function" [3mgen_ai.tool.name[0m[2m=[0m"write" [3mgen_ai.tool.call.id[0m[2m=[0m"LAfPl1HypYxJMdVmUXDAJccwMGeLQR5p"[1m}[0m[2m:[0m [2mharness::run_log[0m[2m:[0m tool call [3mturn[0m[2m=[0m7 [3mtool[0m[2m=[0m"write" [3margs[0m[2m=[0m{"content":"#include \"std.h\"\n#include <string.h>\n#include <stdint.h>\n#include <assert.h>\n#include \"totp.h\"\n\nstatic void\nto_hex(const uint8_t *a, size_t len, char *buf)\n{\n\tsize_t i;\n\n\t...
[2m2026-09-22T12:14:58.750970Z[0m [32m INFO[0m [2mrig_agent::agent::prompt_request::streaming[0m[2m:[0m Current conversation Turns: 8/14
[2m2026-09-22T12:14:58.750975Z[0m [32m INFO[0m [2mharness::run_log[0m[2m:[0m model call [3mturn[0m[2m=[0m8
[2m2026-09-22T12:14:59.303514Z[0m [32m INFO[0m [1mexecute_tool[0m[1m{[0m[3mgen_ai.operation.name[0m[2m=[0m"execute_tool" [3mgen_ai.tool.type[0m[2m=[0m"function" [3mgen_ai.tool.name[0m[2m=[0m"bash" [3mgen_ai.tool.call.id[0m[2m=[0m"ivimmRH1z2L2xUgi4X96ffTL93LYNcfQ"[1m}[0m[2m:[0m [2mharness::run_log[0m[2m:[0m tool call [3mturn[0m[2m=[0m8 [3mtool[0m[2m=[0m"bash" [3margs[0m[2m=[0m{"command":"cd /totp && cargo test 2>&1"}
[2m2026-09-22T12:14:59.318257Z[0m [32m INFO[0m [2mrig_agent::agent::prompt_request::streaming[0m[2m:[0m Current conversation Turns: 9/14
[2m2026-09-22T12:14:59.318265Z[0m [32m INFO[0m [2mharness::run_log[0m[2m:[0m model call [3mturn[0m[2m=[0m9
[2m2026-09-22T12:14:59.640235Z[0m [32m INFO[0m [1mexecute_tool[0m[1m{[0m[3mgen_ai.operation.name[0m[2m=[0m"execute_tool" [3mgen_ai.tool.type[0m[2m=[0m"function" [3mgen_ai.tool.name[0m[2m=[0m"bash" [3mgen_ai.tool.call.id[0m[2m=[0m"3TiEUvlWWMO7hYNJ47KY5jmtEZ5kxUxk"[1m}[0m[2m:[0m [2mharness::run_log[0m[2m:[0m tool call [3mturn[0m[2m=[0m9 [3mtool[0m[2m=[0m"bash" [3margs[0m[2m=[0m{"command":"cd /totp && cargo test 2>&1"}
[2m2026-09-22T12:14:59.642675Z[0m [32m INFO[0m [2mrig_agent::agent::prompt_request::streaming[0m[2m:[0m Current conversation Turns: 10/14
[2m2026-09-22T12:14:59.642685Z[0m [32m INFO[0m [2mharness::run_log[0m[2m:[0m model call [3mturn[0m[2m=[0m10
[2m2026-09-22T12:15:00.003429Z[0m [32m INFO[0m [1mexecute_tool[0m[1m{[0m[3mgen_ai.operation.name[0m[2m=[0m"execute_tool" [3mgen_ai.tool.type[0m[2m=[0m"function" [3mgen_ai.tool.name[0m[2m=[0m"bash" [3mgen_ai.tool.call.id[0m[2m=[0m"NIuCAGLV0TOLq5ANQoCIzAWQWxY2abWx"[1m}[0m[2m:[0m [2mharness::run_log[0m[2m:[0m tool call [3mturn[0m[2m=[0m10 [3mtool[0m[2m=[0m"bash" [3margs[0m[2m=[0m{"command":"ls /totp && cd /totp && cargo test 2>&1"}
[2m2026-09-22T12:15:00.018029Z[0m [32m INFO[0m [2mrig_agent::agent::prompt_request::streaming[0m[2m:[0m Current conversation Turns: 11/14
[2m2026-09-22T12:15:00.018038Z[0m [32m INFO[0m [2mharness::run_log[0m[2m:[0m model call [3mturn[0m[2m=[0m11
[2m2026-09-22T12:15:00.295379Z[0m [32m INFO[0m [1mexecute_tool[0m[1m{[0m[3mgen_ai.operation.name[0m[2m=[0m"execute_tool" [3mgen_ai.tool.type[0m[2m=[0m"function" [3mgen_ai.tool.name[0m[2m=[0m"bash" [3mgen_ai.tool.call.id[0m[2m=[0m"CMdKqIU8YVsje52xlBkwuyKOTJS7tvXk"[1m}[0m[2m:[0m [2mharness::run_log[0m[2m:[0m tool call [3mturn[0m[2m=[0m11 [3mtool[0m[2m=[0m"bash" [3margs[0m[2m=[0m{"command":"pwd && ls -la"}
[2m2026-09-22T12:15:00.300522Z[0m [32m INFO[0m [2mrig_agent::agent::prompt_request::streaming[0m[2m:[0m Current conversation Turns: 12/14
[2m2026-09-22T12:15:00.300530Z[0m [32m INFO[0m [2mharness::run_log[0m[2m:[0m model call [3mturn[0m[2m=[0m12
[2m2026-09-22T12:15:00.683313Z[0m [32m INFO[0m [1mexecute_tool[0m[1m{[0m[3mgen_ai.operation.name[0m[2m=[0m"execute_tool" [3mgen_ai.tool.type[0m[2m=[0m"function" [3mgen_ai.tool.name[0m[2m=[0m"bash" [3mgen_ai.tool.call.id[0m[2m=[0m"xeQfiNme9wMZxXvOsUZiMqAmZKQGC8Bf"[1m}[0m[2m:[0m [2mharness::run_log[0m[2m:[0m tool call [3mturn[0m[2m=[0m12 [3mtool[0m[2m=[0m"bash" [3margs[0m[2m=[0m{"command":"ls -la /totp && cd /totp && cargo test 2>&1"}
[2m2026-09-22T12:15:00.688332Z[0m [32m INFO[0m [2mrig_agent::agent::prompt_request::streaming[0m[2m:[0m Current conversation Turns: 13/14
[2m2026-09-22T12:15:00.688338Z[0m [32m INFO[0m [2mharness::run_log[0m[2m:[0m model call [3mturn[0m[2m=[0m13
[2m2026-09-22T12:15:01.045893Z[0m [32m INFO[0m [1mexecute_tool[0m[1m{[0m[3mgen_ai.operation.name[0m[2m=[0m"execute_tool" [3mgen_ai.tool.type[0m[2m=[0m"function" [3mgen_ai.tool.name[0m[2m=[0m"bash" [3mgen_ai.tool.call.id[0m[2m=[0m"us26XlrL1MiENiOuqAivcnfRM3d96ZA7"[1m}[0m[2m:[0m [2mharness::run_log[0m[2m:[0m tool call [3mturn[0m[2m=[0m13 [3mtool[0m[2m=[0m"bash" [3margs[0m[2m=[0m{"command":"ls -la /totp && ls -la /totp/"}
[2m2026-09-22T12:15:01.050967Z[0m [32m INFO[0m [2mrig_agent::agent::prompt_request::streaming[0m[2m:[0m Current conversation Turns: 14/14
[2m2026-09-22T12:15:01.050973Z[0m [32m INFO[0m [2mharness::run_log[0m[2m:[0m model call [3mturn[0m[2m=[0m14
[2m2026-09-22T12:15:01.411572Z[0m [32m INFO[0m [1mexecute_tool[0m[1m{[0m[3mgen_ai.operation.name[0m[2m=[0m"execute_tool" [3mgen_ai.tool.type[0m[2m=[0m"function" [3mgen_ai.tool.name[0m[2m=[0m"bash" [3mgen_ai.tool.call.id[0m[2m=[0m"PzfqrMonqQmpAyMJhljGe7buHY0wMCBu"[1m}[0m[2m:[0m [2mharness::run_log[0m[2m:[0m tool call [3mturn[0m[2m=[0m14 [3mtool[0m[2m=[0m"bash" [3margs[0m[2m=[0m{"command":"ls -la /totp && ls -la /totp/"}
[2m2026-09-22T12:15:01.417222Z[0m [32m INFO[0m [2mharness::offload[0m[2m:[0m offloading model [3mmodel[0m[2m=[0mopenbmb/minicpm5-2b:q8_0
[2m2026-09-22T12:15:01.515904Z[0m [31mERROR[0m [2mharness[0m[2m:[0m harness run failed [3merror[0m[2m=[0mMaxTurnsError: reached max turns limit: 14
