[2m2026-09-22T12:22:21.930734Z[0m [32m INFO[0m [2mharness::experiment[0m[2m:[0m experiment manifest written [3mmanifest[0m[2m=[0m/home/ayin/projs/ARCMiS/experiments/220926/runs/totp/ledger/openbmb_minicpm5-2b:q8_0/rep4/manifest.json
[2m2026-09-22T12:22:21.930762Z[0m [32m INFO[0m [2mharness[0m[2m:[0m migration run started [3mmodel[0m[2m=[0mopenbmb/minicpm5-2b:q8_0 [3mmax_turns[0m[2m=[0m14 [3mnum_ctx[0m[2m=[0m16384 [3moutput_dir[0m[2m=[0m/home/ayin/projs/ARCMiS/experiments/220926/runs/totp/ledger/openbmb_minicpm5-2b:q8_0/rep4/workspace
[2m2026-09-22T12:22:21.936725Z[0m [32m INFO[0m [2magents::util::sources[0m[2m:[0m collected input sources [3mroot[0m[2m=[0massets/totp/C [3mfiles[0m[2m=[0m9 [3mper_file_cap[0m[2m=[0m16384
[2m2026-09-22T12:22:21.936832Z[0m [32m INFO[0m [2mrig_agent::agent::prompt_request::streaming[0m[2m:[0m Current conversation Turns: 1/14
[2m2026-09-22T12:22:21.936837Z[0m [32m INFO[0m [2mharness::run_log[0m[2m:[0m model call [3mturn[0m[2m=[0m1
[2m2026-09-22T12:22:30.491547Z[0m [32m INFO[0m [1mexecute_tool[0m[1m{[0m[3mgen_ai.operation.name[0m[2m=[0m"execute_tool" [3mgen_ai.tool.type[0m[2m=[0m"function" [3mgen_ai.tool.name[0m[2m=[0m"ledger_worker" [3mgen_ai.tool.call.id[0m[2m=[0m"zfvoguLzEImEzLgu4OHfguNEtsU6Ipcr"[1m}[0m[2m:[0m [2mharness::run_log[0m[2m:[0m tool call [3mturn[0m[2m=[0m1 [3mtool[0m[2m=[0m"ledger_worker" [3margs[0m[2m=[0m{"prompt":"You are translating a C codebase to Rust. The source is a dependency-free TOTP implementation with SHA1, HMAC-SHA1, HOTP, TOTP, and base32 utilities.\n\nYour job: Create a plan.md with stra...
[2m2026-09-22T12:22:37.677617Z[0m [32m INFO[0m [2mrig_agent::agent::prompt_request::streaming[0m[2m:[0m Current conversation Turns: 2/14
[2m2026-09-22T12:22:37.677626Z[0m [32m INFO[0m [2mharness::run_log[0m[2m:[0m model call [3mturn[0m[2m=[0m2
[2m2026-09-22T12:22:41.716171Z[0m [32m INFO[0m [1mexecute_tool[0m[1m{[0m[3mgen_ai.operation.name[0m[2m=[0m"execute_tool" [3mgen_ai.tool.type[0m[2m=[0m"function" [3mgen_ai.tool.name[0m[2m=[0m"ledger_worker" [3mgen_ai.tool.call.id[0m[2m=[0m"srxMJf1pp8UtohXYhBI3KGXrw2FTZEXh"[1m}[0m[2m:[0m [2mharness::run_log[0m[2m:[0m tool call [3mturn[0m[2m=[0m2 [3mtool[0m[2m=[0m"ledger_worker" [3margs[0m[2m=[0m{"prompt":"You are translating a C codebase to Rust. The source is a dependency-free TOTP implementation with SHA1, HMAC-SHA1, HOTP, TOTP, and base32 utilities.\n\nYour job: Create a plan.md with stra...
[2m2026-09-22T12:22:46.421258Z[0m [32m INFO[0m [2mrig_agent::agent::prompt_request::streaming[0m[2m:[0m Current conversation Turns: 3/14
[2m2026-09-22T12:22:46.421268Z[0m [32m INFO[0m [2mharness::run_log[0m[2m:[0m model call [3mturn[0m[2m=[0m3
[2m2026-09-22T12:22:50.495784Z[0m [32m INFO[0m [1mexecute_tool[0m[1m{[0m[3mgen_ai.operation.name[0m[2m=[0m"execute_tool" [3mgen_ai.tool.type[0m[2m=[0m"function" [3mgen_ai.tool.name[0m[2m=[0m"ledger_worker" [3mgen_ai.tool.call.id[0m[2m=[0m"E546RfJkeaqTtC5B1ghMUG3uxF2bX8Hu"[1m}[0m[2m:[0m [2mharness::run_log[0m[2m:[0m tool call [3mturn[0m[2m=[0m3 [3mtool[0m[2m=[0m"ledger_worker" [3margs[0m[2m=[0m{"prompt":"You are translating a C codebase to Rust. The source is a dependency-free TOTP implementation with SHA1, HMAC-SHA1, HOTP, TOTP, and base32 utilities.\n\nYour job: Create a plan.md with stra...
[2m2026-09-22T12:22:54.859673Z[0m [32m INFO[0m [2mrig_agent::agent::prompt_request::streaming[0m[2m:[0m Current conversation Turns: 4/14
[2m2026-09-22T12:22:54.859683Z[0m [32m INFO[0m [2mharness::run_log[0m[2m:[0m model call [3mturn[0m[2m=[0m4
[2m2026-09-22T12:22:59.529190Z[0m [32m INFO[0m [1mexecute_tool[0m[1m{[0m[3mgen_ai.operation.name[0m[2m=[0m"execute_tool" [3mgen_ai.tool.type[0m[2m=[0m"function" [3mgen_ai.tool.name[0m[2m=[0m"ledger_worker" [3mgen_ai.tool.call.id[0m[2m=[0m"OJdypVHi5EEQG1yK3m050PeN4rabf9Gp"[1m}[0m[2m:[0m [2mharness::run_log[0m[2m:[0m tool call [3mturn[0m[2m=[0m4 [3mtool[0m[2m=[0m"ledger_worker" [3margs[0m[2m=[0m{"prompt":"You are translating a C codebase to Rust. The source is a dependency-free TOTP implementation with SHA1, HMAC-SHA1, HOTP, TOTP, and base32 utilities. Create a plan.md with strategy and task...
[2m2026-09-22T12:23:01.908160Z[0m [32m INFO[0m [2mrig_agent::agent::prompt_request::streaming[0m[2m:[0m Current conversation Turns: 5/14
[2m2026-09-22T12:23:01.908171Z[0m [32m INFO[0m [2mharness::run_log[0m[2m:[0m model call [3mturn[0m[2m=[0m5
[2m2026-09-22T12:23:06.034460Z[0m [32m INFO[0m [1mexecute_tool[0m[1m{[0m[3mgen_ai.operation.name[0m[2m=[0m"execute_tool" [3mgen_ai.tool.type[0m[2m=[0m"function" [3mgen_ai.tool.name[0m[2m=[0m"ledger_worker" [3mgen_ai.tool.call.id[0m[2m=[0m"L5ETo1OigCdvhvahfIqAIMqrnp6sSyZ1"[1m}[0m[2m:[0m [2mharness::run_log[0m[2m:[0m tool call [3mturn[0m[2m=[0m5 [3mtool[0m[2m=[0m"ledger_worker" [3margs[0m[2m=[0m{"prompt":"You are translating a C codebase to Rust. The source is a dependency-free TOTP implementation with SHA1, HMAC-SHA1, HOTP, TOTP, and base32 utilities.\n\nYour job: Create a plan.md with stra...
[2m2026-09-22T12:23:09.421166Z[0m [32m INFO[0m [2mrig_agent::agent::prompt_request::streaming[0m[2m:[0m Current conversation Turns: 6/14
[2m2026-09-22T12:23:09.421176Z[0m [32m INFO[0m [2mharness::run_log[0m[2m:[0m model call [3mturn[0m[2m=[0m6
[2m2026-09-22T12:23:13.672047Z[0m [32m INFO[0m [1mexecute_tool[0m[1m{[0m[3mgen_ai.operation.name[0m[2m=[0m"execute_tool" [3mgen_ai.tool.type[0m[2m=[0m"function" [3mgen_ai.tool.name[0m[2m=[0m"ledger_worker" [3mgen_ai.tool.call.id[0m[2m=[0m"BhnBjKOH8riXdezbRbuFWf2deqXnwo1o"[1m}[0m[2m:[0m [2mharness::run_log[0m[2m:[0m tool call [3mturn[0m[2m=[0m6 [3mtool[0m[2m=[0m"ledger_worker" [3margs[0m[2m=[0m{"prompt":"You are translating a C codebase to Rust. The source is a dependency-free TOTP implementation with SHA1, HMAC-SHA1, HOTP, TOTP, and base32 utilities.\n\nYour job: Create a plan.md with stra...
[2m2026-09-22T12:23:16.447303Z[0m [32m INFO[0m [2mrig_agent::agent::prompt_request::streaming[0m[2m:[0m Current conversation Turns: 7/14
[2m2026-09-22T12:23:16.447311Z[0m [32m INFO[0m [2mharness::run_log[0m[2m:[0m model call [3mturn[0m[2m=[0m7
[2m2026-09-22T12:23:20.787247Z[0m [32m INFO[0m [1mexecute_tool[0m[1m{[0m[3mgen_ai.operation.name[0m[2m=[0m"execute_tool" [3mgen_ai.tool.type[0m[2m=[0m"function" [3mgen_ai.tool.name[0m[2m=[0m"ledger_worker" [3mgen_ai.tool.call.id[0m[2m=[0m"eHXuIPON5zUT9fm1G8JZjvk47L9UG58x"[1m}[0m[2m:[0m [2mharness::run_log[0m[2m:[0m tool call [3mturn[0m[2m=[0m7 [3mtool[0m[2m=[0m"ledger_worker" [3margs[0m[2m=[0m{"prompt":"You are translating a C codebase to Rust. The source is a dependency-free TOTP implementation with SHA1, HMAC-SHA1, HOTP, TOTP, and base32 utilities.\n\nYour job: Create a plan.md with stra...
[2m2026-09-22T12:23:26.224708Z[0m [32m INFO[0m [2mrig_agent::agent::prompt_request::streaming[0m[2m:[0m Current conversation Turns: 8/14
[2m2026-09-22T12:23:26.224716Z[0m [32m INFO[0m [2mharness::run_log[0m[2m:[0m model call [3mturn[0m[2m=[0m8
[2m2026-09-22T12:23:30.604218Z[0m [32m INFO[0m [1mexecute_tool[0m[1m{[0m[3mgen_ai.operation.name[0m[2m=[0m"execute_tool" [3mgen_ai.tool.type[0m[2m=[0m"function" [3mgen_ai.tool.name[0m[2m=[0m"ledger_worker" [3mgen_ai.tool.call.id[0m[2m=[0m"SyeLIky7A1H5I16jk2pLIuzTeA34Myy5"[1m}[0m[2m:[0m [2mharness::run_log[0m[2m:[0m tool call [3mturn[0m[2m=[0m8 [3mtool[0m[2m=[0m"ledger_worker" [3margs[0m[2m=[0m{"prompt":"You are translating a C codebase to Rust. The source is a dependency-free TOTP implementation with SHA1, HMAC-SHA1, HOTP, TOTP, and base32 utilities.\n\nYour job: Create a plan.md with stra...
[2m2026-09-22T12:23:35.703664Z[0m [32m INFO[0m [2mrig_agent::agent::prompt_request::streaming[0m[2m:[0m Current conversation Turns: 9/14
[2m2026-09-22T12:23:35.703674Z[0m [32m INFO[0m [2mharness::run_log[0m[2m:[0m model call [3mturn[0m[2m=[0m9
[2m2026-09-22T12:23:40.178697Z[0m [32m INFO[0m [1mexecute_tool[0m[1m{[0m[3mgen_ai.operation.name[0m[2m=[0m"execute_tool" [3mgen_ai.tool.type[0m[2m=[0m"function" [3mgen_ai.tool.name[0m[2m=[0m"ledger_worker" [3mgen_ai.tool.call.id[0m[2m=[0m"txSrsrpbb4Pn7PIMOm6MourXNmi5DSPA"[1m}[0m[2m:[0m [2mharness::run_log[0m[2m:[0m tool call [3mturn[0m[2m=[0m9 [3mtool[0m[2m=[0m"ledger_worker" [3margs[0m[2m=[0m{"prompt":"You are translating a C codebase to Rust. The source is a dependency-free TOTP implementation with SHA1, HMAC-SHA1, HOTP, TOTP, and base32 utilities.\n\nYour job: Create a plan.md with stra...
[2m2026-09-22T12:23:43.089422Z[0m [32m INFO[0m [2mrig_agent::agent::prompt_request::streaming[0m[2m:[0m Current conversation Turns: 10/14
[2m2026-09-22T12:23:43.089429Z[0m [32m INFO[0m [2mharness::run_log[0m[2m:[0m model call [3mturn[0m[2m=[0m10
[2m2026-09-22T12:23:47.600573Z[0m [32m INFO[0m [1mexecute_tool[0m[1m{[0m[3mgen_ai.operation.name[0m[2m=[0m"execute_tool" [3mgen_ai.tool.type[0m[2m=[0m"function" [3mgen_ai.tool.name[0m[2m=[0m"ledger_worker" [3mgen_ai.tool.call.id[0m[2m=[0m"58p9oS3yjnUFbeFK5YAPH83nooaRN1Qo"[1m}[0m[2m:[0m [2mharness::run_log[0m[2m:[0m tool call [3mturn[0m[2m=[0m10 [3mtool[0m[2m=[0m"ledger_worker" [3margs[0m[2m=[0m{"prompt":"You are translating a C codebase to Rust. The source is a dependency-free TOTP implementation with SHA1, HMAC-SHA1, HOTP, TOTP, and base32 utilities.\n\nYour job: Create a plan.md with stra...
[2m2026-09-22T12:23:52.210015Z[0m [32m INFO[0m [2mrig_agent::agent::prompt_request::streaming[0m[2m:[0m Current conversation Turns: 11/14
[2m2026-09-22T12:23:52.210023Z[0m [32m INFO[0m [2mharness::run_log[0m[2m:[0m model call [3mturn[0m[2m=[0m11
[2m2026-09-22T12:23:56.815874Z[0m [32m INFO[0m [1mexecute_tool[0m[1m{[0m[3mgen_ai.operation.name[0m[2m=[0m"execute_tool" [3mgen_ai.tool.type[0m[2m=[0m"function" [3mgen_ai.tool.name[0m[2m=[0m"ledger_worker" [3mgen_ai.tool.call.id[0m[2m=[0m"G34qhKb85CV8sP7QGDmBAxnLBjd5eGND"[1m}[0m[2m:[0m [2mharness::run_log[0m[2m:[0m tool call [3mturn[0m[2m=[0m11 [3mtool[0m[2m=[0m"ledger_worker" [3margs[0m[2m=[0m{"prompt":"You are translating a C codebase to Rust. The source is a dependency-free TOTP implementation with SHA1, HMAC-SHA1, HOTP, TOTP, and base32 utilities.\n\nYour job: Create a plan.md with stra...
[2m2026-09-22T12:23:59.788095Z[0m [32m INFO[0m [2mrig_agent::agent::prompt_request::streaming[0m[2m:[0m Current conversation Turns: 12/14
[2m2026-09-22T12:23:59.788102Z[0m [32m INFO[0m [2mharness::run_log[0m[2m:[0m model call [3mturn[0m[2m=[0m12
[2m2026-09-22T12:24:04.434630Z[0m [32m INFO[0m [1mexecute_tool[0m[1m{[0m[3mgen_ai.operation.name[0m[2m=[0m"execute_tool" [3mgen_ai.tool.type[0m[2m=[0m"function" [3mgen_ai.tool.name[0m[2m=[0m"ledger_worker" [3mgen_ai.tool.call.id[0m[2m=[0m"1mfmzWWi236tLueyGJMS8faBK9HInJTt"[1m}[0m[2m:[0m [2mharness::run_log[0m[2m:[0m tool call [3mturn[0m[2m=[0m12 [3mtool[0m[2m=[0m"ledger_worker" [3margs[0m[2m=[0m{"prompt":"You are translating a C codebase to Rust. The source is a dependency-free TOTP implementation with SHA1, HMAC-SHA1, HOTP, TOTP, and base32 utilities.\n\nYour job: Create a plan.md with stra...
[2m2026-09-22T12:24:10.254410Z[0m [32m INFO[0m [2mrig_agent::agent::prompt_request::streaming[0m[2m:[0m Current conversation Turns: 13/14
[2m2026-09-22T12:24:10.254421Z[0m [32m INFO[0m [2mharness::run_log[0m[2m:[0m model call [3mturn[0m[2m=[0m13
[2m2026-09-22T12:24:15.005605Z[0m [32m INFO[0m [1mexecute_tool[0m[1m{[0m[3mgen_ai.operation.name[0m[2m=[0m"execute_tool" [3mgen_ai.tool.type[0m[2m=[0m"function" [3mgen_ai.tool.name[0m[2m=[0m"ledger_worker" [3mgen_ai.tool.call.id[0m[2m=[0m"b2fkMikurrGG02s1NMQxKofeSMoNSzFT"[1m}[0m[2m:[0m [2mharness::run_log[0m[2m:[0m tool call [3mturn[0m[2m=[0m13 [3mtool[0m[2m=[0m"ledger_worker" [3margs[0m[2m=[0m{"prompt":"You are translating a C codebase to Rust. The source is a dependency-free TOTP implementation with SHA1, HMAC-SHA1, HOTP, TOTP, and base32 utilities.\n\nYour job: Create a plan.md with stra...
[2m2026-09-22T12:24:18.136548Z[0m [32m INFO[0m [2mrig_agent::agent::prompt_request::streaming[0m[2m:[0m Current conversation Turns: 14/14
[2m2026-09-22T12:24:18.136568Z[0m [32m INFO[0m [2mharness::run_log[0m[2m:[0m model call [3mturn[0m[2m=[0m14
[2m2026-09-22T12:24:22.916297Z[0m [32m INFO[0m [1mexecute_tool[0m[1m{[0m[3mgen_ai.operation.name[0m[2m=[0m"execute_tool" [3mgen_ai.tool.type[0m[2m=[0m"function" [3mgen_ai.tool.name[0m[2m=[0m"ledger_worker" [3mgen_ai.tool.call.id[0m[2m=[0m"SMPbgZw18cC0YFkS0P7m58077axrAIku"[1m}[0m[2m:[0m [2mharness::run_log[0m[2m:[0m tool call [3mturn[0m[2m=[0m14 [3mtool[0m[2m=[0m"ledger_worker" [3margs[0m[2m=[0m{"prompt":"You are translating a C codebase to Rust. The source is a dependency-free TOTP implementation with SHA1, HMAC-SHA1, HOTP, TOTP, and base32 utilities.\n\nYour job: Create a plan.md with stra...
[2m2026-09-22T12:24:29.066406Z[0m [32m INFO[0m [2mharness::offload[0m[2m:[0m offloading model [3mmodel[0m[2m=[0mopenbmb/minicpm5-2b:q8_0
[2m2026-09-22T12:24:29.171684Z[0m [31mERROR[0m [2mharness[0m[2m:[0m harness run failed [3merror[0m[2m=[0mMaxTurnsError: reached max turns limit: 14
