[2m2026-09-22T13:27:11.958524Z[0m [32m INFO[0m [2mharness::experiment[0m[2m:[0m experiment manifest written [3mmanifest[0m[2m=[0m/home/ayin/projs/ARCMiS/experiments/220926/runs/fft/ledger/openbmb_minicpm5-2b_q8_0/rep3/manifest.json
[2m2026-09-22T13:27:11.958554Z[0m [32m INFO[0m [2mharness[0m[2m:[0m migration run started [3mmodel[0m[2m=[0mopenbmb/minicpm5-2b:q8_0 [3mmax_turns[0m[2m=[0m14 [3mnum_ctx[0m[2m=[0m16384 [3moutput_dir[0m[2m=[0m/home/ayin/projs/ARCMiS/experiments/220926/runs/fft/ledger/openbmb_minicpm5-2b_q8_0/rep3/workspace
[2m2026-09-22T13:27:11.962985Z[0m [32m INFO[0m [2magents::util::sources[0m[2m:[0m collected input sources [3mroot[0m[2m=[0massets/fft/C [3mfiles[0m[2m=[0m4 [3mper_file_cap[0m[2m=[0m16384
[2m2026-09-22T13:27:11.963080Z[0m [32m INFO[0m [2mrig_agent::agent::prompt_request::streaming[0m[2m:[0m Current conversation Turns: 1/14
[2m2026-09-22T13:27:11.963085Z[0m [32m INFO[0m [2mharness::run_log[0m[2m:[0m model call [3mturn[0m[2m=[0m1
[2m2026-09-22T13:27:20.873636Z[0m [32m INFO[0m [1mexecute_tool[0m[1m{[0m[3mgen_ai.operation.name[0m[2m=[0m"execute_tool" [3mgen_ai.tool.type[0m[2m=[0m"function" [3mgen_ai.tool.name[0m[2m=[0m"ledger_worker" [3mgen_ai.tool.call.id[0m[2m=[0m"j7QmB6Lp0o1fTe3VSCNInSCKQlXh01sf"[1m}[0m[2m:[0m [2mharness::run_log[0m[2m:[0m tool call [3mturn[0m[2m=[0m1 [3mtool[0m[2m=[0m"ledger_worker" [3margs[0m[2m=[0m{"prompt":"You are translating a C FFT library to Rust. You own the entire output package: plan, tasks.json, notes.md, and all generated files.\n\n## Source Code Analysis\n\n### Makefile\n- Builds `li...
[2m2026-09-22T13:27:43.317835Z[0m [32m INFO[0m [2mrig_agent::agent::prompt_request::streaming[0m[2m:[0m Current conversation Turns: 2/14
[2m2026-09-22T13:27:43.317843Z[0m [32m INFO[0m [2mharness::run_log[0m[2m:[0m model call [3mturn[0m[2m=[0m2
[2m2026-09-22T13:27:47.524289Z[0m [32m INFO[0m [1mexecute_tool[0m[1m{[0m[3mgen_ai.operation.name[0m[2m=[0m"execute_tool" [3mgen_ai.tool.type[0m[2m=[0m"function" [3mgen_ai.tool.name[0m[2m=[0m"ledger_worker" [3mgen_ai.tool.call.id[0m[2m=[0m"3vz8QUidSvS5xo7QDVfLGbk0N4lLDTin"[1m}[0m[2m:[0m [2mharness::run_log[0m[2m:[0m tool call [3mturn[0m[2m=[0m2 [3mtool[0m[2m=[0m"ledger_worker" [3margs[0m[2m=[0m{"prompt":"You are translating a C FFT library to Rust. You own the entire output package: plan, tasks.json, notes.md, and all generated files.\n\n## Source Code Analysis\n\n### Makefile\n- Builds `li...
[2m2026-09-22T13:27:49.325887Z[0m [32m INFO[0m [2mrig_agent::agent::prompt_request::streaming[0m[2m:[0m Current conversation Turns: 3/14
[2m2026-09-22T13:27:49.325899Z[0m [32m INFO[0m [2mharness::run_log[0m[2m:[0m model call [3mturn[0m[2m=[0m3
[2m2026-09-22T13:27:53.550846Z[0m [32m INFO[0m [1mexecute_tool[0m[1m{[0m[3mgen_ai.operation.name[0m[2m=[0m"execute_tool" [3mgen_ai.tool.type[0m[2m=[0m"function" [3mgen_ai.tool.name[0m[2m=[0m"ledger_worker" [3mgen_ai.tool.call.id[0m[2m=[0m"jN7O1xbkle29E4kq8rBrqRNpe4AmELwZ"[1m}[0m[2m:[0m [2mharness::run_log[0m[2m:[0m tool call [3mturn[0m[2m=[0m3 [3mtool[0m[2m=[0m"ledger_worker" [3margs[0m[2m=[0m{"prompt":"You are translating a C FFT library to Rust. You own the entire output package: plan, tasks.json, notes.md, and all generated files.\n\n## Source Code Analysis\n\n### Makefile\n- Builds `li...
[2m2026-09-22T13:27:55.500035Z[0m [32m INFO[0m [2mrig_agent::agent::prompt_request::streaming[0m[2m:[0m Current conversation Turns: 4/14
[2m2026-09-22T13:27:55.500044Z[0m [32m INFO[0m [2mharness::run_log[0m[2m:[0m model call [3mturn[0m[2m=[0m4
[2m2026-09-22T13:27:59.794072Z[0m [32m INFO[0m [1mexecute_tool[0m[1m{[0m[3mgen_ai.operation.name[0m[2m=[0m"execute_tool" [3mgen_ai.tool.type[0m[2m=[0m"function" [3mgen_ai.tool.name[0m[2m=[0m"ledger_worker" [3mgen_ai.tool.call.id[0m[2m=[0m"sgpW9UYn8lMHHhUylBQiIhlH6pec1196"[1m}[0m[2m:[0m [2mharness::run_log[0m[2m:[0m tool call [3mturn[0m[2m=[0m4 [3mtool[0m[2m=[0m"ledger_worker" [3margs[0m[2m=[0m{"prompt":"You are translating a C FFT library to Rust. You own the entire output package: plan, tasks.json, notes.md, and all generated files.\n\n## Source Code Analysis\n\n### Makefile\n- Builds `li...
[2m2026-09-22T13:28:02.230938Z[0m [32m INFO[0m [2mrig_agent::agent::prompt_request::streaming[0m[2m:[0m Current conversation Turns: 5/14
[2m2026-09-22T13:28:02.230955Z[0m [32m INFO[0m [2mharness::run_log[0m[2m:[0m model call [3mturn[0m[2m=[0m5
[2m2026-09-22T13:28:06.610778Z[0m [32m INFO[0m [1mexecute_tool[0m[1m{[0m[3mgen_ai.operation.name[0m[2m=[0m"execute_tool" [3mgen_ai.tool.type[0m[2m=[0m"function" [3mgen_ai.tool.name[0m[2m=[0m"ledger_worker" [3mgen_ai.tool.call.id[0m[2m=[0m"yrmSUn70ZWZYERsHsz0ZkbW3JjjAZv3i"[1m}[0m[2m:[0m [2mharness::run_log[0m[2m:[0m tool call [3mturn[0m[2m=[0m5 [3mtool[0m[2m=[0m"ledger_worker" [3margs[0m[2m=[0m{"prompt":"You are translating a C FFT library to Rust. You own the entire output package: plan, tasks.json, notes.md, and all generated files.\n\n## Source Code Analysis\n\n### Makefile\n- Builds `li...
[2m2026-09-22T13:28:09.678477Z[0m [32m INFO[0m [2mrig_agent::agent::prompt_request::streaming[0m[2m:[0m Current conversation Turns: 6/14
[2m2026-09-22T13:28:09.678487Z[0m [32m INFO[0m [2mharness::run_log[0m[2m:[0m model call [3mturn[0m[2m=[0m6
[2m2026-09-22T13:28:14.201926Z[0m [32m INFO[0m [1mexecute_tool[0m[1m{[0m[3mgen_ai.operation.name[0m[2m=[0m"execute_tool" [3mgen_ai.tool.type[0m[2m=[0m"function" [3mgen_ai.tool.name[0m[2m=[0m"ledger_worker" [3mgen_ai.tool.call.id[0m[2m=[0m"l4yCC27fZzKXiLwqj5hsWwwTapHYw359"[1m}[0m[2m:[0m [2mharness::run_log[0m[2m:[0m tool call [3mturn[0m[2m=[0m6 [3mtool[0m[2m=[0m"ledger_worker" [3margs[0m[2m=[0m{"prompt":"You are translating a C FFT library to Rust. You own the entire output package: plan, tasks.json, notes.md, and all generated files.\n\n## Source Code Analysis\n\n### Makefile\n- Builds `li...
[2m2026-09-22T13:28:14.665415Z[0m [32m INFO[0m [2mrig_agent::agent::prompt_request::streaming[0m[2m:[0m Current conversation Turns: 7/14
[2m2026-09-22T13:28:14.665425Z[0m [32m INFO[0m [2mharness::run_log[0m[2m:[0m model call [3mturn[0m[2m=[0m7
[2m2026-09-22T13:28:19.206412Z[0m [32m INFO[0m [1mexecute_tool[0m[1m{[0m[3mgen_ai.operation.name[0m[2m=[0m"execute_tool" [3mgen_ai.tool.type[0m[2m=[0m"function" [3mgen_ai.tool.name[0m[2m=[0m"ledger_worker" [3mgen_ai.tool.call.id[0m[2m=[0m"uiIGusWS3GuMyQwl8cSN1sX44kzndEl3"[1m}[0m[2m:[0m [2mharness::run_log[0m[2m:[0m tool call [3mturn[0m[2m=[0m7 [3mtool[0m[2m=[0m"ledger_worker" [3margs[0m[2m=[0m{"prompt":"You are translating a C FFT library to Rust. You own the entire output package: plan, tasks.json, notes.md, and all generated files.\n\n## Source Code Analysis\n\n### Makefile\n- Builds `li...
[2m2026-09-22T13:28:23.479360Z[0m [32m INFO[0m [2mrig_agent::agent::prompt_request::streaming[0m[2m:[0m Current conversation Turns: 8/14
[2m2026-09-22T13:28:23.479370Z[0m [32m INFO[0m [2mharness::run_log[0m[2m:[0m model call [3mturn[0m[2m=[0m8
[2m2026-09-22T13:28:28.159180Z[0m [32m INFO[0m [1mexecute_tool[0m[1m{[0m[3mgen_ai.operation.name[0m[2m=[0m"execute_tool" [3mgen_ai.tool.type[0m[2m=[0m"function" [3mgen_ai.tool.name[0m[2m=[0m"ledger_worker" [3mgen_ai.tool.call.id[0m[2m=[0m"PEjwqyicBqeamoxZfVvlMfWwWzMRz5Ei"[1m}[0m[2m:[0m [2mharness::run_log[0m[2m:[0m tool call [3mturn[0m[2m=[0m8 [3mtool[0m[2m=[0m"ledger_worker" [3margs[0m[2m=[0m{"prompt":"You are translating a C FFT library to Rust. You own the entire output package: plan, tasks.json, notes.md, and all generated files.\n\n## Source Code Analysis\n\n### Makefile\n- Builds `li...
[2m2026-09-22T13:28:31.735902Z[0m [32m INFO[0m [2mrig_agent::agent::prompt_request::streaming[0m[2m:[0m Current conversation Turns: 9/14
[2m2026-09-22T13:28:31.735911Z[0m [32m INFO[0m [2mharness::run_log[0m[2m:[0m model call [3mturn[0m[2m=[0m9
[2m2026-09-22T13:28:36.466677Z[0m [32m INFO[0m [1mexecute_tool[0m[1m{[0m[3mgen_ai.operation.name[0m[2m=[0m"execute_tool" [3mgen_ai.tool.type[0m[2m=[0m"function" [3mgen_ai.tool.name[0m[2m=[0m"ledger_worker" [3mgen_ai.tool.call.id[0m[2m=[0m"ProJi6vyPINcdFlIeDpF8uLFOp8o7EiR"[1m}[0m[2m:[0m [2mharness::run_log[0m[2m:[0m tool call [3mturn[0m[2m=[0m9 [3mtool[0m[2m=[0m"ledger_worker" [3margs[0m[2m=[0m{"prompt":"You are translating a C FFT library to Rust. You own the entire output package: plan, tasks.json, notes.md, and all generated files.\n\n## Source Code Analysis\n\n### Makefile\n- Builds `li...
[2m2026-09-22T13:28:38.753786Z[0m [32m INFO[0m [2mrig_agent::agent::prompt_request::streaming[0m[2m:[0m Current conversation Turns: 10/14
[2m2026-09-22T13:28:38.753793Z[0m [32m INFO[0m [2mharness::run_log[0m[2m:[0m model call [3mturn[0m[2m=[0m10
[2m2026-09-22T13:28:43.588738Z[0m [32m INFO[0m [1mexecute_tool[0m[1m{[0m[3mgen_ai.operation.name[0m[2m=[0m"execute_tool" [3mgen_ai.tool.type[0m[2m=[0m"function" [3mgen_ai.tool.name[0m[2m=[0m"ledger_worker" [3mgen_ai.tool.call.id[0m[2m=[0m"yi40wGjSPAclIyIrTnynyNz9cogoGdfn"[1m}[0m[2m:[0m [2mharness::run_log[0m[2m:[0m tool call [3mturn[0m[2m=[0m10 [3mtool[0m[2m=[0m"ledger_worker" [3margs[0m[2m=[0m{"prompt":"You are translating a C FFT library to Rust. You own the entire output package: plan, tasks.json, notes.md, and all generated files.\n\n## Source Code Analysis\n\n### Makefile\n- Builds `li...
[2m2026-09-22T13:28:46.055574Z[0m [32m INFO[0m [2mrig_agent::agent::prompt_request::streaming[0m[2m:[0m Current conversation Turns: 11/14
[2m2026-09-22T13:28:46.055585Z[0m [32m INFO[0m [2mharness::run_log[0m[2m:[0m model call [3mturn[0m[2m=[0m11
[2m2026-09-22T13:28:50.972466Z[0m [32m INFO[0m [1mexecute_tool[0m[1m{[0m[3mgen_ai.operation.name[0m[2m=[0m"execute_tool" [3mgen_ai.tool.type[0m[2m=[0m"function" [3mgen_ai.tool.name[0m[2m=[0m"ledger_worker" [3mgen_ai.tool.call.id[0m[2m=[0m"iN4kOsIYUaLxUMntpesRCcBsafue3OFK"[1m}[0m[2m:[0m [2mharness::run_log[0m[2m:[0m tool call [3mturn[0m[2m=[0m11 [3mtool[0m[2m=[0m"ledger_worker" [3margs[0m[2m=[0m{"prompt":"You are translating a C FFT library to Rust. You own the entire output package: plan, tasks.json, notes.md, and all generated files.\n\n## Source Code Analysis\n\n### Makefile\n- Builds `li...
[2m2026-09-22T13:28:53.389744Z[0m [32m INFO[0m [2mrig_agent::agent::prompt_request::streaming[0m[2m:[0m Current conversation Turns: 12/14
[2m2026-09-22T13:28:53.389752Z[0m [32m INFO[0m [2mharness::run_log[0m[2m:[0m model call [3mturn[0m[2m=[0m12
[2m2026-09-22T13:28:58.421788Z[0m [32m INFO[0m [1mexecute_tool[0m[1m{[0m[3mgen_ai.operation.name[0m[2m=[0m"execute_tool" [3mgen_ai.tool.type[0m[2m=[0m"function" [3mgen_ai.tool.name[0m[2m=[0m"ledger_worker" [3mgen_ai.tool.call.id[0m[2m=[0m"fLQRjH7mQxLsJxxMGNoNd29D9ft8hfA4"[1m}[0m[2m:[0m [2mharness::run_log[0m[2m:[0m tool call [3mturn[0m[2m=[0m12 [3mtool[0m[2m=[0m"ledger_worker" [3margs[0m[2m=[0m{"prompt":"You are translating a C FFT library to Rust. You own the entire output package: plan, tasks.json, notes.md, and all generated files.\n\n## Source Code Analysis\n\n### Makefile\n- Builds `li...
[2m2026-09-22T13:28:58.844180Z[0m [32m INFO[0m [2mrig_agent::agent::prompt_request::streaming[0m[2m:[0m Current conversation Turns: 13/14
[2m2026-09-22T13:28:58.844188Z[0m [32m INFO[0m [2mharness::run_log[0m[2m:[0m model call [3mturn[0m[2m=[0m13
[2m2026-09-22T13:29:03.946658Z[0m [32m INFO[0m [1mexecute_tool[0m[1m{[0m[3mgen_ai.operation.name[0m[2m=[0m"execute_tool" [3mgen_ai.tool.type[0m[2m=[0m"function" [3mgen_ai.tool.name[0m[2m=[0m"ledger_worker" [3mgen_ai.tool.call.id[0m[2m=[0m"mUoiawFjeSXDKsQo7cfMunS54BphuTRx"[1m}[0m[2m:[0m [2mharness::run_log[0m[2m:[0m tool call [3mturn[0m[2m=[0m13 [3mtool[0m[2m=[0m"ledger_worker" [3margs[0m[2m=[0m{"prompt":"You are translating a C FFT library to Rust. You own the entire output package: plan, tasks.json, notes.md, and all generated files.\n\n## Source Code Analysis\n\n### Makefile\n- Builds `li...
[2m2026-09-22T13:29:04.395790Z[0m [32m INFO[0m [2mrig_agent::agent::prompt_request::streaming[0m[2m:[0m Current conversation Turns: 14/14
[2m2026-09-22T13:29:04.395798Z[0m [32m INFO[0m [2mharness::run_log[0m[2m:[0m model call [3mturn[0m[2m=[0m14
[2m2026-09-22T13:29:09.551337Z[0m [32m INFO[0m [1mexecute_tool[0m[1m{[0m[3mgen_ai.operation.name[0m[2m=[0m"execute_tool" [3mgen_ai.tool.type[0m[2m=[0m"function" [3mgen_ai.tool.name[0m[2m=[0m"ledger_worker" [3mgen_ai.tool.call.id[0m[2m=[0m"urkBDV5Edwk477Myr5Tza8rWiJplwjVG"[1m}[0m[2m:[0m [2mharness::run_log[0m[2m:[0m tool call [3mturn[0m[2m=[0m14 [3mtool[0m[2m=[0m"ledger_worker" [3margs[0m[2m=[0m{"prompt":"You are translating a C FFT library to Rust. You own the entire output package: plan, tasks.json, notes.md, and all generated files.\n\n## Source Code Analysis\n\n### Makefile\n- Builds `li...
[2m2026-09-22T13:29:12.230548Z[0m [32m INFO[0m [2mharness::offload[0m[2m:[0m offloading model [3mmodel[0m[2m=[0mopenbmb/minicpm5-2b:q8_0
[2m2026-09-22T13:29:12.339166Z[0m [31mERROR[0m [2mharness[0m[2m:[0m harness run failed [3merror[0m[2m=[0mMaxTurnsError: reached max turns limit: 14
