[2m2026-09-22T13:19:17.583782Z[0m [32m INFO[0m [2mharness::experiment[0m[2m:[0m experiment manifest written [3mmanifest[0m[2m=[0m/home/ayin/projs/ARCMiS/experiments/220926/runs/fft/monolith/openbmb_minicpm5-2b_q8_0/rep2/manifest.json
[2m2026-09-22T13:19:17.583799Z[0m [32m INFO[0m [2mharness[0m[2m:[0m migration run started [3mmodel[0m[2m=[0mopenbmb/minicpm5-2b:q8_0 [3mmax_turns[0m[2m=[0m14 [3mnum_ctx[0m[2m=[0m16384 [3moutput_dir[0m[2m=[0m/home/ayin/projs/ARCMiS/experiments/220926/runs/fft/monolith/openbmb_minicpm5-2b_q8_0/rep2/workspace
[2m2026-09-22T13:19:17.588647Z[0m [32m INFO[0m [2magents::util::sources[0m[2m:[0m collected input sources [3mroot[0m[2m=[0massets/fft/C [3mfiles[0m[2m=[0m4 [3mper_file_cap[0m[2m=[0m16384
[2m2026-09-22T13:19:17.588725Z[0m [32m INFO[0m [2mrig_agent::agent::prompt_request::streaming[0m[2m:[0m Current conversation Turns: 1/14
[2m2026-09-22T13:19:17.588729Z[0m [32m INFO[0m [2mharness::run_log[0m[2m:[0m model call [3mturn[0m[2m=[0m1
[2m2026-09-22T13:19:20.843292Z[0m [32m INFO[0m [1mexecute_tool[0m[1m{[0m[3mgen_ai.operation.name[0m[2m=[0m"execute_tool" [3mgen_ai.tool.type[0m[2m=[0m"function" [3mgen_ai.tool.name[0m[2m=[0m"write" [3mgen_ai.tool.call.id[0m[2m=[0m"PgvlMPJpf2WEKVWM8dCrzh6E4DEwy6Oq"[1m}[0m[2m:[0m [2mharness::run_log[0m[2m:[0m tool call [3mturn[0m[2m=[0m1 [3mtool[0m[2m=[0m"write" [3margs[0m[2m=[0m{"content":"[package]\nname = \"fft\"\nversion = \"0.1.0\"\nedition = \"2021\"\n\n[dependencies]\n\n[profile.release]\nopt-level = 3\n","path":"Cargo.toml"}
[2m2026-09-22T13:19:20.843649Z[0m [32m INFO[0m [2mrig_agent::agent::prompt_request::streaming[0m[2m:[0m Current conversation Turns: 2/14
[2m2026-09-22T13:19:20.843653Z[0m [32m INFO[0m [2mharness::run_log[0m[2m:[0m model call [3mturn[0m[2m=[0m2
[2m2026-09-22T13:19:27.224081Z[0m [32m INFO[0m [1mexecute_tool[0m[1m{[0m[3mgen_ai.operation.name[0m[2m=[0m"execute_tool" [3mgen_ai.tool.type[0m[2m=[0m"function" [3mgen_ai.tool.name[0m[2m=[0m"write" [3mgen_ai.tool.call.id[0m[2m=[0m"4n7OkY8n6fXg2dsz5isKiexj7U03VkVq"[1m}[0m[2m:[0m [2mharness::run_log[0m[2m:[0m tool call [3mturn[0m[2m=[0m2 [3mtool[0m[2m=[0m"write" [3margs[0m[2m=[0m{"content":"#![allow(unused)]\n\nuse std::fmt;\n\n/// Represents a complex number with float real and imaginary parts.\n#[derive(Debug, Clone, Copy)]\npub struct FftComplex {\n    pub real: f32,\n    ...
[2m2026-09-22T13:19:27.224447Z[0m [32m INFO[0m [2mrig_agent::agent::prompt_request::streaming[0m[2m:[0m Current conversation Turns: 3/14
[2m2026-09-22T13:19:27.224452Z[0m [32m INFO[0m [2mharness::run_log[0m[2m:[0m model call [3mturn[0m[2m=[0m3
[2m2026-09-22T13:19:33.841538Z[0m [32m INFO[0m [1mexecute_tool[0m[1m{[0m[3mgen_ai.operation.name[0m[2m=[0m"execute_tool" [3mgen_ai.tool.type[0m[2m=[0m"function" [3mgen_ai.tool.name[0m[2m=[0m"write" [3mgen_ai.tool.call.id[0m[2m=[0m"P3d2C7QBaeFTOxTzxbmJ5gDyPvmLDNB8"[1m}[0m[2m:[0m [2mharness::run_log[0m[2m:[0m tool call [3mturn[0m[2m=[0m3 [3mtool[0m[2m=[0m"write" [3margs[0m[2m=[0m{"content":"#![allow(unused)]\n\nuse std::fmt;\n\n/// Represents a complex number with float real and imaginary parts.\n#[derive(Debug, Clone, Copy)]\npub struct FftComplex {\n    pub real: f32,\n    ...
[2m2026-09-22T13:19:33.841770Z[0m [32m INFO[0m [2mrig_agent::agent::prompt_request::streaming[0m[2m:[0m Current conversation Turns: 4/14
[2m2026-09-22T13:19:33.841773Z[0m [32m INFO[0m [2mharness::run_log[0m[2m:[0m model call [3mturn[0m[2m=[0m4
[2m2026-09-22T13:19:40.655836Z[0m [32m INFO[0m [1mexecute_tool[0m[1m{[0m[3mgen_ai.operation.name[0m[2m=[0m"execute_tool" [3mgen_ai.tool.type[0m[2m=[0m"function" [3mgen_ai.tool.name[0m[2m=[0m"write" [3mgen_ai.tool.call.id[0m[2m=[0m"bAxmO1WJrgxFDQLrkXRpK0GaJ1Pvq7dd"[1m}[0m[2m:[0m [2mharness::run_log[0m[2m:[0m tool call [3mturn[0m[2m=[0m4 [3mtool[0m[2m=[0m"write" [3margs[0m[2m=[0m{"content":"#![allow(unused)]\n\nuse std::fmt;\n\n/// Represents a complex number with float real and imaginary parts.\n#[derive(Debug, Clone, Copy)]\npub struct FftComplex {\n    pub real: f32,\n    ...
[2m2026-09-22T13:19:40.656239Z[0m [32m INFO[0m [2mrig_agent::agent::prompt_request::streaming[0m[2m:[0m Current conversation Turns: 5/14
[2m2026-09-22T13:19:40.656245Z[0m [32m INFO[0m [2mharness::run_log[0m[2m:[0m model call [3mturn[0m[2m=[0m5
[2m2026-09-22T13:19:47.662148Z[0m [32m INFO[0m [1mexecute_tool[0m[1m{[0m[3mgen_ai.operation.name[0m[2m=[0m"execute_tool" [3mgen_ai.tool.type[0m[2m=[0m"function" [3mgen_ai.tool.name[0m[2m=[0m"write" [3mgen_ai.tool.call.id[0m[2m=[0m"TwKoZ1PhRA290tRPskLRNbdw968AiP8u"[1m}[0m[2m:[0m [2mharness::run_log[0m[2m:[0m tool call [3mturn[0m[2m=[0m5 [3mtool[0m[2m=[0m"write" [3margs[0m[2m=[0m{"content":"#![allow(unused)]\n\nuse std::fmt;\n\n/// Represents a complex number with float real and imaginary parts.\n#[derive(Debug, Clone, Copy)]\npub struct FftComplex {\n    pub real: f32,\n    ...
[2m2026-09-22T13:19:47.662371Z[0m [32m INFO[0m [2mrig_agent::agent::prompt_request::streaming[0m[2m:[0m Current conversation Turns: 6/14
[2m2026-09-22T13:19:47.662374Z[0m [32m INFO[0m [2mharness::run_log[0m[2m:[0m model call [3mturn[0m[2m=[0m6
[2m2026-09-22T13:19:54.904216Z[0m [32m INFO[0m [1mexecute_tool[0m[1m{[0m[3mgen_ai.operation.name[0m[2m=[0m"execute_tool" [3mgen_ai.tool.type[0m[2m=[0m"function" [3mgen_ai.tool.name[0m[2m=[0m"write" [3mgen_ai.tool.call.id[0m[2m=[0m"31MA717rbufdLhv97LYlKAQSSwss7hJk"[1m}[0m[2m:[0m [2mharness::run_log[0m[2m:[0m tool call [3mturn[0m[2m=[0m6 [3mtool[0m[2m=[0m"write" [3margs[0m[2m=[0m{"content":"#![allow(unused)]\n\nuse std::fmt;\n\n/// Represents a complex number with float real and imaginary parts.\n#[derive(Debug, Clone, Copy)]\npub struct FftComplex {\n    pub real: f32,\n    ...
[2m2026-09-22T13:19:54.904566Z[0m [32m INFO[0m [2mrig_agent::agent::prompt_request::streaming[0m[2m:[0m Current conversation Turns: 7/14
[2m2026-09-22T13:19:54.904570Z[0m [32m INFO[0m [2mharness::run_log[0m[2m:[0m model call [3mturn[0m[2m=[0m7
[2m2026-09-22T13:20:02.387540Z[0m [32m INFO[0m [1mexecute_tool[0m[1m{[0m[3mgen_ai.operation.name[0m[2m=[0m"execute_tool" [3mgen_ai.tool.type[0m[2m=[0m"function" [3mgen_ai.tool.name[0m[2m=[0m"write" [3mgen_ai.tool.call.id[0m[2m=[0m"4pibs3Eqpd6ci7j1UkmhpIx4i9QBlO7v"[1m}[0m[2m:[0m [2mharness::run_log[0m[2m:[0m tool call [3mturn[0m[2m=[0m7 [3mtool[0m[2m=[0m"write" [3margs[0m[2m=[0m{"content":"#![allow(unused)]\n\nuse std::fmt;\n\n/// Represents a complex number with float real and imaginary parts.\n#[derive(Debug, Clone, Copy)]\npub struct FftComplex {\n    pub real: f32,\n    ...
[2m2026-09-22T13:20:02.387808Z[0m [32m INFO[0m [2mrig_agent::agent::prompt_request::streaming[0m[2m:[0m Current conversation Turns: 8/14
[2m2026-09-22T13:20:02.387812Z[0m [32m INFO[0m [2mharness::run_log[0m[2m:[0m model call [3mturn[0m[2m=[0m8
[2m2026-09-22T13:20:10.083127Z[0m [32m INFO[0m [1mexecute_tool[0m[1m{[0m[3mgen_ai.operation.name[0m[2m=[0m"execute_tool" [3mgen_ai.tool.type[0m[2m=[0m"function" [3mgen_ai.tool.name[0m[2m=[0m"write" [3mgen_ai.tool.call.id[0m[2m=[0m"VGZ7dPPPFp75KlpDHiucVPo3vq6yxnOD"[1m}[0m[2m:[0m [2mharness::run_log[0m[2m:[0m tool call [3mturn[0m[2m=[0m8 [3mtool[0m[2m=[0m"write" [3margs[0m[2m=[0m{"content":"#![allow(unused)]\n\nuse std::fmt;\n\n/// Represents a complex number with float real and imaginary parts.\n#[derive(Debug, Clone, Copy)]\npub struct FftComplex {\n    pub real: f32,\n    ...
[2m2026-09-22T13:20:10.083522Z[0m [32m INFO[0m [2mrig_agent::agent::prompt_request::streaming[0m[2m:[0m Current conversation Turns: 9/14
[2m2026-09-22T13:20:10.083527Z[0m [32m INFO[0m [2mharness::run_log[0m[2m:[0m model call [3mturn[0m[2m=[0m9
[2m2026-09-22T13:20:17.964972Z[0m [32m INFO[0m [1mexecute_tool[0m[1m{[0m[3mgen_ai.operation.name[0m[2m=[0m"execute_tool" [3mgen_ai.tool.type[0m[2m=[0m"function" [3mgen_ai.tool.name[0m[2m=[0m"write" [3mgen_ai.tool.call.id[0m[2m=[0m"Yad1WrYk73athS9avHdfkdu5ofyKOV0u"[1m}[0m[2m:[0m [2mharness::run_log[0m[2m:[0m tool call [3mturn[0m[2m=[0m9 [3mtool[0m[2m=[0m"write" [3margs[0m[2m=[0m{"content":"#![allow(unused)]\n\nuse std::fmt;\n\n/// Represents a complex number with float real and imaginary parts.\n#[derive(Debug, Clone, Copy)]\npub struct FftComplex {\n    pub real: f32,\n    ...
[2m2026-09-22T13:20:17.965455Z[0m [32m INFO[0m [2mrig_agent::agent::prompt_request::streaming[0m[2m:[0m Current conversation Turns: 10/14
[2m2026-09-22T13:20:17.965468Z[0m [32m INFO[0m [2mharness::run_log[0m[2m:[0m model call [3mturn[0m[2m=[0m10
[2m2026-09-22T13:20:26.072890Z[0m [32m INFO[0m [1mexecute_tool[0m[1m{[0m[3mgen_ai.operation.name[0m[2m=[0m"execute_tool" [3mgen_ai.tool.type[0m[2m=[0m"function" [3mgen_ai.tool.name[0m[2m=[0m"write" [3mgen_ai.tool.call.id[0m[2m=[0m"78IFle9MZa5goUTDHN7pPKKnlGZqTI52"[1m}[0m[2m:[0m [2mharness::run_log[0m[2m:[0m tool call [3mturn[0m[2m=[0m10 [3mtool[0m[2m=[0m"write" [3margs[0m[2m=[0m{"content":"#![allow(unused)]\n\nuse std::fmt;\n\n/// Represents a complex number with float real and imaginary parts.\n#[derive(Debug, Clone, Copy)]\npub struct FftComplex {\n    pub real: f32,\n    ...
[2m2026-09-22T13:20:26.073310Z[0m [32m INFO[0m [2mrig_agent::agent::prompt_request::streaming[0m[2m:[0m Current conversation Turns: 11/14
[2m2026-09-22T13:20:26.073317Z[0m [32m INFO[0m [2mharness::run_log[0m[2m:[0m model call [3mturn[0m[2m=[0m11
[2m2026-09-22T13:20:34.347728Z[0m [32m INFO[0m [1mexecute_tool[0m[1m{[0m[3mgen_ai.operation.name[0m[2m=[0m"execute_tool" [3mgen_ai.tool.type[0m[2m=[0m"function" [3mgen_ai.tool.name[0m[2m=[0m"write" [3mgen_ai.tool.call.id[0m[2m=[0m"MuJ87To2QzIOwfmyUI5vOU4kWyXCzZsX"[1m}[0m[2m:[0m [2mharness::run_log[0m[2m:[0m tool call [3mturn[0m[2m=[0m11 [3mtool[0m[2m=[0m"write" [3margs[0m[2m=[0m{"content":"#![allow(unused)]\n\nuse std::fmt;\n\n/// Represents a complex number with float real and imaginary parts.\n#[derive(Debug, Clone, Copy)]\npub struct FftComplex {\n    pub real: f32,\n    ...
[2m2026-09-22T13:20:34.348108Z[0m [32m INFO[0m [2mrig_agent::agent::prompt_request::streaming[0m[2m:[0m Current conversation Turns: 12/14
[2m2026-09-22T13:20:34.348115Z[0m [32m INFO[0m [2mharness::run_log[0m[2m:[0m model call [3mturn[0m[2m=[0m12
[2m2026-09-22T13:20:42.887080Z[0m [32m INFO[0m [1mexecute_tool[0m[1m{[0m[3mgen_ai.operation.name[0m[2m=[0m"execute_tool" [3mgen_ai.tool.type[0m[2m=[0m"function" [3mgen_ai.tool.name[0m[2m=[0m"write" [3mgen_ai.tool.call.id[0m[2m=[0m"5k9zpEtQoyH7OaOjivgsLotdmAsnhgzL"[1m}[0m[2m:[0m [2mharness::run_log[0m[2m:[0m tool call [3mturn[0m[2m=[0m12 [3mtool[0m[2m=[0m"write" [3margs[0m[2m=[0m{"content":"#![allow(unused)]\n\nuse std::fmt;\n\n/// Represents a complex number with float real and imaginary parts.\n#[derive(Debug, Clone, Copy)]\npub struct FftComplex {\n    pub real: f32,\n    ...
[2m2026-09-22T13:20:42.887376Z[0m [32m INFO[0m [2mrig_agent::agent::prompt_request::streaming[0m[2m:[0m Current conversation Turns: 13/14
[2m2026-09-22T13:20:42.887382Z[0m [32m INFO[0m [2mharness::run_log[0m[2m:[0m model call [3mturn[0m[2m=[0m13
[2m2026-09-22T13:20:52.661457Z[0m [32m INFO[0m [1mexecute_tool[0m[1m{[0m[3mgen_ai.operation.name[0m[2m=[0m"execute_tool" [3mgen_ai.tool.type[0m[2m=[0m"function" [3mgen_ai.tool.name[0m[2m=[0m"write" [3mgen_ai.tool.call.id[0m[2m=[0m"sLA1YIge9n266NQohSY9tGBO4pD11eYW"[1m}[0m[2m:[0m [2mharness::run_log[0m[2m:[0m tool call [3mturn[0m[2m=[0m13 [3mtool[0m[2m=[0m"write" [3margs[0m[2m=[0m{"content":"#![allow(unused)]\n\nuse std::fmt;\n\n/// Represents a complex number with float real and imaginary parts.\n#[derive(Debug, Clone, Copy)]\npub struct FftComplex {\n    pub real: f32,\n    ...
[2m2026-09-22T13:20:52.661804Z[0m [32m INFO[0m [2mrig_agent::agent::prompt_request::streaming[0m[2m:[0m Current conversation Turns: 14/14
[2m2026-09-22T13:20:52.661812Z[0m [32m INFO[0m [2mharness::run_log[0m[2m:[0m model call [3mturn[0m[2m=[0m14
[2m2026-09-22T13:21:01.222013Z[0m [32m INFO[0m [1mexecute_tool[0m[1m{[0m[3mgen_ai.operation.name[0m[2m=[0m"execute_tool" [3mgen_ai.tool.type[0m[2m=[0m"function" [3mgen_ai.tool.name[0m[2m=[0m"write" [3mgen_ai.tool.call.id[0m[2m=[0m"e5BaWONWjtgNHVDCvWUHv4bjD4e1U8xw"[1m}[0m[2m:[0m [2mharness::run_log[0m[2m:[0m tool call [3mturn[0m[2m=[0m14 [3mtool[0m[2m=[0m"write" [3margs[0m[2m=[0m{"content":"#![allow(unused)]\n\nuse std::fmt;\n\n/// Represents a complex number with float real and imaginary parts.\n#[derive(Debug, Clone, Copy)]\npub struct FftComplex {\n    pub real: f32,\n    ...
[2m2026-09-22T13:21:01.223838Z[0m [32m INFO[0m [2mharness::offload[0m[2m:[0m offloading model [3mmodel[0m[2m=[0mopenbmb/minicpm5-2b:q8_0
[2m2026-09-22T13:21:01.330098Z[0m [31mERROR[0m [2mharness[0m[2m:[0m harness run failed [3merror[0m[2m=[0mMaxTurnsError: reached max turns limit: 14
